
> gms-be@0.0.1 build
> nest build

node.exe : 
[91merror[0m[90m 
TS5102: [0mOption 'sup
pressImplicitAnyIndexEr
rors' has been 
removed. Please remove 
it from your 
configuration.
At line:1 char:1
+ & "C:\Program 
Files\nodejs/node.exe" 
"C:\Program 
Files\nodejs/node_mo 
...
+ ~~~~~~~~~~~~~~~~~~~~~
~~~~~~~~~~~~~~~~~~~~~~~
~~~~~~~~~~~~~~~~~~~~~~~
~~
    + CategoryInfo     
         : NotSpecifi  
  ed: ([91merror[0   
 m... configuratio    
n.:String) [], Rem    
oteException
    + FullyQualifiedEr 
   rorId : NativeComm  
  andError
 
[96msrc/attendance/att
endance.service.ts[0m:
[93m59[0m:[93m42[0m
 - [91merror[0m[90m 
TS2551: [0mProperty 
'location' does not 
exist on type 
'PrismaService'. Did 
you mean 'locations'?

[7m59[0m       const 
location = await this.p
risma.location.findFirs
t({
[7m  [0m [91m       
                       
           ~~~~~~~~[0m

  [96mnode_modules/.pr
isma/client/index.d.ts
[0m:[93m1185[0m:[93m
7[0m
    [7m1185[0m   get 
locations(): Prisma.loc
ationsDelegate<ExtArgs,
 ClientOptions>;
    [7m    [0m [96m 
     ~~~~~~~~~[0m
    'locations' is 
declared here.
[96msrc/attendance/att
endance.service.ts[0m:
[93m124[0m:[93m9[0m
 - [91merror[0m[90m 
TS2322: [0mType '{ 
guardId: string; 
locationId: string; 
shiftId: string; type: 
AttendanceEnum; date: 
Date; overtime: false; 
}' is not assignable 
to type '(Without<Guard
sAttendanceCreateInput,
 GuardsAttendanceUnchec
kedCreateInput> & Guard
sAttendanceUncheckedCre
ateInput) | 
(Without<...> & GuardsA
ttendanceCreateInput)'.
  Type '{ guardId: 
string; locationId: 
string; shiftId: 
string; type: 
AttendanceEnum; date: 
Date; overtime: false; 
}' is not assignable 
to type 'Without<Guards
AttendanceUncheckedCrea
teInput, GuardsAttendan
ceCreateInput> & Guards
AttendanceCreateInput'.
    Type '{ guardId: 
string; locationId: 
string; shiftId: 
string; type: 
AttendanceEnum; date: 
Date; overtime: false; 
}' is not assignable 
to type 'Without<Guards
AttendanceUncheckedCrea
teInput, GuardsAttendan
ceCreateInput>'.
      Types of 
property 'locationId' 
are incompatible.
        Type 'string' 
is not assignable to 
type 'never'.

[7m124[0m         
data: {
[7m   [0m [91m      
  ~~~~[0m

  [96mnode_modules/.pr
isma/client/index.d.ts
[0m:[93m36242[0m:[93
m5[0m
    [7m36242[0m     
data: XOR<GuardsAttenda
nceCreateInput, GuardsA
ttendanceUncheckedCreat
eInput>
    [7m     [0m 
[96m    ~~~~[0m
    The expected type 
comes from property 
'data' which is 
declared here on type 
'{ select?: GuardsAtten
danceSelect<DefaultArgs
>; omit?: GuardsAttenda
nceOmit<DefaultArgs>; 
include?: GuardsAttenda
nceInclude<DefaultArgs>
; data: (Without<...> 
& GuardsAttendanceUnche
ckedCreateInput) | 
(Without<...> & GuardsA
ttendanceCreateInput); 
}'
[96msrc/attendance/att
endance.service.ts[0m:
[93m481[0m:[93m33[0
m - 
[91merror[0m[90m 
TS2551: [0mProperty 
'guardsAttendance' 
does not exist on type 
'{ id: string; 
GuardsAttendance: { 
id: string; type: 
AttendanceType; 
shiftId: string; date: 
Date; overtime: 
boolean; }[]; 
organizationId: 
string; officeId: 
string; serviceNumber: 
number; fullName: 
string; fatherName: 
string; AssignedGuard: 
{ ...; }[]; }'. Did 
you mean 
'GuardsAttendance'?

[7m481[0m         
for (const att of guard
.guardsAttendance) {
[7m   [0m [91m      
                       
   ~~~~~~~~~~~~~~~~[0m
[96msrc/attendance/att
endance.service.ts[0m:
[93m499[0m:[93m32[0
m - 
[91merror[0m[90m 
TS2551: [0mProperty 
'assignedGuard' does 
not exist on type '{ 
id: string; 
GuardsAttendance: { 
id: string; type: 
AttendanceType; 
shiftId: string; date: 
Date; overtime: 
boolean; }[]; 
organizationId: 
string; officeId: 
string; serviceNumber: 
number; fullName: 
string; fatherName: 
string; AssignedGuard: 
{ ...; }[]; }'. Did 
you mean 
'AssignedGuard'?

[7m499[0m           
assignedGuard: 
guard.assignedGuard,
[7m   [0m [91m      
                       
  ~~~~~~~~~~~~~[0m
[96msrc/attendance/att
endance.service.ts[0m:
[93m506[0m:[93m34[0
m - 
[91merror[0m[90m 
TS2551: [0mProperty 
'guardsAttendance' 
does not exist on type 
'{ id: string; 
GuardsAttendance: { 
id: string; type: 
AttendanceType; 
shiftId: string; date: 
Date; overtime: 
boolean; }[]; 
organizationId: 
string; officeId: 
string; serviceNumber: 
number; fullName: 
string; fatherName: 
string; AssignedGuard: 
{ ...; }[]; }'. Did 
you mean 
'GuardsAttendance'?

[7m506[0m           
guardAttendance: 
guard.guardsAttendance,
[7m   [0m [91m      
                       
    
~~~~~~~~~~~~~~~~[0m
[96msrc/auth/auth.serv
ice.ts[0m:[93m44[0m:
[93m9[0m - 
[91merror[0m[90m 
TS2561: [0mObject 
literal may only 
specify known 
properties, but 
'userOffice' does not 
exist in type 'UserIncl
ude<DefaultArgs>'. Did 
you mean to write 
'UserOffice'?

[7m44[0m         
userOffice: {
[7m  [0m [91m       
 ~~~~~~~~~~[0m

  [96mnode_modules/.pr
isma/client/index.d.ts
[0m:[93m69432[0m:[93
m5[0m
    [7m69432[0m     
include?: 
UserInclude<ExtArgs> | 
null
    [7m     [0m 
[96m    ~~~~~~~[0m
    The expected type 
comes from property 
'include' which is 
declared here on type 
'{ select?: UserSelect<
DefaultArgs>; omit?: 
UserOmit<DefaultArgs>; 
include?: UserInclude<D
efaultArgs>; where: 
UserWhereUniqueInput; 
}'
[96msrc/auth/auth.serv
ice.ts[0m:[93m66[0m:
[93m23[0m - 
[91merror[0m[90m 
TS2339: [0mProperty 
'client' does not 
exist on type '{ id: 
string; email: string; 
createdAt: Date; 
updatedAt: Date; 
isActive: boolean; 
password: string; 
userName: string; 
profileImage: string; 
}'.

[7m66[0m       
client: rawUser.client 
? {
[7m  [0m [91m       
               
~~~~~~[0m
[96msrc/auth/auth.serv
ice.ts[0m:[93m67[0m:
[93m20[0m - 
[91merror[0m[90m 
TS2339: [0mProperty 
'client' does not 
exist on type '{ id: 
string; email: string; 
createdAt: Date; 
updatedAt: Date; 
isActive: boolean; 
password: string; 
userName: string; 
profileImage: string; 
}'.

[7m67[0m         
...rawUser.client,
[7m  [0m [91m       
            ~~~~~~[0m
[96msrc/auth/auth.serv
ice.ts[0m:[93m68[0m:
[93m40[0m - 
[91merror[0m[90m 
TS2339: [0mProperty 
'client' does not 
exist on type '{ id: 
string; email: string; 
createdAt: Date; 
updatedAt: Date; 
isActive: boolean; 
password: string; 
userName: string; 
profileImage: string; 
}'.

[7m68[0m         
contractNumber: BigInt(
rawUser.client.contract
Number)
[7m  [0m [91m       
                       
         ~~~~~~[0m
[96msrc/auth/auth.serv
ice.ts[0m:[93m72[0m:
[93m31[0m - 
[91merror[0m[90m 
TS2339: [0mProperty 
'UserRole' does not 
exist on type '{ 
client: any; id: 
string; email: string; 
createdAt: Date; 
updatedAt: Date; 
isActive: boolean; 
password: string; 
userName: string; 
profileImage: string; 
}'.

[7m72[0m     const 
roleName = fullUser.Use
rRole[0].role.roleName;
[7m  [0m [91m       
                       
~~~~~~~~[0m
[96msrc/auth/auth.serv
ice.ts[0m:[93m74[0m:
[93m16[0m - 
[91merror[0m[90m 
TS2339: [0mProperty 
'userOffice' does not 
exist on type '{ 
client: any; id: 
string; email: string; 
createdAt: Date; 
updatedAt: Date; 
isActive: boolean; 
password: string; 
userName: string; 
profileImage: string; 
}'.

[7m74[0m       fullUs
er.userOffice.length > 
0
[7m  [0m [91m       
        ~~~~~~~~~~[0m
[96msrc/auth/auth.serv
ice.ts[0m:[93m75[0m:
[93m20[0m - 
[91merror[0m[90m 
TS2339: [0mProperty 
'userOffice' does not 
exist on type '{ 
client: any; id: 
string; email: string; 
createdAt: Date; 
updatedAt: Date; 
isActive: boolean; 
password: string; 
userName: string; 
profileImage: string; 
}'.

[7m75[0m         ? fu
llUser.userOffice[0].or
ganizationId
[7m  [0m [91m       
            
~~~~~~~~~~[0m
[96msrc/auth/auth.serv
ice.ts[0m:[93m83[0m:
[93m26[0m - 
[91merror[0m[90m 
TS2339: [0mProperty 
'userOffice' does not 
exist on type '{ 
client: any; id: 
string; email: string; 
createdAt: Date; 
updatedAt: Date; 
isActive: boolean; 
password: string; 
userName: string; 
profileImage: string; 
}'.

[7m83[0m       
officeId: fullUser.user
Office?.[0]?.officeId,
[7m  [0m [91m       
                  
~~~~~~~~~~[0m
[96msrc/auth/auth.serv
ice.ts[0m:[93m88[0m:
[93m33[0m - 
[91merror[0m[90m 
TS2339: [0mProperty 
'userOffice' does not 
exist on type '{ 
client: any; id: 
string; email: string; 
createdAt: Date; 
updatedAt: Date; 
isActive: boolean; 
password: string; 
userName: string; 
profileImage: string; 
}'.

[7m88[0m     const 
officeData = fullUser.u
serOffice?.[0]?.office 
|| null;
[7m  [0m [91m       
                       
  ~~~~~~~~~~[0m
[96msrc/auth/auth.serv
ice.ts[0m:[93m107[0m
:[93m9[0m - 
[91merror[0m[90m 
TS2322: [0mType '{ 
readonly UserRole: { 
readonly include: { 
readonly role: true; 
}; }; readonly 
employee: { readonly 
include: { readonly 
supervisorFor: { 
readonly include: { 
readonly client: true; 
readonly location: { 
readonly include: { 
readonly 
AssignedGuard: { 
readonly where: { 
readonly 
deploymentTill: any; 
}; readonly include: 
{...' is not 
assignable to type 'Use
rInclude<DefaultArgs>'.
  Types of property 
'UserRole' are 
incompatible.
    Type '{ readonly 
include: { readonly 
role: true; }; }' is 
not assignable to type 
'boolean | User$UserRol
eArgs<DefaultArgs>'.
      Type '{ readonly 
include: { readonly 
role: true; }; }' is 
not assignable to type 
'User$UserRoleArgs<Defa
ultArgs>'.
        Types of 
property 'include' are 
incompatible.
          Type '{ 
readonly role: true; 
}' has no properties 
in common with type 'Us
erRoleInclude<DefaultAr
gs>'.

[7m107[0m         
include: 
fullUserInclude,
[7m   [0m [91m      
  ~~~~~~~[0m

  [96mnode_modules/.pr
isma/client/index.d.ts
[0m:[93m69432[0m:[93
m5[0m
    [7m69432[0m     
include?: 
UserInclude<ExtArgs> | 
null
    [7m     [0m 
[96m    ~~~~~~~[0m
    The expected type 
comes from property 
'include' which is 
declared here on type 
'{ select?: UserSelect<
DefaultArgs>; omit?: 
UserOmit<DefaultArgs>; 
include?: UserInclude<D
efaultArgs>; where: 
UserWhereUniqueInput; 
}'
[96msrc/auth/auth.serv
ice.ts[0m:[93m113[0m
:[93m13[0m - 
[91merror[0m[90m 
TS2739: [0mType '{ 
client: any; id: 
string; email: string; 
createdAt: Date; 
updatedAt: Date; 
isActive: boolean; 
password: string; 
userName: string; 
profileImage: string; 
}' is missing the 
following properties 
from type 
'FullUserType': 
userRoles, employee, 
organizations, 
userOffice

[7m113[0m       
const user: 
FullUserType = {
[7m   [0m [91m      
      ~~~~[0m
[96msrc/auth/auth.serv
ice.ts[0m:[93m115[0m
:[93m25[0m - 
[91merror[0m[90m 
TS2339: [0mProperty 
'client' does not 
exist on type '{ id: 
string; email: string; 
createdAt: Date; 
updatedAt: Date; 
isActive: boolean; 
password: string; 
userName: string; 
profileImage: string; 
}'.

[7m115[0m         
client: rawUser.client 
? {
[7m   [0m [91m      
                  
~~~~~~[0m
[96msrc/auth/auth.serv
ice.ts[0m:[93m116[0m
:[93m22[0m - 
[91merror[0m[90m 
TS2339: [0mProperty 
'client' does not 
exist on type '{ id: 
string; email: string; 
createdAt: Date; 
updatedAt: Date; 
isActive: boolean; 
password: string; 
userName: string; 
profileImage: string; 
}'.

[7m116[0m           
...rawUser.client,
[7m   [0m [91m      
               
~~~~~~[0m
[96msrc/auth/auth.serv
ice.ts[0m:[93m117[0m
:[93m42[0m - 
[91merror[0m[90m 
TS2339: [0mProperty 
'client' does not 
exist on type '{ id: 
string; email: string; 
createdAt: Date; 
updatedAt: Date; 
isActive: boolean; 
password: string; 
userName: string; 
profileImage: string; 
}'.

[7m117[0m           
contractNumber: BigInt(
rawUser.client.contract
Number)
[7m   [0m [91m      
                       
            ~~~~~~[0m
[96msrc/biometric/agen
t.service.ts[0m:[93m1
14[0m:[93m9[0m - 
[91merror[0m[90m 
TS2322: [0mType '{ 
requestId: string; 
agentId: string; 
userId: string; 
action: string; 
params: Record<string, 
any>; status: 
"PENDING"; timeoutAt: 
Date; createdAt: Date; 
}' is not assignable 
to type '(Without<Captu
reRequestCreateInput, C
aptureRequestUncheckedC
reateInput> & CaptureRe
questUncheckedCreateInp
ut) | (Without<...> & C
aptureRequestCreateInpu
t)'.
  Type '{ requestId: 
string; agentId: 
string; userId: 
string; action: 
string; params: 
Record<string, any>; 
status: "PENDING"; 
timeoutAt: Date; 
createdAt: Date; }' is 
not assignable to type 
'Without<CaptureRequest
UncheckedCreateInput, C
aptureRequestCreateInpu
t> & CaptureRequestCrea
teInput'.
    Type '{ requestId: 
string; agentId: 
string; userId: 
string; action: 
string; params: 
Record<string, any>; 
status: "PENDING"; 
timeoutAt: Date; 
createdAt: Date; }' is 
not assignable to type 
'Without<CaptureRequest
UncheckedCreateInput, C
aptureRequestCreateInpu
t>'.
      Types of 
property 'userId' are 
incompatible.
        Type 'string' 
is not assignable to 
type 'never'.

[7m114[0m         
data: {
[7m   [0m [91m      
  ~~~~[0m

  [96mnode_modules/.pr
isma/client/index.d.ts
[0m:[93m15874[0m:[93
m5[0m
    [7m15874[0m     
data: XOR<CaptureReques
tCreateInput, CaptureRe
questUncheckedCreateInp
ut>
    [7m     [0m 
[96m    ~~~~[0m
    The expected type 
comes from property 
'data' which is 
declared here on type 
'{ select?: CaptureRequ
estSelect<DefaultArgs>;
 omit?: CaptureRequestO
mit<DefaultArgs>; 
include?: CaptureReques
tInclude<DefaultArgs>; 
data: (Without<...> & C
aptureRequestUncheckedC
reateInput) | 
(Without<...> & Capture
RequestCreateInput); }'
[96msrc/biometric/biom
etric-config.service.ts
[0m:[93m296[0m:[93m
7[0m - 
[91merror[0m[90m 
TS2322: [0mType '{ 
agentId: string; 
userId: string; 
officeId: string; 
status: "ONLINE"; 
version: string; 
ipAddress: string; 
lastSeenAt: Date; }' 
is not assignable to 
type '(Without<AgentReg
istrationCreateInput, A
gentRegistrationUncheck
edCreateInput> & AgentR
egistrationUncheckedCre
ateInput) | 
(Without<...> & AgentRe
gistrationCreateInput)'
.
  Type '{ agentId: 
string; userId: 
string; officeId: 
string; status: 
"ONLINE"; version: 
string; ipAddress: 
string; lastSeenAt: 
Date; }' is not 
assignable to type 'Wit
hout<AgentRegistrationU
ncheckedCreateInput, Ag
entRegistrationCreateIn
put> & AgentRegistratio
nCreateInput'.
    Type '{ agentId: 
string; userId: 
string; officeId: 
string; status: 
"ONLINE"; version: 
string; ipAddress: 
string; lastSeenAt: 
Date; }' is not 
assignable to type 'Wit
hout<AgentRegistrationU
ncheckedCreateInput, Ag
entRegistrationCreateIn
put>'.
      Types of 
property 'userId' are 
incompatible.
        Type 'string' 
is not assignable to 
type 'never'.

[7m296[0m       
create: {
[7m   [0m [91m      
~~~~~~[0m

  [96mnode_modules/.pr
isma/client/index.d.ts
[0m:[93m10087[0m:[93
m5[0m
    [7m10087[0m     
create: XOR<AgentRegist
rationCreateInput, Agen
tRegistrationUncheckedC
reateInput>
    [7m     [0m 
[96m    ~~~~~~[0m
    The expected type 
comes from property 
'create' which is 
declared here on type 
'{ select?: AgentRegist
rationSelect<DefaultArg
s>; omit?: AgentRegistr
ationOmit<DefaultArgs>;
 include?: AgentRegistr
ationInclude<...>; 
where: AgentRegistratio
nWhereUniqueInput; 
create: (Without<...> 
& AgentRegistrationUnch
eckedCreateInput) | 
(Without<...> & AgentRe
gistrationCreateInput);
 update: (Without<...> 
& AgentR...'
[96msrc/biometric/biom
etric-config.service.ts
[0m:[93m349[0m:[93m
9[0m - 
[91merror[0m[90m 
TS2561: [0mObject 
literal may only 
specify known 
properties, but 'user' 
does not exist in type 
'AgentRegistrationInclu
de<DefaultArgs>'. Did 
you mean to write 
'User'?

[7m349[0m         
user: {
[7m   [0m [91m      
  ~~~~[0m

  [96mnode_modules/.pr
isma/client/index.d.ts
[0m:[93m9754[0m:[93m
5[0m
    [7m9754[0m     
include?: AgentRegistra
tionInclude<ExtArgs> | 
null
    [7m    [0m [96m 
   ~~~~~~~[0m
    The expected type 
comes from property 
'include' which is 
declared here on type 
'{ select?: AgentRegist
rationSelect<DefaultArg
s>; omit?: AgentRegistr
ationOmit<DefaultArgs>;
 include?: AgentRegistr
ationInclude<...>; 
where: AgentRegistratio
nWhereUniqueInput; }'
[96msrc/biometric/biom
etric-config.service.ts
[0m:[93m397[0m:[93m
9[0m - 
[91merror[0m[90m 
TS2561: [0mObject 
literal may only 
specify known 
properties, but 
'office' does not 
exist in type 'AgentReg
istrationInclude<Defaul
tArgs>'. Did you mean 
to write 'Office'?

[7m397[0m         
office: {
[7m   [0m [91m      
  ~~~~~~[0m

  [96mnode_modules/.pr
isma/client/index.d.ts
[0m:[93m9902[0m:[93m
5[0m
    [7m9902[0m     
include?: AgentRegistra
tionInclude<ExtArgs> | 
null
    [7m    [0m [96m 
   ~~~~~~~[0m
    The expected type 
comes from property 
'include' which is 
declared here on type 
'{ select?: AgentRegist
rationSelect<DefaultArg
s>; omit?: AgentRegistr
ationOmit<DefaultArgs>;
 include?: AgentRegistr
ationInclude<...>; ... 
5 more ...; distinct?: 
AgentRegistrationScalar
FieldEnum | AgentRegist
rationScalarFieldEnum[]
; }'
[96msrc/biometric/biom
etric-config.service.ts
[0m:[93m430[0m:[93m
9[0m - 
[91merror[0m[90m 
TS2561: [0mObject 
literal may only 
specify known 
properties, but 'user' 
does not exist in type 
'AgentRegistrationInclu
de<DefaultArgs>'. Did 
you mean to write 
'User'?

[7m430[0m         
user: {
[7m   [0m [91m      
  ~~~~[0m

  [96mnode_modules/.pr
isma/client/index.d.ts
[0m:[93m9902[0m:[93m
5[0m
    [7m9902[0m     
include?: AgentRegistra
tionInclude<ExtArgs> | 
null
    [7m    [0m [96m 
   ~~~~~~~[0m
    The expected type 
comes from property 
'include' which is 
declared here on type 
'{ select?: AgentRegist
rationSelect<DefaultArg
s>; omit?: AgentRegistr
ationOmit<DefaultArgs>;
 include?: AgentRegistr
ationInclude<...>; ... 
5 more ...; distinct?: 
AgentRegistrationScalar
FieldEnum | AgentRegist
rationScalarFieldEnum[]
; }'
[96msrc/client/client.
service.ts[0m:[93m121
[0m:[93m9[0m - 
[91merror[0m[90m 
TS2322: [0mType '{ 
contractNumber: 
number; 
organizationId: 
string; contractFile?: 
string; 
recruitmentDate: Date; 
companyName: string; 
industry: string; 
websiteLink: string; 
address: string; city: 
string; ... 10 more 
...; AlternateContactNu
mber: string; }' is 
not assignable to type 
'(Without<ClientCreateI
nput, ClientUncheckedCr
eateInput> & ClientUnch
eckedCreateInput) | 
(Without<...> & 
ClientCreateInput)'.
  Type '{ 
contractNumber: 
number; 
organizationId: 
string; contractFile?: 
string; 
recruitmentDate: Date; 
companyName: string; 
industry: string; 
websiteLink: string; 
address: string; city: 
string; ... 10 more 
...; AlternateContactNu
mber: string; }' is 
not assignable to type 
'Without<ClientUnchecke
dCreateInput, 
ClientCreateInput> & 
ClientCreateInput'.
    Type '{ 
contractNumber: 
number; 
organizationId: 
string; contractFile?: 
string; 
recruitmentDate: Date; 
companyName: string; 
industry: string; 
websiteLink: string; 
address: string; city: 
string; ... 10 more 
...; AlternateContactNu
mber: string; }' is 
not assignable to type 
'Without<ClientUnchecke
dCreateInput, 
ClientCreateInput>'.
      Types of 
property 
'organizationId' are 
incompatible.
        Type 'string' 
is not assignable to 
type 'never'.

[7m121[0m         
data: createData,
[7m   [0m [91m      
  ~~~~[0m

  [96mnode_modules/.pr
isma/client/index.d.ts
[0m:[93m17263[0m:[93
m5[0m
    [7m17263[0m     
data: 
XOR<ClientCreateInput, 
ClientUncheckedCreateIn
put>
    [7m     [0m 
[96m    ~~~~[0m
    The expected type 
comes from property 
'data' which is 
declared here on type 
'{ select?: ClientSelec
t<DefaultArgs>; omit?: 
ClientOmit<DefaultArgs>
; include?: ClientInclu
de<DefaultArgs>; data: 
(Without<...> & ClientU
ncheckedCreateInput) | 
(Without<...> & 
ClientCreateInput); }'
[96msrc/client/client.
service.ts[0m:[93m123
[0m:[93m11[0m - 
[91merror[0m[90m 
TS2561: [0mObject 
literal may only 
specify known 
properties, but 
'organization' does 
not exist in type 'Clie
ntInclude<DefaultArgs>'
. Did you mean to 
write 'Organization'?

[7m123[0m           
organization: true,
[7m   [0m [91m      
    ~~~~~~~~~~~~[0m

  [96mnode_modules/.pr
isma/client/index.d.ts
[0m:[93m17259[0m:[93
m5[0m
    [7m17259[0m     
include?: 
ClientInclude<ExtArgs> 
| null
    [7m     [0m 
[96m    ~~~~~~~[0m
    The expected type 
comes from property 
'include' which is 
declared here on type 
'{ select?: ClientSelec
t<DefaultArgs>; omit?: 
ClientOmit<DefaultArgs>
; include?: ClientInclu
de<DefaultArgs>; data: 
(Without<...> & ClientU
ncheckedCreateInput) | 
(Without<...> & 
ClientCreateInput); }'
[96msrc/client/client.
service.ts[0m:[93m150
[0m:[93m9[0m - 
[91merror[0m[90m 
TS2561: [0mObject 
literal may only 
specify known 
properties, but 
'organization' does 
not exist in type 'Clie
ntInclude<DefaultArgs>'
. Did you mean to 
write 'Organization'?

[7m150[0m         
organization: true,
[7m   [0m [91m      
  ~~~~~~~~~~~~[0m

  [96mnode_modules/.pr
isma/client/index.d.ts
[0m:[93m17212[0m:[93
m5[0m
    [7m17212[0m     
include?: 
ClientInclude<ExtArgs> 
| null
    [7m     [0m 
[96m    ~~~~~~~[0m
    The expected type 
comes from property 
'include' which is 
declared here on type 
'{ select?: ClientSelec
t<DefaultArgs>; omit?: 
ClientOmit<DefaultArgs>
; include?: ClientInclu
de<DefaultArgs>; ... 5 
more ...; distinct?: 
ClientScalarFieldEnum 
| ClientScalarFieldEnum
[]; }'
[96msrc/client/client.
service.ts[0m:[93m166
[0m:[93m9[0m - 
[91merror[0m[90m 
TS2561: [0mObject 
literal may only 
specify known 
properties, but 
'organization' does 
not exist in type 'Clie
ntInclude<DefaultArgs>'
. Did you mean to 
write 'Organization'?

[7m166[0m         
organization: true,
[7m   [0m [91m      
  ~~~~~~~~~~~~[0m

  [96mnode_modules/.pr
isma/client/index.d.ts
[0m:[93m17064[0m:[93
m5[0m
    [7m17064[0m     
include?: 
ClientInclude<ExtArgs> 
| null
    [7m     [0m 
[96m    ~~~~~~~[0m
    The expected type 
comes from property 
'include' which is 
declared here on type 
'{ select?: ClientSelec
t<DefaultArgs>; omit?: 
ClientOmit<DefaultArgs>
; include?: ClientInclu
de<DefaultArgs>; 
where: ClientWhereUniqu
eInput; }'
[96msrc/client/client.
service.ts[0m:[93m219
[0m:[93m9[0m - 
[91merror[0m[90m 
TS2561: [0mObject 
literal may only 
specify known 
properties, but 
'organization' does 
not exist in type 'Clie
ntInclude<DefaultArgs>'
. Did you mean to 
write 'Organization'?

[7m219[0m         
organization: true,
[7m   [0m [91m      
  ~~~~~~~~~~~~[0m

  [96mnode_modules/.pr
isma/client/index.d.ts
[0m:[93m17212[0m:[93
m5[0m
    [7m17212[0m     
include?: 
ClientInclude<ExtArgs> 
| null
    [7m     [0m 
[96m    ~~~~~~~[0m
    The expected type 
comes from property 
'include' which is 
declared here on type 
'{ select?: ClientSelec
t<DefaultArgs>; omit?: 
ClientOmit<DefaultArgs>
; include?: ClientInclu
de<DefaultArgs>; ... 5 
more ...; distinct?: 
ClientScalarFieldEnum 
| ClientScalarFieldEnum
[]; }'
[96msrc/client/client.
service.ts[0m:[93m343
[0m:[93m53[0m - 
[91merror[0m[90m 
TS2551: [0mProperty 
'AssignedGuard' does 
not exist on type 
'PrismaService'. Did 
you mean 
'assignedGuard'?

[7m343[0m       
const 
assignedGuardsCount = 
await this.prisma.Assig
nedGuard.count({
[7m   [0m [91m      
                       
                       
~~~~~~~~~~~~~[0m

  [96mnode_modules/.pr
isma/client/index.d.ts
[0m:[93m665[0m:[93m7
[0m
    [7m665[0m   get 
assignedGuard(): Prisma
.AssignedGuardDelegate<
ExtArgs, 
ClientOptions>;
    [7m   [0m [96m  
    ~~~~~~~~~~~~~[0m
    'assignedGuard' is 
declared here.
[96msrc/client/client.
service.ts[0m:[93m353
[0m:[93m51[0m - 
[91merror[0m[90m 
TS2551: [0mProperty 
'GuardsAttendance' 
does not exist on type 
'PrismaService'. Did 
you mean 
'guardsAttendance'?

[7m353[0m       
const 
attendanceRecords = 
await this.prisma.Guard
sAttendance.findMany({
[7m   [0m [91m      
                       
                     
~~~~~~~~~~~~~~~~[0m

  [96mnode_modules/.pr
isma/client/index.d.ts
[0m:[93m865[0m:[93m7
[0m
    [7m865[0m   get 
guardsAttendance(): Pri
sma.GuardsAttendanceDel
egate<ExtArgs, 
ClientOptions>;
    [7m   [0m [96m  
    
~~~~~~~~~~~~~~~~[0m
    'guardsAttendance' 
is declared here.
[96msrc/client/client.
service.ts[0m:[93m395
[0m:[93m39[0m - 
[91merror[0m[90m 
TS2551: [0mProperty 
'AssignedGuard' does 
not exist on type 
'PrismaService'. Did 
you mean 
'assignedGuard'?

[7m395[0m       
const total = await thi
s.prisma.AssignedGuard.
count({ where });
[7m   [0m [91m      
                       
         
~~~~~~~~~~~~~[0m

  [96mnode_modules/.pr
isma/client/index.d.ts
[0m:[93m665[0m:[93m7
[0m
    [7m665[0m   get 
assignedGuard(): Prisma
.AssignedGuardDelegate<
ExtArgs, 
ClientOptions>;
    [7m   [0m [96m  
    ~~~~~~~~~~~~~[0m
    'assignedGuard' is 
declared here.
[96msrc/client/client.
service.ts[0m:[93m398
[0m:[93m48[0m - 
[91merror[0m[90m 
TS2551: [0mProperty 
'AssignedGuard' does 
not exist on type 
'PrismaService'. Did 
you mean 
'assignedGuard'?

[7m398[0m       
const assignedGuards = 
await this.prisma.Assig
nedGuard.findMany({
[7m   [0m [91m      
                       
                  
~~~~~~~~~~~~~[0m

  [96mnode_modules/.pr
isma/client/index.d.ts
[0m:[93m665[0m:[93m7
[0m
    [7m665[0m   get 
assignedGuard(): Prisma
.AssignedGuardDelegate<
ExtArgs, 
ClientOptions>;
    [7m   [0m [96m  
    ~~~~~~~~~~~~~[0m
    'assignedGuard' is 
declared here.
[96msrc/client/client.
service.ts[0m:[93m489
[0m:[93m15[0m - 
[91merror[0m[90m 
TS2561: [0mObject 
literal may only 
specify known 
properties, but 
'guard' does not exist 
in type 'AssignedGuardS
elect<DefaultArgs>'. 
Did you mean to write 
'Guard'?

[7m489[0m            
   guard: {
[7m   [0m [91m      
        ~~~~~[0m
[96msrc/client/client.
service.ts[0m:[93m511
[0m:[93m34[0m - 
[91merror[0m[90m 
TS2339: [0mProperty 
'assignedGuard' does 
not exist on type '{ 
id: string; createdAt: 
Date; updatedAt: Date; 
isActive: boolean; 
organizationId: 
string; officeId: 
string; clientId: 
string; address: 
string; city: string; 
country: string; 
locationName: string; 
... 6 more ...; 
locationTypeId: 
string; }'.

[7m511[0m         
assignedGuardsCount: lo
c.assignedGuard.length,
[7m   [0m [91m      
                       
    ~~~~~~~~~~~~~[0m
[96msrc/client/client.
service.ts[0m:[93m512
[0m:[93m29[0m - 
[91merror[0m[90m 
TS2339: [0mProperty 
'assignedGuard' does 
not exist on type '{ 
id: string; createdAt: 
Date; updatedAt: Date; 
isActive: boolean; 
organizationId: 
string; officeId: 
string; clientId: 
string; address: 
string; city: string; 
country: string; 
locationName: string; 
... 6 more ...; 
locationTypeId: 
string; }'.

[7m512[0m         
assignedGuards: loc.ass
ignedGuard.map(ag => ({
[7m   [0m [91m      
                      
~~~~~~~~~~~~~[0m
[96msrc/client/client.
service.ts[0m:[93m608
[0m:[93m51[0m - 
[91merror[0m[90m 
TS2551: [0mProperty 
'GuardsAttendance' 
does not exist on type 
'PrismaService'. Did 
you mean 
'guardsAttendance'?

[7m608[0m       
const 
attendanceRecords = 
await this.prisma.Guard
sAttendance.findMany({
[7m   [0m [91m      
                       
                     
~~~~~~~~~~~~~~~~[0m

  [96mnode_modules/.pr
isma/client/index.d.ts
[0m:[93m865[0m:[93m7
[0m
    [7m865[0m   get 
guardsAttendance(): Pri
sma.GuardsAttendanceDel
egate<ExtArgs, 
ClientOptions>;
    [7m   [0m [96m  
    
~~~~~~~~~~~~~~~~[0m
    'guardsAttendance' 
is declared here.
[96msrc/common/strateg
ies/jwt.strategy.ts[0m
:[93m20[0m:[93m48[0
m - 
[91merror[0m[90m 
TS2344: [0mType '{ 
include: { userOffice: 
{ include: { 
organization: { 
include: { 
OrganizationFeature: { 
include: { feature: 
true; }; }; }; }; }; 
}; UserRole: { 
include: { role: true; 
}; }; client: true; }; 
}' does not satisfy 
the constraint 
'boolean | UserDefaultA
rgs<DefaultArgs>'.
  Type '{ include: { 
userOffice: { include: 
{ organization: { 
include: { 
OrganizationFeature: { 
include: { feature: 
true; }; }; }; }; }; 
}; UserRole: { 
include: { role: true; 
}; }; client: true; }; 
}' is not assignable 
to type 'UserDefaultArg
s<DefaultArgs>'.
    The types of 
'include.UserRole' are 
incompatible between 
these types.
      Type '{ include: 
{ role: true; }; }' is 
not assignable to type 
'boolean | User$UserRol
eArgs<DefaultArgs>'.
        Type '{ 
include: { role: true; 
}; }' is not 
assignable to type 'Use
r$UserRoleArgs<DefaultA
rgs>'.
          Types of 
property 'include' are 
incompatible.
            Type '{ 
role: true; }' has no 
properties in common 
with type 'UserRoleIncl
ude<DefaultArgs>'.

[7m 20[0m type 
UserWithRelations = 
Prisma.UserGetPayload<{
[7m   [0m [91m      
                       
                  ~[0m
[7m 21[0m   include: 
{
[7m   [0m 
[91m~~~~~~~~~~~~[0m
[7m...[0m 
[7m 41[0m   };
[7m   [0m 
[91m~~~~[0m
[7m 42[0m }>;
[7m   [0m [91m~[0m
[96msrc/common/strateg
ies/jwt.strategy.ts[0m
:[93m97[0m:[93m15[0
m - 
[91merror[0m[90m 
TS2561: [0mObject 
literal may only 
specify known 
properties, but 'role' 
does not exist in type 
'UserRoleInclude<Defaul
tArgs>'. Did you mean 
to write 'Role'?

[7m97[0m             
  role: true,
[7m  [0m [91m       
       ~~~~[0m
[96msrc/common/strateg
ies/jwt.strategy.ts[0m
:[93m111[0m:[93m59[
0m - 
[91merror[0m[90m 
TS2339: [0mProperty 
'organization' does 
not exist on type 
'never'.

[7m111[0m       
const organization = va
lidatedUser.userOffice?
.[0]?.organization;
[7m   [0m [91m      
                       
                       
      ~~~~~~~~~~~~[0m
[96msrc/common/strateg
ies/jwt.strategy.ts[0m
:[93m125[0m:[93m25[
0m - 
[91merror[0m[90m 
TS2339: [0mProperty 
'roleName' does not 
exist on type 'never'.

[7m125[0m         
(ur) => 
ur.role.roleName === 
'superAdmin',
[7m   [0m [91m      
                  
~~~~~~~~[0m
[96msrc/common/strateg
ies/jwt.strategy.ts[0m
:[93m144[0m:[93m42[
0m - 
[91merror[0m[90m 
TS2339: [0mProperty 
'officeId' does not 
exist on type 'never'.

[7m144[0m         : v
alidatedUser.userOffice
?.[0]?.officeId;
[7m   [0m [91m      
                       
            
~~~~~~~~[0m
[96msrc/common/strateg
ies/jwt.strategy.ts[0m
:[93m153[0m:[93m47[
0m - 
[91merror[0m[90m 
TS2339: [0mProperty 
'roleName' does not 
exist on type 'never'.

[7m153[0m         
role: validatedUser.Use
rRole[0]?.role.roleName
 || 'user',
[7m   [0m [91m      
                       
                 
~~~~~~~~[0m
[96msrc/common/strateg
ies/jwt.strategy.ts[0m
:[93m155[0m:[93m41[
0m - 
[91merror[0m[90m 
TS2339: [0mProperty 
'id' does not exist on 
type 'never'.

[7m155[0m         
clientId: validatedUser
.client?.id, // 
Include clientId if 
user has client 
association
[7m   [0m [91m      
                       
           ~~[0m
[96msrc/employee/emplo
yee.controller.ts[0m:
[93m176[0m:[93m21[0m
 - [91merror[0m[90m 
TS2561: [0mObject 
literal may only 
specify known 
properties, but 'user' 
does not exist in type 
'GuardSelect<DefaultArg
s>'. Did you mean to 
write 'User'?

[7m176[0m           
select: { user: true },
[7m   [0m [91m      
              ~~~~[0m

  [96mnode_modules/.pr
isma/client/index.d.ts
[0m:[93m28603[0m:[93
m5[0m
    [7m28603[0m     
select?: 
GuardSelect<ExtArgs> | 
null
    [7m     [0m 
[96m    ~~~~~~[0m
    The expected type 
comes from property 
'select' which is 
declared here on type 
'{ select?: GuardSelect
<DefaultArgs>; omit?: G
uardOmit<DefaultArgs>; 
include?: GuardInclude<
DefaultArgs>; where: 
GuardWhereUniqueInput; 
}'
[96msrc/employee/emplo
yee.controller.ts[0m:
[93m179[0m:[93m22[0m
 - [91merror[0m[90m 
TS2339: [0mProperty 
'user' does not exist 
on type '{ id: string; 
createdAt: Date; 
updatedAt: Date; 
isActive: boolean; 
userId: string; 
organizationId: 
string; officeId: 
string; serviceNumber: 
number; 
currentAddress: 
string; contactNumber: 
string; ... 27 more 
...; permanentAreaPolic
eStation: string; }'.

[7m179[0m           
guardUser?.user?.id || 
null,
[7m   [0m [91m      
               ~~~~[0m
[96msrc/employee/emplo
yee.service.ts[0m:[93
m118[0m:[93m11[0m - 
[91merror[0m[90m 
TS2561: [0mObject 
literal may only 
specify known 
properties, but 
'academic' does not 
exist in type 'Employee
Include<DefaultArgs>'. 
Did you mean to write 
'Academic'?

[7m118[0m           
academic: true,
[7m   [0m [91m      
    ~~~~~~~~[0m

  [96mnode_modules/.pr
isma/client/index.d.ts
[0m:[93m19966[0m:[93
m5[0m
    [7m19966[0m     
include?: EmployeeInclu
de<ExtArgs> | null
    [7m     [0m 
[96m    ~~~~~~~[0m
    The expected type 
comes from property 
'include' which is 
declared here on type 
'{ select?: EmployeeSel
ect<DefaultArgs>; 
omit?: EmployeeOmit<Def
aultArgs>; include?: Em
ployeeInclude<DefaultAr
gs>; data: 
(Without<...> & Employe
eUncheckedCreateInput) 
| (Without<...> & 
EmployeeCreateInput); 
}'
[96msrc/employee/emplo
yee.service.ts[0m:[93
m142[0m:[93m11[0m - 
[91merror[0m[90m 
TS2561: [0mObject 
literal may only 
specify known 
properties, but 
'academic' does not 
exist in type 'Employee
Include<DefaultArgs>'. 
Did you mean to write 
'Academic'?

[7m142[0m           
academic: true,
[7m   [0m [91m      
    ~~~~~~~~[0m

  [96mnode_modules/.pr
isma/client/index.d.ts
[0m:[93m19771[0m:[93
m5[0m
    [7m19771[0m     
include?: EmployeeInclu
de<ExtArgs> | null
    [7m     [0m 
[96m    ~~~~~~~[0m
    The expected type 
comes from property 
'include' which is 
declared here on type 
'{ select?: EmployeeSel
ect<DefaultArgs>; 
omit?: EmployeeOmit<Def
aultArgs>; include?: Em
ployeeInclude<DefaultAr
gs>; where: EmployeeWhe
reUniqueInput; }'
[96msrc/employee/emplo
yee.service.ts[0m:[93
m167[0m:[93m9[0m - 
[91merror[0m[90m 
TS2561: [0mObject 
literal may only 
specify known 
properties, but 
'academic' does not 
exist in type 'Employee
Include<DefaultArgs>'. 
Did you mean to write 
'Academic'?

[7m167[0m         
academic: true,
[7m   [0m [91m      
  ~~~~~~~~[0m

  [96mnode_modules/.pr
isma/client/index.d.ts
[0m:[93m19919[0m:[93
m5[0m
    [7m19919[0m     
include?: EmployeeInclu
de<ExtArgs> | null
    [7m     [0m 
[96m    ~~~~~~~[0m
    The expected type 
comes from property 
'include' which is 
declared here on type 
'{ select?: EmployeeSel
ect<DefaultArgs>; 
omit?: EmployeeOmit<Def
aultArgs>; include?: Em
ployeeInclude<DefaultAr
gs>; ... 5 more ...; 
distinct?: EmployeeScal
arFieldEnum | EmployeeS
calarFieldEnum[]; }'
[96msrc/employee/emplo
yee.service.ts[0m:[93
m189[0m:[93m11[0m - 
[91merror[0m[90m 
TS2561: [0mObject 
literal may only 
specify known 
properties, but 'user' 
does not exist in type 
'EmployeeWhereInput'. 
Did you mean to write 
'User'?

[7m189[0m           
user: {
[7m   [0m [91m      
    ~~~~[0m

  [96mnode_modules/.pr
isma/client/index.d.ts
[0m:[93m19923[0m:[93
m5[0m
    [7m19923[0m     
where?: 
EmployeeWhereInput
    [7m     [0m 
[96m    ~~~~~[0m
    The expected type 
comes from property 
'where' which is 
declared here on type 
'{ select?: EmployeeSel
ect<DefaultArgs>; 
omit?: EmployeeOmit<Def
aultArgs>; include?: Em
ployeeInclude<DefaultAr
gs>; ... 5 more ...; 
distinct?: EmployeeScal
arFieldEnum | EmployeeS
calarFieldEnum[]; }'
[96msrc/employee/emplo
yee.service.ts[0m:[93
m198[0m:[93m11[0m - 
[91merror[0m[90m 
TS2561: [0mObject 
literal may only 
specify known 
properties, but 
'academic' does not 
exist in type 'Employee
Include<DefaultArgs>'. 
Did you mean to write 
'Academic'?

[7m198[0m           
academic: true,
[7m   [0m [91m      
    ~~~~~~~~[0m

  [96mnode_modules/.pr
isma/client/index.d.ts
[0m:[93m19919[0m:[93
m5[0m
    [7m19919[0m     
include?: EmployeeInclu
de<ExtArgs> | null
    [7m     [0m 
[96m    ~~~~~~~[0m
    The expected type 
comes from property 
'include' which is 
declared here on type 
'{ select?: EmployeeSel
ect<DefaultArgs>; 
omit?: EmployeeOmit<Def
aultArgs>; include?: Em
ployeeInclude<DefaultAr
gs>; ... 5 more ...; 
distinct?: EmployeeScal
arFieldEnum | EmployeeS
calarFieldEnum[]; }'
[96msrc/employee/emplo
yee.service.ts[0m:[93
m215[0m:[93m9[0m - 
[91merror[0m[90m 
TS2561: [0mObject 
literal may only 
specify known 
properties, but 
'academic' does not 
exist in type 'Employee
Include<DefaultArgs>'. 
Did you mean to write 
'Academic'?

[7m215[0m         
academic: true,
[7m   [0m [91m      
  ~~~~~~~~[0m

  [96mnode_modules/.pr
isma/client/index.d.ts
[0m:[93m19771[0m:[93
m5[0m
    [7m19771[0m     
include?: EmployeeInclu
de<ExtArgs> | null
    [7m     [0m 
[96m    ~~~~~~~[0m
    The expected type 
comes from property 
'include' which is 
declared here on type 
'{ select?: EmployeeSel
ect<DefaultArgs>; 
omit?: EmployeeOmit<Def
aultArgs>; include?: Em
ployeeInclude<DefaultAr
gs>; where: EmployeeWhe
reUniqueInput; }'
[96msrc/employee/emplo
yee.service.ts[0m:[93
m246[0m:[93m11[0m - 
[91merror[0m[90m 
TS2561: [0mObject 
literal may only 
specify known 
properties, but 
'academic' does not 
exist in type 'Employee
Include<DefaultArgs>'. 
Did you mean to write 
'Academic'?

[7m246[0m           
academic: true,
[7m   [0m [91m      
    ~~~~~~~~[0m

  [96mnode_modules/.pr
isma/client/index.d.ts
[0m:[93m19919[0m:[93
m5[0m
    [7m19919[0m     
include?: EmployeeInclu
de<ExtArgs> | null
    [7m     [0m 
[96m    ~~~~~~~[0m
    The expected type 
comes from property 
'include' which is 
declared here on type 
'{ select?: EmployeeSel
ect<DefaultArgs>; 
omit?: EmployeeOmit<Def
aultArgs>; include?: Em
ployeeInclude<DefaultAr
gs>; ... 5 more ...; 
distinct?: EmployeeScal
arFieldEnum | EmployeeS
calarFieldEnum[]; }'
[96msrc/employee/emplo
yee.service.ts[0m:[93
m278[0m:[93m11[0m - 
[91merror[0m[90m 
TS2561: [0mObject 
literal may only 
specify known 
properties, but 'user' 
does not exist in type 
'EmployeeInclude<Defaul
tArgs>'. Did you mean 
to write 'User'?

[7m278[0m           
user: { include: { 
userOffice: true } },
[7m   [0m [91m      
    ~~~~[0m

  [96mnode_modules/.pr
isma/client/index.d.ts
[0m:[93m19919[0m:[93
m5[0m
    [7m19919[0m     
include?: EmployeeInclu
de<ExtArgs> | null
    [7m     [0m 
[96m    ~~~~~~~[0m
    The expected type 
comes from property 
'include' which is 
declared here on type 
'{ select?: EmployeeSel
ect<DefaultArgs>; 
omit?: EmployeeOmit<Def
aultArgs>; include?: Em
ployeeInclude<DefaultAr
gs>; ... 5 more ...; 
distinct?: EmployeeScal
arFieldEnum | EmployeeS
calarFieldEnum[]; }'
[96msrc/employee/emplo
yee.service.ts[0m:[93
m293[0m:[93m9[0m - 
[91merror[0m[90m 
TS2561: [0mObject 
literal may only 
specify known 
properties, but 
'academic' does not 
exist in type 'Employee
Include<DefaultArgs>'. 
Did you mean to write 
'Academic'?

[7m293[0m         
academic: true,
[7m   [0m [91m      
  ~~~~~~~~[0m

  [96mnode_modules/.pr
isma/client/index.d.ts
[0m:[93m19919[0m:[93
m5[0m
    [7m19919[0m     
include?: EmployeeInclu
de<ExtArgs> | null
    [7m     [0m 
[96m    ~~~~~~~[0m
    The expected type 
comes from property 
'include' which is 
declared here on type 
'{ select?: EmployeeSel
ect<DefaultArgs>; 
omit?: EmployeeOmit<Def
aultArgs>; include?: Em
ployeeInclude<DefaultAr
gs>; ... 5 more ...; 
distinct?: EmployeeScal
arFieldEnum | EmployeeS
calarFieldEnum[]; }'
[96msrc/employee/emplo
yee.service.ts[0m:[93
m335[0m:[93m25[0m - 
[91merror[0m[90m 
TS2551: [0mProperty 
'BankAccount' does not 
exist on type 
'PrismaService'. Did 
you mean 'bankAccount'?

[7m335[0m       
await this.prisma.BankA
ccount.update({
[7m   [0m [91m      
                  
~~~~~~~~~~~[0m

  [96mnode_modules/.pr
isma/client/index.d.ts
[0m:[93m685[0m:[93m7
[0m
    [7m685[0m   get 
bankAccount(): Prisma.B
ankAccountDelegate<ExtA
rgs, ClientOptions>;
    [7m   [0m [96m  
    ~~~~~~~~~~~[0m
    'bankAccount' is 
declared here.
[96msrc/employee/emplo
yee.service.ts[0m:[93
m354[0m:[93m11[0m - 
[91merror[0m[90m 
TS2322: [0mType '{ 
guardId: string; 
rightThumb?: string; 
rightMiddleFinger?: 
string; 
rightLittleFinger?: 
string; leftThumb?: 
string; 
leftMiddleFinger?: 
string; 
leftLittleFinger?: 
string; 
rightForeFinger?: 
string; ... 4 more 
...; leftForeFinger?: 
string; }' is not 
assignable to type '(Wi
thout<BiometricCreateIn
put, BiometricUnchecked
CreateInput> & Biometri
cUncheckedCreateInput) 
| (Without<...> & 
BiometricCreateInput)'.
  Type '{ guardId: 
string; rightThumb?: 
string; 
rightMiddleFinger?: 
string; 
rightLittleFinger?: 
string; leftThumb?: 
string; 
leftMiddleFinger?: 
string; 
leftLittleFinger?: 
string; 
rightForeFinger?: 
string; ... 4 more 
...; leftForeFinger?: 
string; }' is not 
assignable to type 'Wit
hout<BiometricUnchecked
CreateInput, 
BiometricCreateInput> 
& 
BiometricCreateInput'.
    Type '{ guardId: 
string; rightThumb?: 
string; 
rightMiddleFinger?: 
string; 
rightLittleFinger?: 
string; leftThumb?: 
string; 
leftMiddleFinger?: 
string; 
leftLittleFinger?: 
string; 
rightForeFinger?: 
string; ... 4 more 
...; leftForeFinger?: 
string; }' is not 
assignable to type 'Wit
hout<BiometricUnchecked
CreateInput, 
BiometricCreateInput>'.
      Types of 
property 'guardId' are 
incompatible.
        Type 'string' 
is not assignable to 
type 'never'.

[7m354[0m           
data: {
[7m   [0m [91m      
    ~~~~[0m

  [96mnode_modules/.pr
isma/client/index.d.ts
[0m:[93m14661[0m:[93
m5[0m
    [7m14661[0m     
data: XOR<BiometricCrea
teInput, BiometricUnche
ckedCreateInput>
    [7m     [0m 
[96m    ~~~~[0m
    The expected type 
comes from property 
'data' which is 
declared here on type 
'{ select?: BiometricSe
lect<DefaultArgs>; 
omit?: BiometricOmit<De
faultArgs>; include?: B
iometricInclude<Default
Args>; data: 
(Without<...> & Biometr
icUncheckedCreateInput)
 | (Without<...> & 
BiometricCreateInput); 
}'
[96msrc/employee/emplo
yee.service.ts[0m:[93
m368[0m:[93m9[0m - 
[91merror[0m[90m 
TS2322: [0mType '{ 
guardId: string; 
totalYears: number; 
placeOfDuty: string; 
recentCivilEmployment: 
string; }[]' is not 
assignable to type 'Emp
loyeeExperienceCreateMa
nyInput | EmployeeExper
ienceCreateManyInput[]'
.
  Type '{ guardId: 
string; totalYears: 
number; placeOfDuty: 
string; 
recentCivilEmployment: 
string; }[]' is not 
assignable to type 'Emp
loyeeExperienceCreateMa
nyInput[]'.
    Property 'id' is 
missing in type '{ 
guardId: string; 
totalYears: number; 
placeOfDuty: string; 
recentCivilEmployment: 
string; }' but 
required in type 'Emplo
yeeExperienceCreateMany
Input'.

[7m368[0m         
data: employeeExperienc
e.map((exp) => ({ 
...exp, guardId: id 
})),
[7m   [0m [91m      
  ~~~~[0m

  [96mnode_modules/.pr
isma/client/index.d.ts
[0m:[93m87943[0m:[93
m5[0m
    [7m87943[0m     
id: string
    [7m     [0m 
[96m    ~~[0m
    'id' is declared 
here.
  [96mnode_modules/.pr
isma/client/index.d.ts
[0m:[93m22366[0m:[93
m5[0m
    [7m22366[0m     
data: EmployeeExperienc
eCreateManyInput | Empl
oyeeExperienceCreateMan
yInput[]
    [7m     [0m 
[96m    ~~~~[0m
    The expected type 
comes from property 
'data' which is 
declared here on type 
'{ data: EmployeeExperi
enceCreateManyInput | E
mployeeExperienceCreate
ManyInput[]; 
skipDuplicates?: 
boolean; }'
[96msrc/employee/emplo
yee.service.ts[0m:[93
m380[0m:[93m9[0m - 
[91merror[0m[90m 
TS2322: [0mType '{ 
guardId: string; 
fullName: string; 
fatherName: string; 
cnicNumber: string; 
contactNumber: string; 
currentAddress: 
string; 
permanentAddress: 
string; cnicFront: 
string; cnicBack: 
string; }[]' is not 
assignable to type 'Ref
erenceCreateManyInput 
| ReferenceCreateManyIn
put[]'.
  Type '{ guardId: 
string; fullName: 
string; fatherName: 
string; cnicNumber: 
string; contactNumber: 
string; 
currentAddress: 
string; 
permanentAddress: 
string; cnicFront: 
string; cnicBack: 
string; }[]' is not 
assignable to type 'Ref
erenceCreateManyInput[]
'.
    Property 'id' is 
missing in type '{ 
guardId: string; 
fullName: string; 
fatherName: string; 
cnicNumber: string; 
contactNumber: string; 
currentAddress: 
string; 
permanentAddress: 
string; cnicFront: 
string; cnicBack: 
string; }' but 
required in type 'Refer
enceCreateManyInput'.

[7m380[0m         
data: 
references.map((ref) 
=> ({
[7m   [0m [91m      
  ~~~~[0m

  [96mnode_modules/.pr
isma/client/index.d.ts
[0m:[93m91236[0m:[93
m5[0m
    [7m91236[0m     
id: string
    [7m     [0m 
[96m    ~~[0m
    'id' is declared 
here.
  [96mnode_modules/.pr
isma/client/index.d.ts
[0m:[93m59959[0m:[93
m5[0m
    [7m59959[0m     
data: ReferenceCreateMa
nyInput | ReferenceCrea
teManyInput[]
    [7m     [0m 
[96m    ~~~~[0m
    The expected type 
comes from property 
'data' which is 
declared here on type 
'{ data: ReferenceCreat
eManyInput | ReferenceC
reateManyInput[]; 
skipDuplicates?: 
boolean; }'
[96msrc/employee/emplo
yee.service.ts[0m:[93
m397[0m:[93m9[0m - 
[91merror[0m[90m 
TS2561: [0mObject 
literal may only 
specify known 
properties, but 
'academic' does not 
exist in type 'Employee
Include<DefaultArgs>'. 
Did you mean to write 
'Academic'?

[7m397[0m         
academic: true,
[7m   [0m [91m      
  ~~~~~~~~[0m

  [96mnode_modules/.pr
isma/client/index.d.ts
[0m:[93m19771[0m:[93
m5[0m
    [7m19771[0m     
include?: EmployeeInclu
de<ExtArgs> | null
    [7m     [0m 
[96m    ~~~~~~~[0m
    The expected type 
comes from property 
'include' which is 
declared here on type 
'{ select?: EmployeeSel
ect<DefaultArgs>; 
omit?: EmployeeOmit<Def
aultArgs>; include?: Em
ployeeInclude<DefaultAr
gs>; where: EmployeeWhe
reUniqueInput; }'
[96msrc/employee/emplo
yee.service.ts[0m:[93
m605[0m:[93m9[0m - 
[91merror[0m[90m 
TS2322: [0mType '{ 
locationId: string; 
clientId: string; 
employeeId: string; 
supervisorEmployeeId: 
string; 
deploymentDate: Date; 
deploymentTill: Date; 
}' is not assignable 
to type '(Without<Assig
nedSupervisorCreateInpu
t, AssignedSupervisorUn
checkedCreateInput> & A
ssignedSupervisorUnchec
kedCreateInput) | 
(Without<...> & Assigne
dSupervisorCreateInput)
'.
  Type '{ locationId: 
string; clientId: 
string; employeeId: 
string; 
supervisorEmployeeId: 
string; 
deploymentDate: Date; 
deploymentTill: Date; 
}' is not assignable 
to type 'Without<Assign
edSupervisorUncheckedCr
eateInput, AssignedSupe
rvisorCreateInput> & As
signedSupervisorCreateI
nput'.
    Type '{ 
locationId: string; 
clientId: string; 
employeeId: string; 
supervisorEmployeeId: 
string; 
deploymentDate: Date; 
deploymentTill: Date; 
}' is not assignable 
to type 'Without<Assign
edSupervisorUncheckedCr
eateInput, AssignedSupe
rvisorCreateInput>'.
      Types of 
property 'employeeId' 
are incompatible.
        Type 'string' 
is not assignable to 
type 'never'.

[7m605[0m         
data: {
[7m   [0m [91m      
  ~~~~[0m

  [96mnode_modules/.pr
isma/client/index.d.ts
[0m:[93m12296[0m:[93
m5[0m
    [7m12296[0m     
data: XOR<AssignedSuper
visorCreateInput, Assig
nedSupervisorUncheckedC
reateInput>
    [7m     [0m 
[96m    ~~~~[0m
    The expected type 
comes from property 
'data' which is 
declared here on type 
'{ select?: AssignedSup
ervisorSelect<DefaultAr
gs>; omit?: AssignedSup
ervisorOmit<DefaultArgs
>; include?: AssignedSu
pervisorInclude<...>; 
data: (Without<...> & A
ssignedSupervisorUnchec
kedCreateInput) | 
(Without<...> & Assigne
dSupervisorCreateInput)
; }'
[96msrc/employee/emplo
yee.service.ts[0m:[93
m616[0m:[93m11[0m - 
[91merror[0m[90m 
TS2561: [0mObject 
literal may only 
specify known 
properties, but 
'location' does not 
exist in type 'Assigned
SupervisorInclude<Defau
ltArgs>'. Did you mean 
to write 'locations'?

[7m616[0m           
location: true,
[7m   [0m [91m      
    ~~~~~~~~[0m

  [96mnode_modules/.pr
isma/client/index.d.ts
[0m:[93m12292[0m:[93
m5[0m
    [7m12292[0m     
include?: AssignedSuper
visorInclude<ExtArgs> 
| null
    [7m     [0m 
[96m    ~~~~~~~[0m
    The expected type 
comes from property 
'include' which is 
declared here on type 
'{ select?: AssignedSup
ervisorSelect<DefaultAr
gs>; omit?: AssignedSup
ervisorOmit<DefaultArgs
>; include?: AssignedSu
pervisorInclude<...>; 
data: (Without<...> & A
ssignedSupervisorUnchec
kedCreateInput) | 
(Without<...> & Assigne
dSupervisorCreateInput)
; }'
[96msrc/employee/emplo
yee.service.ts[0m:[93
m694[0m:[93m44[0m - 
[91merror[0m[90m 
TS2551: [0mProperty 
'location' does not 
exist on type 
'PrismaService'. Did 
you mean 'locations'?

[7m694[0m         
const location = await 
this.prisma.location.fi
ndUnique({
[7m   [0m [91m      
                       
              
~~~~~~~~[0m

  [96mnode_modules/.pr
isma/client/index.d.ts
[0m:[93m1185[0m:[93m
7[0m
    [7m1185[0m   get 
locations(): Prisma.loc
ationsDelegate<ExtArgs,
 ClientOptions>;
    [7m    [0m [96m 
     ~~~~~~~~~[0m
    'locations' is 
declared here.
[96msrc/employee/emplo
yee.service.ts[0m:[93
m735[0m:[93m13[0m - 
[91merror[0m[90m 
TS2561: [0mObject 
literal may only 
specify known 
properties, but 
'location' does not 
exist in type 'Assigned
SupervisorInclude<Defau
ltArgs>'. Did you mean 
to write 'locations'?

[7m735[0m            
 location: true,
[7m   [0m [91m      
      ~~~~~~~~[0m

  [96mnode_modules/.pr
isma/client/index.d.ts
[0m:[93m12348[0m:[93
m5[0m
    [7m12348[0m     
include?: AssignedSuper
visorInclude<ExtArgs> 
| null
    [7m     [0m 
[96m    ~~~~~~~[0m
    The expected type 
comes from property 
'include' which is 
declared here on type 
'{ select?: AssignedSup
ervisorSelect<DefaultAr
gs>; omit?: AssignedSup
ervisorOmit<DefaultArgs
>; include?: AssignedSu
pervisorInclude<...>; 
data: (Without<...> & A
ssignedSupervisorUnchec
kedUpdateInput) | 
(Without<...> & Assigne
dSupervisorUpdateInput)
; where: AssignedSuperv
isorWhereUniqueInput; 
}'
[96msrc/employee/emplo
yee.service.ts[0m:[93
m762[0m:[93m11[0m - 
[91merror[0m[90m 
TS2561: [0mObject 
literal may only 
specify known 
properties, but 
'location' does not 
exist in type 'Assigned
SupervisorWhereInput'. 
Did you mean to write 
'locations'?

[7m762[0m           
location: {
[7m   [0m [91m      
    ~~~~~~~~[0m

  [96mnode_modules/.pr
isma/client/index.d.ts
[0m:[93m12249[0m:[93
m5[0m
    [7m12249[0m     
where?: AssignedSupervi
sorWhereInput
    [7m     [0m 
[96m    ~~~~~[0m
    The expected type 
comes from property 
'where' which is 
declared here on type 
'{ select?: AssignedSup
ervisorSelect<DefaultAr
gs>; omit?: AssignedSup
ervisorOmit<DefaultArgs
>; include?: AssignedSu
pervisorInclude<...>; 
... 5 more ...; 
distinct?: AssignedSupe
rvisorScalarFieldEnum 
| AssignedSupervisorSca
larFieldEnum[]; }'
[96msrc/employee/emplo
yee.service.ts[0m:[93
m767[0m:[93m11[0m - 
[91merror[0m[90m 
TS2561: [0mObject 
literal may only 
specify known 
properties, but 
'location' does not 
exist in type 'Assigned
SupervisorInclude<Defau
ltArgs>'. Did you mean 
to write 'locations'?

[7m767[0m           
location: {
[7m   [0m [91m      
    ~~~~~~~~[0m

  [96mnode_modules/.pr
isma/client/index.d.ts
[0m:[93m12245[0m:[93
m5[0m
    [7m12245[0m     
include?: AssignedSuper
visorInclude<ExtArgs> 
| null
    [7m     [0m 
[96m    ~~~~~~~[0m
    The expected type 
comes from property 
'include' which is 
declared here on type 
'{ select?: AssignedSup
ervisorSelect<DefaultAr
gs>; omit?: AssignedSup
ervisorOmit<DefaultArgs
>; include?: AssignedSu
pervisorInclude<...>; 
... 5 more ...; 
distinct?: AssignedSupe
rvisorScalarFieldEnum 
| AssignedSupervisorSca
larFieldEnum[]; }'
[96msrc/employee/emplo
yee.service.ts[0m:[93
m822[0m:[93m13[0m - 
[91merror[0m[90m 
TS2561: [0mObject 
literal may only 
specify known 
properties, but 
'location' does not 
exist in type 'Assigned
SupervisorWhereInput'. 
Did you mean to write 
'locations'?

[7m822[0m            
 location: {
[7m   [0m [91m      
      ~~~~~~~~[0m

  [96mnode_modules/.pr
isma/client/index.d.ts
[0m:[93m12249[0m:[93
m5[0m
    [7m12249[0m     
where?: AssignedSupervi
sorWhereInput
    [7m     [0m 
[96m    ~~~~~[0m
    The expected type 
comes from property 
'where' which is 
declared here on type 
'{ select?: AssignedSup
ervisorSelect<DefaultAr
gs>; omit?: AssignedSup
ervisorOmit<DefaultArgs
>; include?: AssignedSu
pervisorInclude<...>; 
... 5 more ...; 
distinct?: AssignedSupe
rvisorScalarFieldEnum 
| AssignedSupervisorSca
larFieldEnum[]; }'
[96msrc/employee/emplo
yee.service.ts[0m:[93
m828[0m:[93m13[0m - 
[91merror[0m[90m 
TS2561: [0mObject 
literal may only 
specify known 
properties, but 
'location' does not 
exist in type 'Assigned
SupervisorInclude<Defau
ltArgs>'. Did you mean 
to write 'locations'?

[7m828[0m            
 location: {
[7m   [0m [91m      
      ~~~~~~~~[0m

  [96mnode_modules/.pr
isma/client/index.d.ts
[0m:[93m12245[0m:[93
m5[0m
    [7m12245[0m     
include?: AssignedSuper
visorInclude<ExtArgs> 
| null
    [7m     [0m 
[96m    ~~~~~~~[0m
    The expected type 
comes from property 
'include' which is 
declared here on type 
'{ select?: AssignedSup
ervisorSelect<DefaultAr
gs>; omit?: AssignedSup
ervisorOmit<DefaultArgs
>; include?: AssignedSu
pervisorInclude<...>; 
... 5 more ...; 
distinct?: AssignedSupe
rvisorScalarFieldEnum 
| AssignedSupervisorSca
larFieldEnum[]; }'
[96msrc/file/file.serv
ice.ts[0m:[93m231[0m
:[93m15[0m - 
[91merror[0m[90m 
TS2561: [0mObject 
literal may only 
specify known 
properties, but 
'references' does not 
exist in type '(Without
<GuardCreateInput, Guar
dUncheckedCreateInput> 
& GuardUncheckedCreateI
nput) | (Without<...> 
& GuardCreateInput)'. 
Did you mean to write 
'Reference'?

[7m231[0m            
   references: {
[7m   [0m [91m      
        ~~~~~~~~~~[0m

  [96mnode_modules/.pr
isma/client/index.d.ts
[0m:[93m28810[0m:[93
m5[0m
    [7m28810[0m     
data: 
XOR<GuardCreateInput, G
uardUncheckedCreateInpu
t>
    [7m     [0m 
[96m    ~~~~[0m
    The expected type 
comes from property 
'data' which is 
declared here on type 
'{ select?: GuardSelect
<DefaultArgs>; omit?: G
uardOmit<DefaultArgs>; 
include?: GuardInclude<
DefaultArgs>; data: 
(Without<...> & GuardUn
checkedCreateInput) | 
(Without<...> & 
GuardCreateInput); }'
[96msrc/guard-category
/guard-category.service
.ts[0m:[93m38[0m:[9
3m9[0m - 
[91merror[0m[90m 
TS2322: [0mType '{ 
organizationId: 
string; categoryName: 
string; }' is not 
assignable to type '(Wi
thout<GuardCategoryCrea
teInput, GuardCategoryU
ncheckedCreateInput> & 
GuardCategoryUncheckedC
reateInput) | 
(Without<...> & GuardCa
tegoryCreateInput)'.
  Type '{ 
organizationId: 
string; categoryName: 
string; }' is not 
assignable to type 'Wit
hout<GuardCategoryUnche
ckedCreateInput, GuardC
ategoryCreateInput> & G
uardCategoryCreateInput
'.
    Type '{ 
organizationId: 
string; categoryName: 
string; }' is not 
assignable to type 'Wit
hout<GuardCategoryUnche
ckedCreateInput, GuardC
ategoryCreateInput>'.
      Types of 
property 
'organizationId' are 
incompatible.
        Type 'string' 
is not assignable to 
type 'never'.

[7m38[0m         
data: { ...dto, 
organizationId },
[7m  [0m [91m       
 ~~~~[0m

  [96mnode_modules/.pr
isma/client/index.d.ts
[0m:[93m31408[0m:[93
m5[0m
    [7m31408[0m     
data: XOR<GuardCategory
CreateInput, GuardCateg
oryUncheckedCreateInput
>
    [7m     [0m 
[96m    ~~~~[0m
    The expected type 
comes from property 
'data' which is 
declared here on type 
'{ select?: GuardCatego
rySelect<DefaultArgs>; 
omit?: GuardCategoryOmi
t<DefaultArgs>; 
include?: GuardCategory
Include<DefaultArgs>; 
data: (Without<...> & G
uardCategoryUncheckedCr
eateInput) | 
(Without<...> & GuardCa
tegoryCreateInput); }'
[96msrc/guard/guard.se
rvice.ts[0m:[93m71[0
m:[93m18[0m - 
[91merror[0m[90m 
TS2561: [0mObject 
literal may only 
specify known 
properties, but 'user' 
does not exist in type 
'GuardInclude<DefaultAr
gs>'. Did you mean to 
write 'User'?

[7m71[0m       
include: { user: true 
},
[7m  [0m [91m       
          ~~~~[0m

  [96mnode_modules/.pr
isma/client/index.d.ts
[0m:[93m28611[0m:[93
m5[0m
    [7m28611[0m     
include?: 
GuardInclude<ExtArgs> 
| null
    [7m     [0m 
[96m    ~~~~~~~[0m
    The expected type 
comes from property 
'include' which is 
declared here on type 
'{ select?: GuardSelect
<DefaultArgs>; omit?: G
uardOmit<DefaultArgs>; 
include?: GuardInclude<
DefaultArgs>; where: 
GuardWhereUniqueInput; 
}'
[96msrc/guard/guard.se
rvice.ts[0m:[93m78[0
m:[93m15[0m - 
[91merror[0m[90m 
TS2339: [0mProperty 
'user' does not exist 
on type '{ id: string; 
createdAt: Date; 
updatedAt: Date; 
isActive: boolean; 
userId: string; 
organizationId: 
string; officeId: 
string; serviceNumber: 
number; 
currentAddress: 
string; contactNumber: 
string; ... 27 more 
...; permanentAreaPolic
eStation: string; }'.

[7m78[0m     if 
(guard.user) {
[7m  [0m [91m       
       ~~~~[0m
[96msrc/guard/guard.se
rvice.ts[0m:[93m81[0
m:[93m32[0m - 
[91merror[0m[90m 
TS2339: [0mProperty 
'user' does not exist 
on type '{ id: string; 
createdAt: Date; 
updatedAt: Date; 
isActive: boolean; 
userId: string; 
organizationId: 
string; officeId: 
string; serviceNumber: 
number; 
currentAddress: 
string; contactNumber: 
string; ... 27 more 
...; permanentAreaPolic
eStation: string; }'.

[7m81[0m         
where: { userId: 
guard.user.id },
[7m  [0m [91m       
                       
 ~~~~[0m
[96msrc/guard/guard.se
rvice.ts[0m:[93m95[0
m:[93m7[0m - 
[91merror[0m[90m 
TS2322: [0mType '{ 
organizationId: 
string; fullName: 
string; serviceNumber: 
number; cnicNumber: 
string; fatherName: 
string; cnicIssueDate: 
Date; contactNumber: 
string; 
currentAddress: 
string; height: 
number; 
cnicExpiryDate: Date; 
isActive: true; 
userId: any; }' is not 
assignable to type '(Wi
thout<EmployeeCreateInp
ut, EmployeeUncheckedCr
eateInput> & EmployeeUn
checkedCreateInput) | 
(Without<...> & 
EmployeeCreateInput)'.
  Type '{ 
organizationId: 
string; fullName: 
string; serviceNumber: 
number; cnicNumber: 
string; fatherName: 
string; cnicIssueDate: 
Date; contactNumber: 
string; 
currentAddress: 
string; height: 
number; 
cnicExpiryDate: Date; 
isActive: true; 
userId: any; }' is not 
assignable to type 'Wit
hout<EmployeeUncheckedC
reateInput, 
EmployeeCreateInput> & 
EmployeeCreateInput'.
    Type '{ 
organizationId: 
string; fullName: 
string; serviceNumber: 
number; cnicNumber: 
string; fatherName: 
string; cnicIssueDate: 
Date; contactNumber: 
string; 
currentAddress: 
string; height: 
number; 
cnicExpiryDate: Date; 
isActive: true; 
userId: any; }' is not 
assignable to type 'Wit
hout<EmployeeUncheckedC
reateInput, 
EmployeeCreateInput>'.
      Types of 
property 'userId' are 
incompatible.
        Type 'any' is 
not assignable to type 
'never'.

[7m95[0m       data: 
{
[7m  [0m [91m      
~~~~[0m

  [96mnode_modules/.pr
isma/client/index.d.ts
[0m:[93m19970[0m:[93
m5[0m
    [7m19970[0m     
data: XOR<EmployeeCreat
eInput, EmployeeUncheck
edCreateInput>
    [7m     [0m 
[96m    ~~~~[0m
    The expected type 
comes from property 
'data' which is 
declared here on type 
'{ select?: EmployeeSel
ect<DefaultArgs>; 
omit?: EmployeeOmit<Def
aultArgs>; include?: Em
ployeeInclude<DefaultAr
gs>; data: 
(Without<...> & Employe
eUncheckedCreateInput) 
| (Without<...> & 
EmployeeCreateInput); 
}'
[96msrc/guard/guard.se
rvice.ts[0m:[93m111[
0m:[93m23[0m - 
[91merror[0m[90m 
TS2339: [0mProperty 
'user' does not exist 
on type '{ id: string; 
createdAt: Date; 
updatedAt: Date; 
isActive: boolean; 
userId: string; 
organizationId: 
string; officeId: 
string; serviceNumber: 
number; 
currentAddress: 
string; contactNumber: 
string; ... 27 more 
...; permanentAreaPolic
eStation: string; }'.

[7m111[0m         
userId: guard.user?.id,
[7m   [0m [91m      
                
~~~~[0m
[96msrc/guard/guard.se
rvice.ts[0m:[93m368[
0m:[93m9[0m - 
[91merror[0m[90m 
TS2322: [0mType 
'GuardInput[]' is not 
assignable to type 
'GuardCreateManyInput 
| GuardCreateManyInput[
]'.
  Type 'GuardInput[]' 
is not assignable to 
type 'GuardCreateManyIn
put[]'.
    Type 'GuardInput' 
is not assignable to 
type 
'GuardCreateManyInput'.
      Property 'id' is 
optional in type 
'GuardInput' but 
required in type 
'GuardCreateManyInput'.

[7m368[0m         
data: newGuards,
[7m   [0m [91m      
  ~~~~[0m

  [96mnode_modules/.pr
isma/client/index.d.ts
[0m:[93m28820[0m:[93
m5[0m
    [7m28820[0m     
data: 
GuardCreateManyInput | 
GuardCreateManyInput[]
    [7m     [0m 
[96m    ~~~~[0m
    The expected type 
comes from property 
'data' which is 
declared here on type 
'{ data: 
GuardCreateManyInput | 
GuardCreateManyInput[];
 skipDuplicates?: 
boolean; }'
[96msrc/guard/guard.se
rvice.ts[0m:[93m425[
0m:[93m11[0m - 
[91merror[0m[90m 
TS2561: [0mObject 
literal may only 
specify known 
properties, but 
'academic' does not 
exist in type '(Without
<GuardCreateInput, Guar
dUncheckedCreateInput> 
& GuardUncheckedCreateI
nput) | (Without<...> 
& GuardCreateInput)'. 
Did you mean to write 
'Academic'?

[7m425[0m           
academic: { create: 
data.academic },
[7m   [0m [91m      
    ~~~~~~~~[0m

  [96mnode_modules/.pr
isma/client/index.d.ts
[0m:[93m28810[0m:[93
m5[0m
    [7m28810[0m     
data: 
XOR<GuardCreateInput, G
uardUncheckedCreateInpu
t>
    [7m     [0m 
[96m    ~~~~[0m
    The expected type 
comes from property 
'data' which is 
declared here on type 
'{ select?: GuardSelect
<DefaultArgs>; omit?: G
uardOmit<DefaultArgs>; 
include?: GuardInclude<
DefaultArgs>; data: 
(Without<...> & GuardUn
checkedCreateInput) | 
(Without<...> & 
GuardCreateInput); }'
[96msrc/guard/guard.se
rvice.ts[0m:[93m447[
0m:[93m11[0m - 
[91merror[0m[90m 
TS2561: [0mObject 
literal may only 
specify known 
properties, but 
'academic' does not 
exist in type 'GuardInc
lude<DefaultArgs>'. 
Did you mean to write 
'Academic'?

[7m447[0m           
academic: true,
[7m   [0m [91m      
    ~~~~~~~~[0m

  [96mnode_modules/.pr
isma/client/index.d.ts
[0m:[93m28806[0m:[93
m5[0m
    [7m28806[0m     
include?: 
GuardInclude<ExtArgs> 
| null
    [7m     [0m 
[96m    ~~~~~~~[0m
    The expected type 
comes from property 
'include' which is 
declared here on type 
'{ select?: GuardSelect
<DefaultArgs>; omit?: G
uardOmit<DefaultArgs>; 
include?: GuardInclude<
DefaultArgs>; data: 
(Without<...> & GuardUn
checkedCreateInput) | 
(Without<...> & 
GuardCreateInput); }'
[96msrc/guard/guard.se
rvice.ts[0m:[93m464[
0m:[93m9[0m - 
[91merror[0m[90m 
TS2561: [0mObject 
literal may only 
specify known 
properties, but 
'academic' does not 
exist in type 'GuardInc
lude<DefaultArgs>'. 
Did you mean to write 
'Academic'?

[7m464[0m         
academic: true,
[7m   [0m [91m      
  ~~~~~~~~[0m

  [96mnode_modules/.pr
isma/client/index.d.ts
[0m:[93m28759[0m:[93
m5[0m
    [7m28759[0m     
include?: 
GuardInclude<ExtArgs> 
| null
    [7m     [0m 
[96m    ~~~~~~~[0m
    The expected type 
comes from property 
'include' which is 
declared here on type 
'{ select?: GuardSelect
<DefaultArgs>; omit?: G
uardOmit<DefaultArgs>; 
include?: GuardInclude<
DefaultArgs>; ... 5 
more ...; distinct?: 
GuardScalarFieldEnum | 
GuardScalarFieldEnum[];
 }'
[96msrc/guard/guard.se
rvice.ts[0m:[93m480[
0m:[93m9[0m - 
[91merror[0m[90m 
TS2561: [0mObject 
literal may only 
specify known 
properties, but 
'academic' does not 
exist in type 'GuardInc
lude<DefaultArgs>'. 
Did you mean to write 
'Academic'?

[7m480[0m         
academic: true,
[7m   [0m [91m      
  ~~~~~~~~[0m

  [96mnode_modules/.pr
isma/client/index.d.ts
[0m:[93m28611[0m:[93
m5[0m
    [7m28611[0m     
include?: 
GuardInclude<ExtArgs> 
| null
    [7m     [0m 
[96m    ~~~~~~~[0m
    The expected type 
comes from property 
'include' which is 
declared here on type 
'{ select?: GuardSelect
<DefaultArgs>; omit?: G
uardOmit<DefaultArgs>; 
include?: GuardInclude<
DefaultArgs>; where: 
GuardWhereUniqueInput; 
}'
[96msrc/guard/guard.se
rvice.ts[0m:[93m512[
0m:[93m42[0m - 
[91merror[0m[90m 
TS2551: [0mProperty 
'AssignedGuard' does 
not exist on type 
'PrismaService'. Did 
you mean 
'assignedGuard'?

[7m512[0m       
const assigned = await 
this.prisma.AssignedGua
rd.findFirst({ where: 
{ guardId: guard.id, 
locationId: { in: locat
ionFilter.locationIds 
}, deploymentTill: 
null } });
[7m   [0m [91m      
                       
            
~~~~~~~~~~~~~[0m

  [96mnode_modules/.pr
isma/client/index.d.ts
[0m:[93m665[0m:[93m7
[0m
    [7m665[0m   get 
assignedGuard(): Prisma
.AssignedGuardDelegate<
ExtArgs, 
ClientOptions>;
    [7m   [0m [96m  
    ~~~~~~~~~~~~~[0m
    'assignedGuard' is 
declared here.
[96msrc/guard/guard.se
rvice.ts[0m:[93m518[
0m:[93m15[0m - 
[91merror[0m[90m 
TS2339: [0mProperty 
'guardDocuments' does 
not exist on type '{ 
id: string; createdAt: 
Date; updatedAt: Date; 
isActive: boolean; 
userId: string; 
organizationId: 
string; officeId: 
string; serviceNumber: 
number; 
currentAddress: 
string; contactNumber: 
string; ... 27 more 
...; permanentAreaPolic
eStation: string; }'.

[7m518[0m     if 
(guard.guardDocuments) 
{
[7m   [0m [91m      
        
~~~~~~~~~~~~~~[0m
[96msrc/guard/guard.se
rvice.ts[0m:[93m529[
0m:[93m17[0m - 
[91merror[0m[90m 
TS2339: [0mProperty 
'guardDocuments' does 
not exist on type '{ 
id: string; createdAt: 
Date; updatedAt: Date; 
isActive: boolean; 
userId: string; 
organizationId: 
string; officeId: 
string; serviceNumber: 
number; 
currentAddress: 
string; contactNumber: 
string; ... 27 more 
...; permanentAreaPolic
eStation: string; }'.

[7m529[0m       if 
(guard.guardDocuments) 
{
[7m   [0m [91m      
          
~~~~~~~~~~~~~~[0m
[96msrc/guard/guard.se
rvice.ts[0m:[93m532[
0m:[93m32[0m - 
[91merror[0m[90m 
TS2339: [0mProperty 
'guardDocuments' does 
not exist on type '{ 
id: string; createdAt: 
Date; updatedAt: Date; 
isActive: boolean; 
userId: string; 
organizationId: 
string; officeId: 
string; serviceNumber: 
number; 
currentAddress: 
string; contactNumber: 
string; ... 27 more 
...; permanentAreaPolic
eStation: string; }'.

[7m532[0m            
 const docs = 
guard.guardDocuments;
[7m   [0m [91m      
                       
  ~~~~~~~~~~~~~~[0m
[96msrc/guard/guard.se
rvice.ts[0m:[93m582[
0m:[93m11[0m - 
[91merror[0m[90m 
TS2561: [0mObject 
literal may only 
specify known 
properties, but 
'academic' does not 
exist in type 'GuardInc
lude<DefaultArgs>'. 
Did you mean to write 
'Academic'?

[7m582[0m           
academic: true,
[7m   [0m [91m      
    ~~~~~~~~[0m

  [96mnode_modules/.pr
isma/client/index.d.ts
[0m:[93m28655[0m:[93
m5[0m
    [7m28655[0m     
include?: 
GuardInclude<ExtArgs> 
| null
    [7m     [0m 
[96m    ~~~~~~~[0m
    The expected type 
comes from property 
'include' which is 
declared here on type 
'{ select?: GuardSelect
<DefaultArgs>; omit?: G
uardOmit<DefaultArgs>; 
include?: GuardInclude<
DefaultArgs>; ... 5 
more ...; distinct?: 
GuardScalarFieldEnum | 
GuardScalarFieldEnum[];
 }'
[96msrc/guard/guard.se
rvice.ts[0m:[93m651[
0m:[93m9[0m - 
[91merror[0m[90m 
TS2561: [0mObject 
literal may only 
specify known 
properties, but 
'academic' does not 
exist in type 'GuardInc
lude<DefaultArgs>'. 
Did you mean to write 
'Academic'?

[7m651[0m         
academic: true,
[7m   [0m [91m      
  ~~~~~~~~[0m

  [96mnode_modules/.pr
isma/client/index.d.ts
[0m:[93m28759[0m:[93
m5[0m
    [7m28759[0m     
include?: 
GuardInclude<ExtArgs> 
| null
    [7m     [0m 
[96m    ~~~~~~~[0m
    The expected type 
comes from property 
'include' which is 
declared here on type 
'{ select?: GuardSelect
<DefaultArgs>; omit?: G
uardOmit<DefaultArgs>; 
include?: GuardInclude<
DefaultArgs>; ... 5 
more ...; distinct?: 
GuardScalarFieldEnum | 
GuardScalarFieldEnum[];
 }'
[96msrc/guard/guard.se
rvice.ts[0m:[93m716[
0m:[93m9[0m - 
[91merror[0m[90m 
TS2561: [0mObject 
literal may only 
specify known 
properties, but 
'assignedGuard' does 
not exist in type 'Guar
dSelect<DefaultArgs>'. 
Did you mean to write 
'AssignedGuard'?

[7m716[0m         
assignedGuard: {
[7m   [0m [91m      
  ~~~~~~~~~~~~~[0m

  [96mnode_modules/.pr
isma/client/index.d.ts
[0m:[93m28751[0m:[93
m5[0m
    [7m28751[0m     
select?: 
GuardSelect<ExtArgs> | 
null
    [7m     [0m 
[96m    ~~~~~~[0m
    The expected type 
comes from property 
'select' which is 
declared here on type 
'{ select?: GuardSelect
<DefaultArgs>; omit?: G
uardOmit<DefaultArgs>; 
include?: GuardInclude<
DefaultArgs>; ... 5 
more ...; distinct?: 
GuardScalarFieldEnum | 
GuardScalarFieldEnum[];
 }'
[96msrc/guard/guard.se
rvice.ts[0m:[93m796[
0m:[93m25[0m - 
[91merror[0m[90m 
TS2551: [0mProperty 
'BankAccount' does not 
exist on type 
'PrismaService'. Did 
you mean 'bankAccount'?

[7m796[0m       
await this.prisma.BankA
ccount.update({
[7m   [0m [91m      
                  
~~~~~~~~~~~[0m

  [96mnode_modules/.pr
isma/client/index.d.ts
[0m:[93m685[0m:[93m7
[0m
    [7m685[0m   get 
bankAccount(): Prisma.B
ankAccountDelegate<ExtA
rgs, ClientOptions>;
    [7m   [0m [96m  
    ~~~~~~~~~~~[0m
    'bankAccount' is 
declared here.
[96msrc/guard/guard.se
rvice.ts[0m:[93m815[
0m:[93m9[0m - 
[91merror[0m[90m 
TS2322: [0mType '{ 
guardId: string; 
isExServiceMen: 
boolean; rankName: 
string; armyNumber: 
string; unit: string; e
xServiceDischargeNumber
: string; branch: 
string; serviceYears: 
number; serviceMonths: 
number; securityYears: 
number; place: string; 
recentCivilEmployment: 
string; }[]' is not 
assignable to type 'Gua
rdExperienceCreateManyI
nput | GuardExperienceC
reateManyInput[]'.
  Type '{ guardId: 
string; 
isExServiceMen: 
boolean; rankName: 
string; armyNumber: 
string; unit: string; e
xServiceDischargeNumber
: string; branch: 
string; serviceYears: 
number; serviceMonths: 
number; securityYears: 
number; place: string; 
recentCivilEmployment: 
string; }[]' is not 
assignable to type 'Gua
rdExperienceCreateManyI
nput[]'.
    Property 'id' is 
missing in type '{ 
guardId: string; 
isExServiceMen: 
boolean; rankName: 
string; armyNumber: 
string; unit: string; e
xServiceDischargeNumber
: string; branch: 
string; serviceYears: 
number; serviceMonths: 
number; securityYears: 
number; place: string; 
recentCivilEmployment: 
string; }' but 
required in type 'Guard
ExperienceCreateManyInp
ut'.

[7m815[0m         
data: guardExperience.m
ap((exp) => ({ ...exp, 
guardId: id })),
[7m   [0m [91m      
  ~~~~[0m

  [96mnode_modules/.pr
isma/client/index.d.ts
[0m:[93m89167[0m:[93
m5[0m
    [7m89167[0m     
id: string
    [7m     [0m 
[96m    ~~[0m
    'id' is declared 
here.
  [96mnode_modules/.pr
isma/client/index.d.ts
[0m:[93m35094[0m:[93
m5[0m
    [7m35094[0m     
data: GuardExperienceCr
eateManyInput | GuardEx
perienceCreateManyInput
[]
    [7m     [0m 
[96m    ~~~~[0m
    The expected type 
comes from property 
'data' which is 
declared here on type 
'{ data: GuardExperienc
eCreateManyInput | Guar
dExperienceCreateManyIn
put[]; 
skipDuplicates?: 
boolean; }'
[96msrc/guard/guard.se
rvice.ts[0m:[93m825[
0m:[93m9[0m - 
[91merror[0m[90m 
TS2322: [0mType '{ 
guardId: string; 
fullName: string; 
fatherName: string; 
cnicNumber: string; 
contactNumber: string; 
currentAddress: 
string; 
permanentAddress: 
string; cnicFront: 
string; cnicBack: 
string; }[]' is not 
assignable to type 'Ref
erenceCreateManyInput 
| ReferenceCreateManyIn
put[]'.
  Type '{ guardId: 
string; fullName: 
string; fatherName: 
string; cnicNumber: 
string; contactNumber: 
string; 
currentAddress: 
string; 
permanentAddress: 
string; cnicFront: 
string; cnicBack: 
string; }[]' is not 
assignable to type 'Ref
erenceCreateManyInput[]
'.
    Property 'id' is 
missing in type '{ 
guardId: string; 
fullName: string; 
fatherName: string; 
cnicNumber: string; 
contactNumber: string; 
currentAddress: 
string; 
permanentAddress: 
string; cnicFront: 
string; cnicBack: 
string; }' but 
required in type 'Refer
enceCreateManyInput'.

[7m825[0m         
data: 
references.map((ref) 
=> ({
[7m   [0m [91m      
  ~~~~[0m

  [96mnode_modules/.pr
isma/client/index.d.ts
[0m:[93m91236[0m:[93
m5[0m
    [7m91236[0m     
id: string
    [7m     [0m 
[96m    ~~[0m
    'id' is declared 
here.
  [96mnode_modules/.pr
isma/client/index.d.ts
[0m:[93m59959[0m:[93
m5[0m
    [7m59959[0m     
data: ReferenceCreateMa
nyInput | ReferenceCrea
teManyInput[]
    [7m     [0m 
[96m    ~~~~[0m
    The expected type 
comes from property 
'data' which is 
declared here on type 
'{ data: ReferenceCreat
eManyInput | ReferenceC
reateManyInput[]; 
skipDuplicates?: 
boolean; }'
[96msrc/guard/guard.se
rvice.ts[0m:[93m842[
0m:[93m9[0m - 
[91merror[0m[90m 
TS2561: [0mObject 
literal may only 
specify known 
properties, but 
'academic' does not 
exist in type 'GuardInc
lude<DefaultArgs>'. 
Did you mean to write 
'Academic'?

[7m842[0m         
academic: true,
[7m   [0m [91m      
  ~~~~~~~~[0m

  [96mnode_modules/.pr
isma/client/index.d.ts
[0m:[93m28611[0m:[93
m5[0m
    [7m28611[0m     
include?: 
GuardInclude<ExtArgs> 
| null
    [7m     [0m 
[96m    ~~~~~~~[0m
    The expected type 
comes from property 
'include' which is 
declared here on type 
'{ select?: GuardSelect
<DefaultArgs>; omit?: G
uardOmit<DefaultArgs>; 
include?: GuardInclude<
DefaultArgs>; where: 
GuardWhereUniqueInput; 
}'
[96msrc/guard/guard.se
rvice.ts[0m:[93m916[
0m:[93m49[0m - 
[91merror[0m[90m 
TS2551: [0mProperty 
'AssignedGuard' does 
not exist on type 
'PrismaService'. Did 
you mean 
'assignedGuard'?

[7m916[0m         
const assignedGuard = 
await this.prisma.Assig
nedGuard.findMany({
[7m   [0m [91m      
                       
                   
~~~~~~~~~~~~~[0m

  [96mnode_modules/.pr
isma/client/index.d.ts
[0m:[93m665[0m:[93m7
[0m
    [7m665[0m   get 
assignedGuard(): Prisma
.AssignedGuardDelegate<
ExtArgs, 
ClientOptions>;
    [7m   [0m [96m  
    ~~~~~~~~~~~~~[0m
    'assignedGuard' is 
declared here.
[96msrc/guard/guard.se
rvice.ts[0m:[93m927[
0m:[93m55[0m - 
[91merror[0m[90m 
TS2551: [0mProperty 
'AssignedGuard' does 
not exist on type 
'PrismaService'. Did 
you mean 
'assignedGuard'?

[7m927[0m       
const 
existingAssignedGuard 
= await this.prisma.Ass
ignedGuard.findFirst({
[7m   [0m [91m      
                       
                       
  ~~~~~~~~~~~~~[0m

  [96mnode_modules/.pr
isma/client/index.d.ts
[0m:[93m665[0m:[93m7
[0m
    [7m665[0m   get 
assignedGuard(): Prisma
.AssignedGuardDelegate<
ExtArgs, 
ClientOptions>;
    [7m   [0m [96m  
    ~~~~~~~~~~~~~[0m
    'assignedGuard' is 
declared here.
[96msrc/guard/guard.se
rvice.ts[0m:[93m940[
0m:[93m29[0m - 
[91merror[0m[90m 
TS2551: [0mProperty 
'AssignedGuard' does 
not exist on type 
'PrismaService'. Did 
you mean 
'assignedGuard'?

[7m940[0m           
await this.prisma.Assig
nedGuard.update({
[7m   [0m [91m      
                      
~~~~~~~~~~~~~[0m

  [96mnode_modules/.pr
isma/client/index.d.ts
[0m:[93m665[0m:[93m7
[0m
    [7m665[0m   get 
assignedGuard(): Prisma
.AssignedGuardDelegate<
ExtArgs, 
ClientOptions>;
    [7m   [0m [96m  
    ~~~~~~~~~~~~~[0m
    'assignedGuard' is 
declared here.
[96msrc/guard/guard.se
rvice.ts[0m:[93m949[
0m:[93m29[0m - 
[91merror[0m[90m 
TS2551: [0mProperty 
'AssignedGuard' does 
not exist on type 
'PrismaService'. Did 
you mean 
'assignedGuard'?

[7m949[0m           
await this.prisma.Assig
nedGuard.update({
[7m   [0m [91m      
                      
~~~~~~~~~~~~~[0m

  [96mnode_modules/.pr
isma/client/index.d.ts
[0m:[93m665[0m:[93m7
[0m
    [7m665[0m   get 
assignedGuard(): Prisma
.AssignedGuardDelegate<
ExtArgs, 
ClientOptions>;
    [7m   [0m [96m  
    ~~~~~~~~~~~~~[0m
    'assignedGuard' is 
declared here.
[96msrc/guard/guard.se
rvice.ts[0m:[93m957[
0m:[93m45[0m - 
[91merror[0m[90m 
TS2551: [0mProperty 
'AssignedGuard' does 
not exist on type 
'PrismaService'. Did 
you mean 
'assignedGuard'?

[7m957[0m       
const assignGuard = 
await this.prisma.Assig
nedGuard.create({
[7m   [0m [91m      
                       
               
~~~~~~~~~~~~~[0m

  [96mnode_modules/.pr
isma/client/index.d.ts
[0m:[93m665[0m:[93m7
[0m
    [7m665[0m   get 
assignedGuard(): Prisma
.AssignedGuardDelegate<
ExtArgs, 
ClientOptions>;
    [7m   [0m [96m  
    ~~~~~~~~~~~~~[0m
    'assignedGuard' is 
declared here.
[96msrc/guard/guard.se
rvice.ts[0m:[93m1020
[0m:[93m47[0m - 
[91merror[0m[90m 
TS2551: [0mProperty 
'AssignedGuard' does 
not exist on type 
'PrismaService'. Did 
you mean 
'assignedGuard'?

[7m1020[0m       
const assignedGuard = 
await this.prisma.Assig
nedGuard.findFirst({
[7m    [0m [91m     
                       
                  
~~~~~~~~~~~~~[0m

  [96mnode_modules/.pr
isma/client/index.d.ts
[0m:[93m665[0m:[93m7
[0m
    [7m665[0m   get 
assignedGuard(): Prisma
.AssignedGuardDelegate<
ExtArgs, 
ClientOptions>;
    [7m   [0m [96m  
    ~~~~~~~~~~~~~[0m
    'assignedGuard' is 
declared here.
[96msrc/guard/guard.se
rvice.ts[0m:[93m1218
[0m:[93m13[0m - 
[91merror[0m[90m 
TS2322: [0mType '{ 
userId: string; 
roleId: string; }' is 
not assignable to type 
'(Without<UserRoleCreat
eInput, UserRoleUncheck
edCreateInput> & UserRo
leUncheckedCreateInput)
 | (Without<...> & 
UserRoleCreateInput)'.
  Type '{ userId: 
string; roleId: 
string; }' is not 
assignable to type 'Wit
hout<UserRoleUncheckedC
reateInput, 
UserRoleCreateInput> & 
UserRoleCreateInput'.
    Type '{ userId: 
string; roleId: 
string; }' is not 
assignable to type 'Wit
hout<UserRoleUncheckedC
reateInput, 
UserRoleCreateInput>'.
      Types of 
property 'userId' are 
incompatible.
        Type 'string' 
is not assignable to 
type 'never'.

[7m1218[0m           
  data: {
[7m    [0m [91m     
       ~~~~[0m

  [96mnode_modules/.pr
isma/client/index.d.ts
[0m:[93m72191[0m:[93
m5[0m
    [7m72191[0m     
data: XOR<UserRoleCreat
eInput, UserRoleUncheck
edCreateInput>
    [7m     [0m 
[96m    ~~~~[0m
    The expected type 
comes from property 
'data' which is 
declared here on type 
'{ select?: UserRoleSel
ect<DefaultArgs>; 
omit?: UserRoleOmit<Def
aultArgs>; include?: Us
erRoleInclude<DefaultAr
gs>; data: 
(Without<...> & UserRol
eUncheckedCreateInput) 
| (Without<...> & 
UserRoleCreateInput); 
}'
[96msrc/guard/guard.se
rvice.ts[0m:[93m1296
[0m:[93m7[0m - 
[91merror[0m[90m 
TS2322: [0mType '{ 
locationId: string; 
employeeId: string; 
supervisorEmployeeId: 
string; clientId: 
string; 
deploymentDate: Date; 
}' is not assignable 
to type '(Without<Assig
nedSupervisorCreateInpu
t, AssignedSupervisorUn
checkedCreateInput> & A
ssignedSupervisorUnchec
kedCreateInput) | 
(Without<...> & Assigne
dSupervisorCreateInput)
'.
  Type '{ locationId: 
string; employeeId: 
string; 
supervisorEmployeeId: 
string; clientId: 
string; 
deploymentDate: Date; 
}' is not assignable 
to type 'Without<Assign
edSupervisorUncheckedCr
eateInput, AssignedSupe
rvisorCreateInput> & As
signedSupervisorCreateI
nput'.
    Type '{ 
locationId: string; 
employeeId: string; 
supervisorEmployeeId: 
string; clientId: 
string; 
deploymentDate: Date; 
}' is not assignable 
to type 'Without<Assign
edSupervisorUncheckedCr
eateInput, AssignedSupe
rvisorCreateInput>'.
      Types of 
property 'employeeId' 
are incompatible.
        Type 'string' 
is not assignable to 
type 'never'.

[7m1296[0m       
data: {
[7m    [0m [91m     
 ~~~~[0m

  [96mnode_modules/.pr
isma/client/index.d.ts
[0m:[93m12296[0m:[93
m5[0m
    [7m12296[0m     
data: XOR<AssignedSuper
visorCreateInput, Assig
nedSupervisorUncheckedC
reateInput>
    [7m     [0m 
[96m    ~~~~[0m
    The expected type 
comes from property 
'data' which is 
declared here on type 
'{ select?: AssignedSup
ervisorSelect<DefaultAr
gs>; omit?: AssignedSup
ervisorOmit<DefaultArgs
>; include?: AssignedSu
pervisorInclude<...>; 
data: (Without<...> & A
ssignedSupervisorUnchec
kedCreateInput) | 
(Without<...> & Assigne
dSupervisorCreateInput)
; }'
[96msrc/guard/guard.se
rvice.ts[0m:[93m1304
[0m:[93m9[0m - 
[91merror[0m[90m 
TS2561: [0mObject 
literal may only 
specify known 
properties, but 
'location' does not 
exist in type 'Assigned
SupervisorInclude<Defau
ltArgs>'. Did you mean 
to write 'locations'?

[7m1304[0m         
location: true,
[7m    [0m [91m     
   ~~~~~~~~[0m

  [96mnode_modules/.pr
isma/client/index.d.ts
[0m:[93m12292[0m:[93
m5[0m
    [7m12292[0m     
include?: AssignedSuper
visorInclude<ExtArgs> 
| null
    [7m     [0m 
[96m    ~~~~~~~[0m
    The expected type 
comes from property 
'include' which is 
declared here on type 
'{ select?: AssignedSup
ervisorSelect<DefaultAr
gs>; omit?: AssignedSup
ervisorOmit<DefaultArgs
>; include?: AssignedSu
pervisorInclude<...>; 
data: (Without<...> & A
ssignedSupervisorUnchec
kedCreateInput) | 
(Without<...> & Assigne
dSupervisorCreateInput)
; }'
[96msrc/inventory/cate
gories/categories.servi
ce.ts[0m:[93m16[0m:
[93m9[0m - 
[91merror[0m[90m 
TS2322: [0mType '{ 
organizationId: 
string; name: string; 
description: string; 
isActive: true; }' is 
not assignable to type 
'(Without<ItemCategoryC
reateInput, ItemCategor
yUncheckedCreateInput> 
& ItemCategoryUnchecked
CreateInput) | 
(Without<...> & ItemCat
egoryCreateInput)'.
  Type '{ 
organizationId: 
string; name: string; 
description: string; 
isActive: true; }' is 
not assignable to type 
'Without<ItemCategoryUn
checkedCreateInput, Ite
mCategoryCreateInput> 
& ItemCategoryCreateInp
ut'.
    Type '{ 
organizationId: 
string; name: string; 
description: string; 
isActive: true; }' is 
not assignable to type 
'Without<ItemCategoryUn
checkedCreateInput, Ite
mCategoryCreateInput>'.
      Types of 
property 
'organizationId' are 
incompatible.
        Type 'string' 
is not assignable to 
type 'never'.

[7m16[0m         
data: {
[7m  [0m [91m       
 ~~~~[0m

  [96mnode_modules/.pr
isma/client/index.d.ts
[0m:[93m44882[0m:[93
m5[0m
    [7m44882[0m     
data: XOR<ItemCategoryC
reateInput, ItemCategor
yUncheckedCreateInput>
    [7m     [0m 
[96m    ~~~~[0m
    The expected type 
comes from property 
'data' which is 
declared here on type 
'{ select?: ItemCategor
ySelect<DefaultArgs>; 
omit?: ItemCategoryOmit
<DefaultArgs>; 
include?: ItemCategoryI
nclude<DefaultArgs>; 
data: (Without<...> & I
temCategoryUncheckedCre
ateInput) | 
(Without<...> & ItemCat
egoryCreateInput); }'
[96msrc/inventory/cate
gories/categories.servi
ce.ts[0m:[93m49[0m:
[93m22[0m - 
[91merror[0m[90m 
TS2353: [0mObject 
literal may only 
specify known 
properties, and 
'groups' does not 
exist in type 'ItemCate
goryInclude<DefaultArgs
>'.

[7m49[0m           
include: { groups: 
true, items: true },
[7m  [0m [91m       
              
~~~~~~[0m

  [96mnode_modules/.pr
isma/client/index.d.ts
[0m:[93m44831[0m:[93
m5[0m
    [7m44831[0m     
include?: ItemCategoryI
nclude<ExtArgs> | null
    [7m     [0m 
[96m    ~~~~~~~[0m
    The expected type 
comes from property 
'include' which is 
declared here on type 
'{ select?: ItemCategor
ySelect<DefaultArgs>; 
omit?: ItemCategoryOmit
<DefaultArgs>; 
include?: ItemCategoryI
nclude<DefaultArgs>; 
... 5 more ...; 
distinct?: ItemCategory
ScalarFieldEnum | ItemC
ategoryScalarFieldEnum[
]; }'
[96msrc/inventory/cate
gories/categories.servi
ce.ts[0m:[93m70[0m:
[93m20[0m - 
[91merror[0m[90m 
TS2353: [0mObject 
literal may only 
specify known 
properties, and 
'groups' does not 
exist in type 'ItemCate
goryInclude<DefaultArgs
>'.

[7m70[0m         
include: { groups: 
true, items: true },
[7m  [0m [91m       
            ~~~~~~[0m

  [96mnode_modules/.pr
isma/client/index.d.ts
[0m:[93m44727[0m:[93
m5[0m
    [7m44727[0m     
include?: ItemCategoryI
nclude<ExtArgs> | null
    [7m     [0m 
[96m    ~~~~~~~[0m
    The expected type 
comes from property 
'include' which is 
declared here on type 
'{ select?: ItemCategor
ySelect<DefaultArgs>; 
omit?: ItemCategoryOmit
<DefaultArgs>; 
include?: ItemCategoryI
nclude<DefaultArgs>; 
... 5 more ...; 
distinct?: ItemCategory
ScalarFieldEnum | ItemC
ategoryScalarFieldEnum[
]; }'
[96msrc/inventory/grn/
grn.service.ts[0m:[93
m86[0m:[93m13[0m - 
[91merror[0m[90m 
TS2353: [0mObject 
literal may only 
specify known 
properties, and 
'items' does not exist 
in type 'PurchaseOrderI
nclude<DefaultArgs>'.

[7m86[0m             
items: true,
[7m  [0m [91m       
     ~~~~~[0m

  [96mnode_modules/.pr
isma/client/index.d.ts
[0m:[93m54873[0m:[93
m5[0m
    [7m54873[0m     
include?: PurchaseOrder
Include<ExtArgs> | null
    [7m     [0m 
[96m    ~~~~~~~[0m
    The expected type 
comes from property 
'include' which is 
declared here on type 
'{ select?: PurchaseOrd
erSelect<DefaultArgs>; 
omit?: PurchaseOrderOmi
t<DefaultArgs>; 
include?: PurchaseOrder
Include<DefaultArgs>; 
... 5 more ...; 
distinct?: PurchaseOrde
rScalarFieldEnum | Purc
haseOrderScalarFieldEnu
m[]; }'
[96msrc/inventory/grn/
grn.service.ts[0m:[93
m96[0m:[93m40[0m - 
[91merror[0m[90m 
TS2339: [0mProperty 
'items' does not exist 
on type '{ id: string; 
createdAt: Date; 
updatedAt: Date; 
organizationId: 
string; officeId: 
string; status: 
POStatus; poNumber: 
string; prId: string; 
orderedBy: string; 
orderDate: Date; ... 8 
more ...; notes: 
string; }'.

[7m96[0m           
const poItemMap = new 
Map(po.items.map((pi: 
any) => [pi.id, pi]));
[7m  [0m [91m       
                       
         ~~~~~[0m
[96msrc/inventory/grn/
grn.service.ts[0m:[93
m109[0m:[93m61[0m - 
[91merror[0m[90m 
TS2339: [0mProperty 
'quantityOrdered' does 
not exist on type 
'unknown'.

[7m109[0m            
   if ((grnItem.quantit
yReceived || 0) > (poIt
em.quantityOrdered || 
0)) {
[7m   [0m [91m      
                       
                       
        
~~~~~~~~~~~~~~~[0m
[96msrc/inventory/grn/
grn.service.ts[0m:[93
m111[0m:[93m122[0m 
- [91merror[0m[90m 
TS2339: [0mProperty 
'quantityOrdered' does 
not exist on type 
'unknown'.

[7m111[0m            
       `For PO Item: 
quantity received (${gr
nItem.quantityReceived}
) cannot exceed 
quantity ordered (${poI
tem.quantityOrdered})`,
[7m   [0m [91m      
                       
                       
                       
                       
                       
~~~~~~~~~~~~~~~[0m
[96msrc/inventory/grn/
grn.service.ts[0m:[93
m116[0m:[93m45[0m - 
[91merror[0m[90m 
TS2339: [0mProperty 
'quantityReceived' 
does not exist on type 
'unknown'.

[7m116[0m            
   const totalReceived 
= (poItem.quantityRecei
ved || 0) + (grnItem.qu
antityReceived || 0);
[7m   [0m [91m      
                       
               
~~~~~~~~~~~~~~~~[0m
[96msrc/inventory/grn/
grn.service.ts[0m:[93
m117[0m:[93m43[0m - 
[91merror[0m[90m 
TS2339: [0mProperty 
'quantityOrdered' does 
not exist on type 
'unknown'.

[7m117[0m            
   if (totalReceived > 
(poItem.quantityOrdered
 || 0)) {
[7m   [0m [91m      
                       
             
~~~~~~~~~~~~~~~[0m
[96msrc/inventory/grn/
grn.service.ts[0m:[93
m119[0m:[93m116[0m 
- [91merror[0m[90m 
TS2339: [0mProperty 
'quantityOrdered' does 
not exist on type 
'unknown'.

[7m119[0m            
       `For PO Item: 
total received 
quantity 
(${totalReceived}) 
would exceed ordered 
quantity (${poItem.quan
tityOrdered})`,
[7m   [0m [91m      
                       
                       
                       
                       
                 
~~~~~~~~~~~~~~~[0m
[96msrc/inventory/grn/
grn.service.ts[0m:[93
m159[0m:[93m11[0m - 
[91merror[0m[90m 
TS2353: [0mObject 
literal may only 
specify known 
properties, and 
'items' does not exist 
in type '(Without<GrnCr
eateInput, GrnUnchecked
CreateInput> & GrnUnche
ckedCreateInput) | (Wit
hout<GrnUncheckedCreate
Input, GrnCreateInput> 
& GrnCreateInput)'.

[7m159[0m           
items: {
[7m   [0m [91m      
    ~~~~~[0m

  [96mnode_modules/.pr
isma/client/index.d.ts
[0m:[93m25887[0m:[93
m5[0m
    [7m25887[0m     
data: 
XOR<GrnCreateInput, Grn
UncheckedCreateInput>
    [7m     [0m 
[96m    ~~~~[0m
    The expected type 
comes from property 
'data' which is 
declared here on type 
'{ select?: GrnSelect<D
efaultArgs>; omit?: 
GrnOmit<DefaultArgs>; 
include?: GrnInclude<De
faultArgs>; data: 
(Without<...> & GrnUnch
eckedCreateInput) | 
(Without<...> & 
GrnCreateInput); }'
[96msrc/inventory/grn/
grn.service.ts[0m:[93
m185[0m:[93m11[0m - 
[91merror[0m[90m 
TS2353: [0mObject 
literal may only 
specify known 
properties, and 
'items' does not exist 
in type 'GrnInclude<Def
aultArgs>'.

[7m185[0m           
items: {
[7m   [0m [91m      
    ~~~~~[0m

  [96mnode_modules/.pr
isma/client/index.d.ts
[0m:[93m25883[0m:[93
m5[0m
    [7m25883[0m     
include?: 
GrnInclude<ExtArgs> | 
null
    [7m     [0m 
[96m    ~~~~~~~[0m
    The expected type 
comes from property 
'include' which is 
declared here on type 
'{ select?: GrnSelect<D
efaultArgs>; omit?: 
GrnOmit<DefaultArgs>; 
include?: GrnInclude<De
faultArgs>; data: 
(Without<...> & GrnUnch
eckedCreateInput) | 
(Without<...> & 
GrnCreateInput); }'
[96msrc/inventory/grn/
grn.service.ts[0m:[93
m260[0m:[93m13[0m - 
[91merror[0m[90m 
TS2353: [0mObject 
literal may only 
specify known 
properties, and 
'items' does not exist 
in type 'GrnInclude<Def
aultArgs>'.

[7m260[0m            
 items: {
[7m   [0m [91m      
      ~~~~~[0m

  [96mnode_modules/.pr
isma/client/index.d.ts
[0m:[93m25836[0m:[93
m5[0m
    [7m25836[0m     
include?: 
GrnInclude<ExtArgs> | 
null
    [7m     [0m 
[96m    ~~~~~~~[0m
    The expected type 
comes from property 
'include' which is 
declared here on type 
'{ select?: GrnSelect<D
efaultArgs>; omit?: 
GrnOmit<DefaultArgs>; 
include?: GrnInclude<De
faultArgs>; where?: 
GrnWhereInput; ... 4 
more ...; distinct?: 
GrnScalarFieldEnum | 
GrnScalarFieldEnum[]; 
}'
[96msrc/inventory/grn/
grn.service.ts[0m:[93
m316[0m:[93m11[0m - 
[91merror[0m[90m 
TS2353: [0mObject 
literal may only 
specify known 
properties, and 
'items' does not exist 
in type 'GrnInclude<Def
aultArgs>'.

[7m316[0m           
items: {
[7m   [0m [91m      
    ~~~~~[0m

  [96mnode_modules/.pr
isma/client/index.d.ts
[0m:[93m25732[0m:[93
m5[0m
    [7m25732[0m     
include?: 
GrnInclude<ExtArgs> | 
null
    [7m     [0m 
[96m    ~~~~~~~[0m
    The expected type 
comes from property 
'include' which is 
declared here on type 
'{ select?: GrnSelect<D
efaultArgs>; omit?: 
GrnOmit<DefaultArgs>; 
include?: GrnInclude<De
faultArgs>; where?: 
GrnWhereInput; ... 4 
more ...; distinct?: 
GrnScalarFieldEnum | 
GrnScalarFieldEnum[]; 
}'
[96msrc/inventory/grn/
grn.service.ts[0m:[93
m402[0m:[93m11[0m - 
[91merror[0m[90m 
TS2353: [0mObject 
literal may only 
specify known 
properties, and 
'items' does not exist 
in type 'GrnInclude<Def
aultArgs>'.

[7m402[0m           
items: {
[7m   [0m [91m      
    ~~~~~[0m

  [96mnode_modules/.pr
isma/client/index.d.ts
[0m:[93m25939[0m:[93
m5[0m
    [7m25939[0m     
include?: 
GrnInclude<ExtArgs> | 
null
    [7m     [0m 
[96m    ~~~~~~~[0m
    The expected type 
comes from property 
'include' which is 
declared here on type 
'{ select?: GrnSelect<D
efaultArgs>; omit?: 
GrnOmit<DefaultArgs>; 
include?: GrnInclude<De
faultArgs>; data: 
(Without<...> & GrnUnch
eckedUpdateInput) | 
(Without<...> & 
GrnUpdateInput); 
where: 
GrnWhereUniqueInput; }'
[96msrc/inventory/grn/
grn.service.ts[0m:[93
m515[0m:[93m11[0m - 
[91merror[0m[90m 
TS2353: [0mObject 
literal may only 
specify known 
properties, and 
'items' does not exist 
in type 'GrnInclude<Def
aultArgs>'.

[7m515[0m           
items: {
[7m   [0m [91m      
    ~~~~~[0m

  [96mnode_modules/.pr
isma/client/index.d.ts
[0m:[93m25939[0m:[93
m5[0m
    [7m25939[0m     
include?: 
GrnInclude<ExtArgs> | 
null
    [7m     [0m 
[96m    ~~~~~~~[0m
    The expected type 
comes from property 
'include' which is 
declared here on type 
'{ select?: GrnSelect<D
efaultArgs>; omit?: 
GrnOmit<DefaultArgs>; 
include?: GrnInclude<De
faultArgs>; data: 
(Without<...> & GrnUnch
eckedUpdateInput) | 
(Without<...> & 
GrnUpdateInput); 
where: 
GrnWhereUniqueInput; }'
[96msrc/inventory/grn/
grn.service.ts[0m:[93
m588[0m:[93m11[0m - 
[91merror[0m[90m 
TS2353: [0mObject 
literal may only 
specify known 
properties, and 
'items' does not exist 
in type 'GrnInclude<Def
aultArgs>'.

[7m588[0m           
items: {
[7m   [0m [91m      
    ~~~~~[0m

  [96mnode_modules/.pr
isma/client/index.d.ts
[0m:[93m25732[0m:[93
m5[0m
    [7m25732[0m     
include?: 
GrnInclude<ExtArgs> | 
null
    [7m     [0m 
[96m    ~~~~~~~[0m
    The expected type 
comes from property 
'include' which is 
declared here on type 
'{ select?: GrnSelect<D
efaultArgs>; omit?: 
GrnOmit<DefaultArgs>; 
include?: GrnInclude<De
faultArgs>; where?: 
GrnWhereInput; ... 4 
more ...; distinct?: 
GrnScalarFieldEnum | 
GrnScalarFieldEnum[]; 
}'
[96msrc/inventory/grn/
grn.service.ts[0m:[93
m624[0m:[93m38[0m - 
[91merror[0m[90m 
TS2339: [0mProperty 
'items' does not exist 
on type '{ id: string; 
createdAt: Date; 
updatedAt: Date; 
organizationId: 
string; status: 
GRNStatus; 
totalAmount: Decimal; 
notes: string; 
grnNumber: string; 
poId: string; ... 7 
more ...; 
totalQuantity: number; 
}'.

[7m624[0m       
const grnItemMap = new 
Map(grn.items.map((item
) => [item.id, item]));
[7m   [0m [91m      
                       
        ~~~~~[0m
[96msrc/inventory/grn/
grn.service.ts[0m:[93
m721[0m:[93m17[0m - 
[91merror[0m[90m 
TS2322: [0mType '{ 
organizationId: 
string; storeId: 
string; itemId: any; 
quantityOnHand: any; 
quantityReserved: 
number; 
quantityAvailable: 
any; lastCountedDate: 
Date; }' is not 
assignable to type '(Wi
thout<InventoryCreateIn
put, InventoryUnchecked
CreateInput> & Inventor
yUncheckedCreateInput) 
| (Without<...> & 
InventoryCreateInput)'.
  Type '{ 
organizationId: 
string; storeId: 
string; itemId: any; 
quantityOnHand: any; 
quantityReserved: 
number; 
quantityAvailable: 
any; lastCountedDate: 
Date; }' is not 
assignable to type 'Wit
hout<InventoryUnchecked
CreateInput, 
InventoryCreateInput> 
& 
InventoryCreateInput'.
    Type '{ 
organizationId: 
string; storeId: 
string; itemId: any; 
quantityOnHand: any; 
quantityReserved: 
number; 
quantityAvailable: 
any; lastCountedDate: 
Date; }' is not 
assignable to type 'Wit
hout<InventoryUnchecked
CreateInput, 
InventoryCreateInput>'.
      Types of 
property 
'organizationId' are 
incompatible.
        Type 'string' 
is not assignable to 
type 'never'.

[7m721[0m            
     data: {
[7m   [0m [91m      
          ~~~~[0m

  [96mnode_modules/.pr
isma/client/index.d.ts
[0m:[93m37444[0m:[93
m5[0m
    [7m37444[0m     
data: XOR<InventoryCrea
teInput, InventoryUnche
ckedCreateInput>
    [7m     [0m 
[96m    ~~~~[0m
    The expected type 
comes from property 
'data' which is 
declared here on type 
'{ select?: InventorySe
lect<DefaultArgs>; 
omit?: InventoryOmit<De
faultArgs>; include?: I
nventoryInclude<Default
Args>; data: 
(Without<...> & Invento
ryUncheckedCreateInput)
 | (Without<...> & 
InventoryCreateInput); 
}'
[96msrc/inventory/grn/
grn.service.ts[0m:[93
m774[0m:[93m43[0m - 
[91merror[0m[90m 
TS2339: [0mProperty 
'items' does not exist 
on type '{ id: string; 
createdAt: Date; 
updatedAt: Date; 
organizationId: 
string; status: 
GRNStatus; 
totalAmount: Decimal; 
notes: string; 
grnNumber: string; 
poId: string; ... 7 
more ...; 
totalQuantity: number; 
}'.

[7m774[0m         
const 
allItemsFullyReceived 
= 
grn.items.every((item) 
=> {
[7m   [0m [91m      
                       
             ~~~~~[0m
[96msrc/inventory/grn/
grn.service.ts[0m:[93
m822[0m:[93m13[0m - 
[91merror[0m[90m 
TS2353: [0mObject 
literal may only 
specify known 
properties, and 
'items' does not exist 
in type 'GrnInclude<Def
aultArgs>'.

[7m822[0m            
 items: {
[7m   [0m [91m      
      ~~~~~[0m

  [96mnode_modules/.pr
isma/client/index.d.ts
[0m:[93m25939[0m:[93
m5[0m
    [7m25939[0m     
include?: 
GrnInclude<ExtArgs> | 
null
    [7m     [0m 
[96m    ~~~~~~~[0m
    The expected type 
comes from property 
'include' which is 
declared here on type 
'{ select?: GrnSelect<D
efaultArgs>; omit?: 
GrnOmit<DefaultArgs>; 
include?: GrnInclude<De
faultArgs>; data: 
(Without<...> & GrnUnch
eckedUpdateInput) | 
(Without<...> & 
GrnUpdateInput); 
where: 
GrnWhereUniqueInput; }'
[96msrc/inventory/grou
ps/groups.service.ts[0
m:[93m16[0m:[93m9[0
m - 
[91merror[0m[90m 
TS2322: [0mType '{ 
organizationId: 
string; name: string; 
description: string; 
categoryId: string; 
isActive: true; }' is 
not assignable to type 
'(Without<ItemGroupCrea
teInput, ItemGroupUnche
ckedCreateInput> & Item
GroupUncheckedCreateInp
ut) | (Without<...> & 
ItemGroupCreateInput)'.
  Type '{ 
organizationId: 
string; name: string; 
description: string; 
categoryId: string; 
isActive: true; }' is 
not assignable to type 
'Without<ItemGroupUnche
ckedCreateInput, 
ItemGroupCreateInput> 
& 
ItemGroupCreateInput'.
    Type '{ 
organizationId: 
string; name: string; 
description: string; 
categoryId: string; 
isActive: true; }' is 
not assignable to type 
'Without<ItemGroupUnche
ckedCreateInput, 
ItemGroupCreateInput>'.
      Types of 
property 
'organizationId' are 
incompatible.
        Type 'string' 
is not assignable to 
type 'never'.

[7m16[0m         
data: {
[7m  [0m [91m       
 ~~~~[0m

  [96mnode_modules/.pr
isma/client/index.d.ts
[0m:[93m46041[0m:[93
m5[0m
    [7m46041[0m     
data: XOR<ItemGroupCrea
teInput, ItemGroupUnche
ckedCreateInput>
    [7m     [0m 
[96m    ~~~~[0m
    The expected type 
comes from property 
'data' which is 
declared here on type 
'{ select?: ItemGroupSe
lect<DefaultArgs>; 
omit?: ItemGroupOmit<De
faultArgs>; include?: I
temGroupInclude<Default
Args>; data: 
(Without<...> & ItemGro
upUncheckedCreateInput)
 | (Without<...> & 
ItemGroupCreateInput); 
}'
[96msrc/inventory/grou
ps/groups.service.ts[0
m:[93m23[0m:[93m20[
0m - 
[91merror[0m[90m 
TS2353: [0mObject 
literal may only 
specify known 
properties, and 
'category' does not 
exist in type 'ItemGrou
pInclude<DefaultArgs>'.

[7m23[0m         
include: { category: 
true, items: true },
[7m  [0m [91m       
            
~~~~~~~~[0m

  [96mnode_modules/.pr
isma/client/index.d.ts
[0m:[93m46037[0m:[93
m5[0m
    [7m46037[0m     
include?: ItemGroupIncl
ude<ExtArgs> | null
    [7m     [0m 
[96m    ~~~~~~~[0m
    The expected type 
comes from property 
'include' which is 
declared here on type 
'{ select?: ItemGroupSe
lect<DefaultArgs>; 
omit?: ItemGroupOmit<De
faultArgs>; include?: I
temGroupInclude<Default
Args>; data: 
(Without<...> & ItemGro
upUncheckedCreateInput)
 | (Without<...> & 
ItemGroupCreateInput); 
}'
[96msrc/inventory/grou
ps/groups.service.ts[0
m:[93m55[0m:[93m22[
0m - 
[91merror[0m[90m 
TS2353: [0mObject 
literal may only 
specify known 
properties, and 
'category' does not 
exist in type 'ItemGrou
pInclude<DefaultArgs>'.

[7m55[0m           
include: { category: 
true, items: true },
[7m  [0m [91m       
              
~~~~~~~~[0m

  [96mnode_modules/.pr
isma/client/index.d.ts
[0m:[93m45990[0m:[93
m5[0m
    [7m45990[0m     
include?: ItemGroupIncl
ude<ExtArgs> | null
    [7m     [0m 
[96m    ~~~~~~~[0m
    The expected type 
comes from property 
'include' which is 
declared here on type 
'{ select?: ItemGroupSe
lect<DefaultArgs>; 
omit?: ItemGroupOmit<De
faultArgs>; include?: I
temGroupInclude<Default
Args>; ... 5 more ...; 
distinct?: ItemGroupSca
larFieldEnum | ItemGrou
pScalarFieldEnum[]; }'
[96msrc/inventory/grou
ps/groups.service.ts[0
m:[93m76[0m:[93m20[
0m - 
[91merror[0m[90m 
TS2353: [0mObject 
literal may only 
specify known 
properties, and 
'category' does not 
exist in type 'ItemGrou
pInclude<DefaultArgs>'.

[7m76[0m         
include: { category: 
true, items: true },
[7m  [0m [91m       
            
~~~~~~~~[0m

  [96mnode_modules/.pr
isma/client/index.d.ts
[0m:[93m45886[0m:[93
m5[0m
    [7m45886[0m     
include?: ItemGroupIncl
ude<ExtArgs> | null
    [7m     [0m 
[96m    ~~~~~~~[0m
    The expected type 
comes from property 
'include' which is 
declared here on type 
'{ select?: ItemGroupSe
lect<DefaultArgs>; 
omit?: ItemGroupOmit<De
faultArgs>; include?: I
temGroupInclude<Default
Args>; ... 5 more ...; 
distinct?: ItemGroupSca
larFieldEnum | ItemGrou
pScalarFieldEnum[]; }'
[96msrc/inventory/grou
ps/groups.service.ts[0
m:[93m102[0m:[93m20
[0m - 
[91merror[0m[90m 
TS2353: [0mObject 
literal may only 
specify known 
properties, and 
'category' does not 
exist in type 'ItemGrou
pInclude<DefaultArgs>'.

[7m102[0m         
include: { category: 
true, items: true },
[7m   [0m [91m      
             
~~~~~~~~[0m

  [96mnode_modules/.pr
isma/client/index.d.ts
[0m:[93m46093[0m:[93
m5[0m
    [7m46093[0m     
include?: ItemGroupIncl
ude<ExtArgs> | null
    [7m     [0m 
[96m    ~~~~~~~[0m
    The expected type 
comes from property 
'include' which is 
declared here on type 
'{ select?: ItemGroupSe
lect<DefaultArgs>; 
omit?: ItemGroupOmit<De
faultArgs>; include?: I
temGroupInclude<Default
Args>; data: 
(Without<...> & ItemGro
upUncheckedUpdateInput)
 | (Without<...> & 
ItemGroupUpdateInput); 
where: ItemGroupWhereUn
iqueInput; }'
[96msrc/inventory/grou
ps/groups.service.ts[0
m:[93m138[0m:[93m20
[0m - 
[91merror[0m[90m 
TS2353: [0mObject 
literal may only 
specify known 
properties, and 
'category' does not 
exist in type 'ItemGrou
pInclude<DefaultArgs>'.

[7m138[0m         
include: { category: 
true, items: true },
[7m   [0m [91m      
             
~~~~~~~~[0m

  [96mnode_modules/.pr
isma/client/index.d.ts
[0m:[93m46093[0m:[93
m5[0m
    [7m46093[0m     
include?: ItemGroupIncl
ude<ExtArgs> | null
    [7m     [0m 
[96m    ~~~~~~~[0m
    The expected type 
comes from property 
'include' which is 
declared here on type 
'{ select?: ItemGroupSe
lect<DefaultArgs>; 
omit?: ItemGroupOmit<De
faultArgs>; include?: I
temGroupInclude<Default
Args>; data: 
(Without<...> & ItemGro
upUncheckedUpdateInput)
 | (Without<...> & 
ItemGroupUpdateInput); 
where: ItemGroupWhereUn
iqueInput; }'
[96msrc/inventory/inve
ntory-cards/inventory-c
ards.service.ts[0m:[9
3m49[0m:[93m11[0m - 
[91merror[0m[90m 
TS2353: [0mObject 
literal may only 
specify known 
properties, and 
'items' does not exist 
in type '(Without<Inven
toryCardCreateInput, In
ventoryCardUncheckedCre
ateInput> & InventoryCa
rdUncheckedCreateInput)
 | (Without<...> & Inve
ntoryCardCreateInput)'.

[7m49[0m           
items: {
[7m  [0m [91m       
   ~~~~~[0m

  [96mnode_modules/.pr
isma/client/index.d.ts
[0m:[93m38602[0m:[93
m5[0m
    [7m38602[0m     
data: XOR<InventoryCard
CreateInput, InventoryC
ardUncheckedCreateInput
>
    [7m     [0m 
[96m    ~~~~[0m
    The expected type 
comes from property 
'data' which is 
declared here on type 
'{ select?: InventoryCa
rdSelect<DefaultArgs>; 
omit?: InventoryCardOmi
t<DefaultArgs>; 
include?: InventoryCard
Include<DefaultArgs>; 
data: (Without<...> & I
nventoryCardUncheckedCr
eateInput) | 
(Without<...> & Invento
ryCardCreateInput); }'
[96msrc/inventory/inve
ntory-cards/inventory-c
ards.service.ts[0m:[9
3m62[0m:[93m11[0m - 
[91merror[0m[90m 
TS2561: [0mObject 
literal may only 
specify known 
properties, but 
'store' does not exist 
in type 'InventoryCardI
nclude<DefaultArgs>'. 
Did you mean to write 
'Store'?

[7m62[0m           
store: true,
[7m  [0m [91m       
   ~~~~~[0m

  [96mnode_modules/.pr
isma/client/index.d.ts
[0m:[93m38598[0m:[93
m5[0m
    [7m38598[0m     
include?: InventoryCard
Include<ExtArgs> | null
    [7m     [0m 
[96m    ~~~~~~~[0m
    The expected type 
comes from property 
'include' which is 
declared here on type 
'{ select?: InventoryCa
rdSelect<DefaultArgs>; 
omit?: InventoryCardOmi
t<DefaultArgs>; 
include?: InventoryCard
Include<DefaultArgs>; 
data: (Without<...> & I
nventoryCardUncheckedCr
eateInput) | 
(Without<...> & Invento
ryCardCreateInput); }'
[96msrc/inventory/inve
ntory-cards/inventory-c
ards.service.ts[0m:[9
3m91[0m:[93m13[0m - 
[91merror[0m[90m 
TS2561: [0mObject 
literal may only 
specify known 
properties, but 
'store' does not exist 
in type 'InventoryCardI
nclude<DefaultArgs>'. 
Did you mean to write 
'Store'?

[7m91[0m             
store: true,
[7m  [0m [91m       
     ~~~~~[0m

  [96mnode_modules/.pr
isma/client/index.d.ts
[0m:[93m38551[0m:[93
m5[0m
    [7m38551[0m     
include?: InventoryCard
Include<ExtArgs> | null
    [7m     [0m 
[96m    ~~~~~~~[0m
    The expected type 
comes from property 
'include' which is 
declared here on type 
'{ select?: InventoryCa
rdSelect<DefaultArgs>; 
omit?: InventoryCardOmi
t<DefaultArgs>; 
include?: InventoryCard
Include<DefaultArgs>; 
... 5 more ...; 
distinct?: InventoryCar
dScalarFieldEnum | Inve
ntoryCardScalarFieldEnu
m[]; }'
[96msrc/inventory/inve
ntory-cards/inventory-c
ards.service.ts[0m:[9
3m119[0m:[93m11[0m 
- [91merror[0m[90m 
TS2561: [0mObject 
literal may only 
specify known 
properties, but 
'store' does not exist 
in type 'InventoryCardI
nclude<DefaultArgs>'. 
Did you mean to write 
'Store'?

[7m119[0m           
store: true,
[7m   [0m [91m      
    ~~~~~[0m

  [96mnode_modules/.pr
isma/client/index.d.ts
[0m:[93m38447[0m:[93
m5[0m
    [7m38447[0m     
include?: InventoryCard
Include<ExtArgs> | null
    [7m     [0m 
[96m    ~~~~~~~[0m
    The expected type 
comes from property 
'include' which is 
declared here on type 
'{ select?: InventoryCa
rdSelect<DefaultArgs>; 
omit?: InventoryCardOmi
t<DefaultArgs>; 
include?: InventoryCard
Include<DefaultArgs>; 
... 5 more ...; 
distinct?: InventoryCar
dScalarFieldEnum | Inve
ntoryCardScalarFieldEnu
m[]; }'
[96msrc/inventory/inve
ntory-cards/inventory-c
ards.service.ts[0m:[9
3m152[0m:[93m11[0m 
- [91merror[0m[90m 
TS2561: [0mObject 
literal may only 
specify known 
properties, but 
'store' does not exist 
in type 'InventoryCardI
nclude<DefaultArgs>'. 
Did you mean to write 
'Store'?

[7m152[0m           
store: true,
[7m   [0m [91m      
    ~~~~~[0m

  [96mnode_modules/.pr
isma/client/index.d.ts
[0m:[93m38654[0m:[93
m5[0m
    [7m38654[0m     
include?: InventoryCard
Include<ExtArgs> | null
    [7m     [0m 
[96m    ~~~~~~~[0m
    The expected type 
comes from property 
'include' which is 
declared here on type 
'{ select?: InventoryCa
rdSelect<DefaultArgs>; 
omit?: InventoryCardOmi
t<DefaultArgs>; 
include?: InventoryCard
Include<DefaultArgs>; 
data: (Without<...> & I
nventoryCardUncheckedUp
dateInput) | 
(Without<...> & Invento
ryCardUpdateInput); 
where: InventoryCardWhe
reUniqueInput; }'
[96msrc/inventory/inve
ntory-cards/inventory-c
ards.service.ts[0m:[9
3m201[0m:[93m11[0m 
- [91merror[0m[90m 
TS2561: [0mObject 
literal may only 
specify known 
properties, but 
'store' does not exist 
in type 'InventoryCardI
nclude<DefaultArgs>'. 
Did you mean to write 
'Store'?

[7m201[0m           
store: true,
[7m   [0m [91m      
    ~~~~~[0m

  [96mnode_modules/.pr
isma/client/index.d.ts
[0m:[93m38654[0m:[93
m5[0m
    [7m38654[0m     
include?: InventoryCard
Include<ExtArgs> | null
    [7m     [0m 
[96m    ~~~~~~~[0m
    The expected type 
comes from property 
'include' which is 
declared here on type 
'{ select?: InventoryCa
rdSelect<DefaultArgs>; 
omit?: InventoryCardOmi
t<DefaultArgs>; 
include?: InventoryCard
Include<DefaultArgs>; 
data: (Without<...> & I
nventoryCardUncheckedUp
dateInput) | 
(Without<...> & Invento
ryCardUpdateInput); 
where: InventoryCardWhe
reUniqueInput; }'
[96msrc/inventory/inve
ntory/inventory.service
.ts[0m:[93m47[0m:[9
3m9[0m - 
[91merror[0m[90m 
TS2322: [0mType '{ 
organizationId: 
string; storeId: 
string; itemId: 
string; 
quantityOnHand: 
number; 
quantityReserved: 
number; 
quantityAvailable: 
number; minStockLevel: 
number; maxStockLevel: 
number; }' is not 
assignable to type '(Wi
thout<InventoryCreateIn
put, InventoryUnchecked
CreateInput> & Inventor
yUncheckedCreateInput) 
| (Without<...> & 
InventoryCreateInput)'.
  Type '{ 
organizationId: 
string; storeId: 
string; itemId: 
string; 
quantityOnHand: 
number; 
quantityReserved: 
number; 
quantityAvailable: 
number; minStockLevel: 
number; maxStockLevel: 
number; }' is not 
assignable to type 'Wit
hout<InventoryUnchecked
CreateInput, 
InventoryCreateInput> 
& 
InventoryCreateInput'.
    Type '{ 
organizationId: 
string; storeId: 
string; itemId: 
string; 
quantityOnHand: 
number; 
quantityReserved: 
number; 
quantityAvailable: 
number; minStockLevel: 
number; maxStockLevel: 
number; }' is not 
assignable to type 'Wit
hout<InventoryUnchecked
CreateInput, 
InventoryCreateInput>'.
      Types of 
property 
'organizationId' are 
incompatible.
        Type 'string' 
is not assignable to 
type 'never'.

[7m47[0m         
data: {
[7m  [0m [91m       
 ~~~~[0m

  [96mnode_modules/.pr
isma/client/index.d.ts
[0m:[93m37444[0m:[93
m5[0m
    [7m37444[0m     
data: XOR<InventoryCrea
teInput, InventoryUnche
ckedCreateInput>
    [7m     [0m 
[96m    ~~~~[0m
    The expected type 
comes from property 
'data' which is 
declared here on type 
'{ select?: InventorySe
lect<DefaultArgs>; 
omit?: InventoryOmit<De
faultArgs>; include?: I
nventoryInclude<Default
Args>; data: 
(Without<...> & Invento
ryUncheckedCreateInput)
 | (Without<...> & 
InventoryCreateInput); 
}'
[96msrc/inventory/inve
ntory/inventory.service
.ts[0m:[93m58[0m:[9
3m11[0m - 
[91merror[0m[90m 
TS2561: [0mObject 
literal may only 
specify known 
properties, but 
'store' does not exist 
in type 'InventoryInclu
de<DefaultArgs>'. Did 
you mean to write 
'Store'?

[7m58[0m           
store: true,
[7m  [0m [91m       
   ~~~~~[0m

  [96mnode_modules/.pr
isma/client/index.d.ts
[0m:[93m37440[0m:[93
m5[0m
    [7m37440[0m     
include?: InventoryIncl
ude<ExtArgs> | null
    [7m     [0m 
[96m    ~~~~~~~[0m
    The expected type 
comes from property 
'include' which is 
declared here on type 
'{ select?: InventorySe
lect<DefaultArgs>; 
omit?: InventoryOmit<De
faultArgs>; include?: I
nventoryInclude<Default
Args>; data: 
(Without<...> & Invento
ryUncheckedCreateInput)
 | (Without<...> & 
InventoryCreateInput); 
}'
[96msrc/inventory/inve
ntory/inventory.service
.ts[0m:[93m81[0m:[9
3m11[0m - 
[91merror[0m[90m 
TS2561: [0mObject 
literal may only 
specify known 
properties, but 
'store' does not exist 
in type 'InventoryInclu
de<DefaultArgs>'. Did 
you mean to write 
'Store'?

[7m81[0m           
store: true,
[7m  [0m [91m       
   ~~~~~[0m

  [96mnode_modules/.pr
isma/client/index.d.ts
[0m:[93m37393[0m:[93
m5[0m
    [7m37393[0m     
include?: InventoryIncl
ude<ExtArgs> | null
    [7m     [0m 
[96m    ~~~~~~~[0m
    The expected type 
comes from property 
'include' which is 
declared here on type 
'{ select?: InventorySe
lect<DefaultArgs>; 
omit?: InventoryOmit<De
faultArgs>; include?: I
nventoryInclude<Default
Args>; ... 5 more ...; 
distinct?: InventorySca
larFieldEnum | Inventor
yScalarFieldEnum[]; }'
[96msrc/inventory/inve
ntory/inventory.service
.ts[0m:[93m111[0m:[
93m11[0m - 
[91merror[0m[90m 
TS2561: [0mObject 
literal may only 
specify known 
properties, but 
'store' does not exist 
in type 'InventoryInclu
de<DefaultArgs>'. Did 
you mean to write 
'Store'?

[7m111[0m           
store: true,
[7m   [0m [91m      
    ~~~~~[0m

  [96mnode_modules/.pr
isma/client/index.d.ts
[0m:[93m37289[0m:[93
m5[0m
    [7m37289[0m     
include?: InventoryIncl
ude<ExtArgs> | null
    [7m     [0m 
[96m    ~~~~~~~[0m
    The expected type 
comes from property 
'include' which is 
declared here on type 
'{ select?: InventorySe
lect<DefaultArgs>; 
omit?: InventoryOmit<De
faultArgs>; include?: I
nventoryInclude<Default
Args>; ... 5 more ...; 
distinct?: InventorySca
larFieldEnum | Inventor
yScalarFieldEnum[]; }'
[96msrc/inventory/inve
ntory/inventory.service
.ts[0m:[93m143[0m:[
93m11[0m - 
[91merror[0m[90m 
TS2561: [0mObject 
literal may only 
specify known 
properties, but 
'store' does not exist 
in type 'InventoryInclu
de<DefaultArgs>'. Did 
you mean to write 
'Store'?

[7m143[0m           
store: true,
[7m   [0m [91m      
    ~~~~~[0m

  [96mnode_modules/.pr
isma/client/index.d.ts
[0m:[93m37496[0m:[93
m5[0m
    [7m37496[0m     
include?: InventoryIncl
ude<ExtArgs> | null
    [7m     [0m 
[96m    ~~~~~~~[0m
    The expected type 
comes from property 
'include' which is 
declared here on type 
'{ select?: InventorySe
lect<DefaultArgs>; 
omit?: InventoryOmit<De
faultArgs>; include?: I
nventoryInclude<Default
Args>; data: 
(Without<...> & Invento
ryUncheckedUpdateInput)
 | (Without<...> & 
InventoryUpdateInput); 
where: InventoryWhereUn
iqueInput; }'
[96msrc/inventory/inve
ntory/inventory.service
.ts[0m:[93m181[0m:[
93m11[0m - 
[91merror[0m[90m 
TS2561: [0mObject 
literal may only 
specify known 
properties, but 
'store' does not exist 
in type 'InventoryInclu
de<DefaultArgs>'. Did 
you mean to write 
'Store'?

[7m181[0m           
store: true,
[7m   [0m [91m      
    ~~~~~[0m

  [96mnode_modules/.pr
isma/client/index.d.ts
[0m:[93m37289[0m:[93
m5[0m
    [7m37289[0m     
include?: InventoryIncl
ude<ExtArgs> | null
    [7m     [0m 
[96m    ~~~~~~~[0m
    The expected type 
comes from property 
'include' which is 
declared here on type 
'{ select?: InventorySe
lect<DefaultArgs>; 
omit?: InventoryOmit<De
faultArgs>; include?: I
nventoryInclude<Default
Args>; ... 5 more ...; 
distinct?: InventorySca
larFieldEnum | Inventor
yScalarFieldEnum[]; }'
[96msrc/inventory/inve
ntory/inventory.service
.ts[0m:[93m218[0m:[
93m11[0m - 
[91merror[0m[90m 
TS2561: [0mObject 
literal may only 
specify known 
properties, but 
'store' does not exist 
in type 'InventoryInclu
de<DefaultArgs>'. Did 
you mean to write 
'Store'?

[7m218[0m           
store: true,
[7m   [0m [91m      
    ~~~~~[0m

  [96mnode_modules/.pr
isma/client/index.d.ts
[0m:[93m37496[0m:[93
m5[0m
    [7m37496[0m     
include?: InventoryIncl
ude<ExtArgs> | null
    [7m     [0m 
[96m    ~~~~~~~[0m
    The expected type 
comes from property 
'include' which is 
declared here on type 
'{ select?: InventorySe
lect<DefaultArgs>; 
omit?: InventoryOmit<De
faultArgs>; include?: I
nventoryInclude<Default
Args>; data: 
(Without<...> & Invento
ryUncheckedUpdateInput)
 | (Without<...> & 
InventoryUpdateInput); 
where: InventoryWhereUn
iqueInput; }'
[96msrc/inventory/inve
ntory/inventory.service
.ts[0m:[93m241[0m:[
93m11[0m - 
[91merror[0m[90m 
TS2561: [0mObject 
literal may only 
specify known 
properties, but 
'store' does not exist 
in type 'InventoryInclu
de<DefaultArgs>'. Did 
you mean to write 
'Store'?

[7m241[0m           
store: true,
[7m   [0m [91m      
    ~~~~~[0m

  [96mnode_modules/.pr
isma/client/index.d.ts
[0m:[93m37393[0m:[93
m5[0m
    [7m37393[0m     
include?: InventoryIncl
ude<ExtArgs> | null
    [7m     [0m 
[96m    ~~~~~~~[0m
    The expected type 
comes from property 
'include' which is 
declared here on type 
'{ select?: InventorySe
lect<DefaultArgs>; 
omit?: InventoryOmit<De
faultArgs>; include?: I
nventoryInclude<Default
Args>; ... 5 more ...; 
distinct?: InventorySca
larFieldEnum | Inventor
yScalarFieldEnum[]; }'
[96msrc/inventory/inve
ntory/inventory.service
.ts[0m:[93m270[0m:[
93m11[0m - 
[91merror[0m[90m 
TS2561: [0mObject 
literal may only 
specify known 
properties, but 
'store' does not exist 
in type 'InventoryInclu
de<DefaultArgs>'. Did 
you mean to write 
'Store'?

[7m270[0m           
store: true,
[7m   [0m [91m      
    ~~~~~[0m

  [96mnode_modules/.pr
isma/client/index.d.ts
[0m:[93m37393[0m:[93
m5[0m
    [7m37393[0m     
include?: InventoryIncl
ude<ExtArgs> | null
    [7m     [0m 
[96m    ~~~~~~~[0m
    The expected type 
comes from property 
'include' which is 
declared here on type 
'{ select?: InventorySe
lect<DefaultArgs>; 
omit?: InventoryOmit<De
faultArgs>; include?: I
nventoryInclude<Default
Args>; ... 5 more ...; 
distinct?: InventorySca
larFieldEnum | Inventor
yScalarFieldEnum[]; }'
[96msrc/inventory/issu
ances/issuances.service
.ts[0m:[93m58[0m:[9
3m13[0m - 
[91merror[0m[90m 
TS2353: [0mObject 
literal may only 
specify known 
properties, and 
'items' does not exist 
in type '(Without<Issua
nceRegisterCreateInput,
 IssuanceRegisterUnchec
kedCreateInput> & Issua
nceRegisterUncheckedCre
ateInput) | 
(Without<...> & Issuanc
eRegisterCreateInput)'.

[7m58[0m             
items: {
[7m  [0m [91m       
     ~~~~~[0m

  [96mnode_modules/.pr
isma/client/index.d.ts
[0m:[93m42106[0m:[93
m5[0m
    [7m42106[0m     
data: XOR<IssuanceRegis
terCreateInput, Issuanc
eRegisterUncheckedCreat
eInput>
    [7m     [0m 
[96m    ~~~~[0m
    The expected type 
comes from property 
'data' which is 
declared here on type 
'{ select?: IssuanceReg
isterSelect<DefaultArgs
>; omit?: IssuanceRegis
terOmit<DefaultArgs>; 
include?: IssuanceRegis
terInclude<DefaultArgs>
; data: (Without<...> 
& IssuanceRegisterUnche
ckedCreateInput) | 
(Without<...> & Issuanc
eRegisterCreateInput); 
}'
[96msrc/inventory/issu
ances/issuances.service
.ts[0m:[93m70[0m:[9
3m13[0m - 
[91merror[0m[90m 
TS2561: [0mObject 
literal may only 
specify known 
properties, but 
'guard' does not exist 
in type 'IssuanceRegist
erInclude<DefaultArgs>'
. Did you mean to 
write 'Guard'?

[7m70[0m             
guard: true,
[7m  [0m [91m       
     ~~~~~[0m

  [96mnode_modules/.pr
isma/client/index.d.ts
[0m:[93m42102[0m:[93
m5[0m
    [7m42102[0m     
include?: IssuanceRegis
terInclude<ExtArgs> | 
null
    [7m     [0m 
[96m    ~~~~~~~[0m
    The expected type 
comes from property 
'include' which is 
declared here on type 
'{ select?: IssuanceReg
isterSelect<DefaultArgs
>; omit?: IssuanceRegis
terOmit<DefaultArgs>; 
include?: IssuanceRegis
terInclude<DefaultArgs>
; data: (Without<...> 
& IssuanceRegisterUnche
ckedCreateInput) | 
(Without<...> & Issuanc
eRegisterCreateInput); 
}'
[96msrc/inventory/issu
ances/issuances.service
.ts[0m:[93m108[0m:[
93m13[0m - 
[91merror[0m[90m 
TS2322: [0mType '{ 
organizationId: 
string; storeId: 
string; itemId: 
string; movementType: 
any; quantity: number; 
referenceType: string; 
referenceId: string; 
referenceNumber: 
string; movedBy: 
string; }' is not 
assignable to type '(Wi
thout<StockMovementCrea
teInput, StockMovementU
ncheckedCreateInput> & 
StockMovementUncheckedC
reateInput) | 
(Without<...> & StockMo
vementCreateInput)'.
  Type '{ 
organizationId: 
string; storeId: 
string; itemId: 
string; movementType: 
any; quantity: number; 
referenceType: string; 
referenceId: string; 
referenceNumber: 
string; movedBy: 
string; }' is not 
assignable to type 'Wit
hout<StockMovementUnche
ckedCreateInput, StockM
ovementCreateInput> & S
tockMovementCreateInput
'.
    Type '{ 
organizationId: 
string; storeId: 
string; itemId: 
string; movementType: 
any; quantity: number; 
referenceType: string; 
referenceId: string; 
referenceNumber: 
string; movedBy: 
string; }' is not 
assignable to type 'Wit
hout<StockMovementUnche
ckedCreateInput, StockM
ovementCreateInput>'.
      Types of 
property 
'organizationId' are 
incompatible.
        Type 'string' 
is not assignable to 
type 'never'.

[7m108[0m            
 data: {
[7m   [0m [91m      
      ~~~~[0m

  [96mnode_modules/.pr
isma/client/index.d.ts
[0m:[93m64648[0m:[93
m5[0m
    [7m64648[0m     
data: XOR<StockMovement
CreateInput, StockMovem
entUncheckedCreateInput
>
    [7m     [0m 
[96m    ~~~~[0m
    The expected type 
comes from property 
'data' which is 
declared here on type 
'{ select?: StockMoveme
ntSelect<DefaultArgs>; 
omit?: StockMovementOmi
t<DefaultArgs>; 
include?: StockMovement
Include<DefaultArgs>; 
data: (Without<...> & S
tockMovementUncheckedCr
eateInput) | 
(Without<...> & StockMo
vementCreateInput); }'
[96msrc/inventory/issu
ances/issuances.service
.ts[0m:[93m145[0m:[
93m13[0m - 
[91merror[0m[90m 
TS2561: [0mObject 
literal may only 
specify known 
properties, but 
'guard' does not exist 
in type 'IssuanceRegist
erInclude<DefaultArgs>'
. Did you mean to 
write 'Guard'?

[7m145[0m            
 guard: true,
[7m   [0m [91m      
      ~~~~~[0m

  [96mnode_modules/.pr
isma/client/index.d.ts
[0m:[93m42055[0m:[93
m5[0m
    [7m42055[0m     
include?: IssuanceRegis
terInclude<ExtArgs> | 
null
    [7m     [0m 
[96m    ~~~~~~~[0m
    The expected type 
comes from property 
'include' which is 
declared here on type 
'{ select?: IssuanceReg
isterSelect<DefaultArgs
>; omit?: IssuanceRegis
terOmit<DefaultArgs>; 
include?: IssuanceRegis
terInclude<DefaultArgs>
; ... 5 more ...; 
distinct?: IssuanceRegi
sterScalarFieldEnum | I
ssuanceRegisterScalarFi
eldEnum[]; }'
[96msrc/inventory/issu
ances/issuances.service
.ts[0m:[93m174[0m:[
93m11[0m - 
[91merror[0m[90m 
TS2561: [0mObject 
literal may only 
specify known 
properties, but 
'guard' does not exist 
in type 'IssuanceRegist
erInclude<DefaultArgs>'
. Did you mean to 
write 'Guard'?

[7m174[0m           
guard: true,
[7m   [0m [91m      
    ~~~~~[0m

  [96mnode_modules/.pr
isma/client/index.d.ts
[0m:[93m41951[0m:[93
m5[0m
    [7m41951[0m     
include?: IssuanceRegis
terInclude<ExtArgs> | 
null
    [7m     [0m 
[96m    ~~~~~~~[0m
    The expected type 
comes from property 
'include' which is 
declared here on type 
'{ select?: IssuanceReg
isterSelect<DefaultArgs
>; omit?: IssuanceRegis
terOmit<DefaultArgs>; 
include?: IssuanceRegis
terInclude<DefaultArgs>
; ... 5 more ...; 
distinct?: IssuanceRegi
sterScalarFieldEnum | I
ssuanceRegisterScalarFi
eldEnum[]; }'
[96msrc/inventory/issu
ances/issuances.service
.ts[0m:[93m209[0m:[
93m11[0m - 
[91merror[0m[90m 
TS2561: [0mObject 
literal may only 
specify known 
properties, but 
'guard' does not exist 
in type 'IssuanceRegist
erInclude<DefaultArgs>'
. Did you mean to 
write 'Guard'?

[7m209[0m           
guard: true,
[7m   [0m [91m      
    ~~~~~[0m

  [96mnode_modules/.pr
isma/client/index.d.ts
[0m:[93m42158[0m:[93
m5[0m
    [7m42158[0m     
include?: IssuanceRegis
terInclude<ExtArgs> | 
null
    [7m     [0m 
[96m    ~~~~~~~[0m
    The expected type 
comes from property 
'include' which is 
declared here on type 
'{ select?: IssuanceReg
isterSelect<DefaultArgs
>; omit?: IssuanceRegis
terOmit<DefaultArgs>; 
include?: IssuanceRegis
terInclude<DefaultArgs>
; data: (Without<...> 
& IssuanceRegisterUnche
ckedUpdateInput) | 
(Without<...> & Issuanc
eRegisterUpdateInput); 
where: IssuanceRegister
WhereUniqueInput; }'
[96msrc/inventory/item
s/items.service.ts[0m:
[93m53[0m:[93m9[0m 
- [91merror[0m[90m 
TS2322: [0mType '{ 
organizationId: 
string; name: string; 
sku: string; barcode: 
string; description: 
string; categoryId: 
string; groupId: 
string; 
unitOfMeasurement: 
string; imagePath: 
string; reorderLevel: 
number; ... 8 more 
...; isActive: true; 
}' is not assignable 
to type '(Without<ItemC
reateInput, ItemUncheck
edCreateInput> & ItemUn
checkedCreateInput) | 
(Without<...> & 
ItemCreateInput)'.
  Type '{ 
organizationId: 
string; name: string; 
sku: string; barcode: 
string; description: 
string; categoryId: 
string; groupId: 
string; 
unitOfMeasurement: 
string; imagePath: 
string; reorderLevel: 
number; ... 8 more 
...; isActive: true; 
}' is not assignable 
to type 'Without<ItemUn
checkedCreateInput, 
ItemCreateInput> & 
ItemCreateInput'.
    Type '{ 
organizationId: 
string; name: string; 
sku: string; barcode: 
string; description: 
string; categoryId: 
string; groupId: 
string; 
unitOfMeasurement: 
string; imagePath: 
string; reorderLevel: 
number; ... 8 more 
...; isActive: true; 
}' is not assignable 
to type 'Without<ItemUn
checkedCreateInput, 
ItemCreateInput>'.
      Types of 
property 
'organizationId' are 
incompatible.
        Type 'string' 
is not assignable to 
type 'never'.

[7m53[0m         
data: {
[7m  [0m [91m       
 ~~~~[0m

  [96mnode_modules/.pr
isma/client/index.d.ts
[0m:[93m43553[0m:[93
m5[0m
    [7m43553[0m     
data: 
XOR<ItemCreateInput, It
emUncheckedCreateInput>
    [7m     [0m 
[96m    ~~~~[0m
    The expected type 
comes from property 
'data' which is 
declared here on type 
'{ select?: ItemSelect<
DefaultArgs>; omit?: 
ItemOmit<DefaultArgs>; 
include?: ItemInclude<D
efaultArgs>; data: 
(Without<...> & ItemUnc
heckedCreateInput) | 
(Without<...> & 
ItemCreateInput); }'
[96msrc/inventory/item
s/items.service.ts[0m:
[93m74[0m:[93m20[0m
 - [91merror[0m[90m 
TS2353: [0mObject 
literal may only 
specify known 
properties, and 
'category' does not 
exist in type 'ItemIncl
ude<DefaultArgs>'.

[7m74[0m         
include: { category: 
true, group: true, 
preferredVendor: true 
},
[7m  [0m [91m       
            
~~~~~~~~[0m

  [96mnode_modules/.pr
isma/client/index.d.ts
[0m:[93m43549[0m:[93
m5[0m
    [7m43549[0m     
include?: 
ItemInclude<ExtArgs> | 
null
    [7m     [0m 
[96m    ~~~~~~~[0m
    The expected type 
comes from property 
'include' which is 
declared here on type 
'{ select?: ItemSelect<
DefaultArgs>; omit?: 
ItemOmit<DefaultArgs>; 
include?: ItemInclude<D
efaultArgs>; data: 
(Without<...> & ItemUnc
heckedCreateInput) | 
(Without<...> & 
ItemCreateInput); }'
[96msrc/inventory/item
s/items.service.ts[0m:
[93m114[0m:[93m22[0
m - 
[91merror[0m[90m 
TS2353: [0mObject 
literal may only 
specify known 
properties, and 
'category' does not 
exist in type 'ItemIncl
ude<DefaultArgs>'.

[7m114[0m           
include: { category: 
true, group: true, 
preferredVendor: true 
},
[7m   [0m [91m      
               
~~~~~~~~[0m

  [96mnode_modules/.pr
isma/client/index.d.ts
[0m:[93m43502[0m:[93
m5[0m
    [7m43502[0m     
include?: 
ItemInclude<ExtArgs> | 
null
    [7m     [0m 
[96m    ~~~~~~~[0m
    The expected type 
comes from property 
'include' which is 
declared here on type 
'{ select?: ItemSelect<
DefaultArgs>; omit?: 
ItemOmit<DefaultArgs>; 
include?: ItemInclude<D
efaultArgs>; ... 5 
more ...; distinct?: 
ItemScalarFieldEnum | 
ItemScalarFieldEnum[]; 
}'
[96msrc/inventory/item
s/items.service.ts[0m:
[93m135[0m:[93m20[0
m - 
[91merror[0m[90m 
TS2353: [0mObject 
literal may only 
specify known 
properties, and 
'category' does not 
exist in type 'ItemIncl
ude<DefaultArgs>'.

[7m135[0m         
include: { category: 
true, group: true, 
preferredVendor: true 
},
[7m   [0m [91m      
             
~~~~~~~~[0m

  [96mnode_modules/.pr
isma/client/index.d.ts
[0m:[93m43398[0m:[93
m5[0m
    [7m43398[0m     
include?: 
ItemInclude<ExtArgs> | 
null
    [7m     [0m 
[96m    ~~~~~~~[0m
    The expected type 
comes from property 
'include' which is 
declared here on type 
'{ select?: ItemSelect<
DefaultArgs>; omit?: 
ItemOmit<DefaultArgs>; 
include?: ItemInclude<D
efaultArgs>; ... 5 
more ...; distinct?: 
ItemScalarFieldEnum | 
ItemScalarFieldEnum[]; 
}'
[96msrc/inventory/item
s/items.service.ts[0m:
[93m161[0m:[93m20[0
m - 
[91merror[0m[90m 
TS2353: [0mObject 
literal may only 
specify known 
properties, and 
'category' does not 
exist in type 'ItemIncl
ude<DefaultArgs>'.

[7m161[0m         
include: { category: 
true, group: true, 
preferredVendor: true 
},
[7m   [0m [91m      
             
~~~~~~~~[0m

  [96mnode_modules/.pr
isma/client/index.d.ts
[0m:[93m43605[0m:[93
m5[0m
    [7m43605[0m     
include?: 
ItemInclude<ExtArgs> | 
null
    [7m     [0m 
[96m    ~~~~~~~[0m
    The expected type 
comes from property 
'include' which is 
declared here on type 
'{ select?: ItemSelect<
DefaultArgs>; omit?: 
ItemOmit<DefaultArgs>; 
include?: ItemInclude<D
efaultArgs>; data: 
(Without<...> & ItemUnc
heckedUpdateInput) | 
(Without<...> & 
ItemUpdateInput); 
where: 
ItemWhereUniqueInput; 
}'
[96msrc/inventory/item
s/items.service.ts[0m:
[93m197[0m:[93m20[0
m - 
[91merror[0m[90m 
TS2353: [0mObject 
literal may only 
specify known 
properties, and 
'category' does not 
exist in type 'ItemIncl
ude<DefaultArgs>'.

[7m197[0m         
include: { category: 
true, group: true, 
preferredVendor: true 
},
[7m   [0m [91m      
             
~~~~~~~~[0m

  [96mnode_modules/.pr
isma/client/index.d.ts
[0m:[93m43605[0m:[93
m5[0m
    [7m43605[0m     
include?: 
ItemInclude<ExtArgs> | 
null
    [7m     [0m 
[96m    ~~~~~~~[0m
    The expected type 
comes from property 
'include' which is 
declared here on type 
'{ select?: ItemSelect<
DefaultArgs>; omit?: 
ItemOmit<DefaultArgs>; 
include?: ItemInclude<D
efaultArgs>; data: 
(Without<...> & ItemUnc
heckedUpdateInput) | 
(Without<...> & 
ItemUpdateInput); 
where: 
ItemWhereUniqueInput; 
}'
[96msrc/inventory/item
s/items.service.ts[0m:
[93m209[0m:[93m11[0
m - 
[91merror[0m[90m 
TS2353: [0mObject 
literal may only 
specify known 
properties, and 
'category' does not 
exist in type 'ItemIncl
ude<DefaultArgs>'.

[7m209[0m           
category: true,
[7m   [0m [91m      
    ~~~~~~~~[0m

  [96mnode_modules/.pr
isma/client/index.d.ts
[0m:[93m43398[0m:[93
m5[0m
    [7m43398[0m     
include?: 
ItemInclude<ExtArgs> | 
null
    [7m     [0m 
[96m    ~~~~~~~[0m
    The expected type 
comes from property 
'include' which is 
declared here on type 
'{ select?: ItemSelect<
DefaultArgs>; omit?: 
ItemOmit<DefaultArgs>; 
include?: ItemInclude<D
efaultArgs>; ... 5 
more ...; distinct?: 
ItemScalarFieldEnum | 
ItemScalarFieldEnum[]; 
}'
[96msrc/inventory/item
s/items.service.ts[0m:
[93m222[0m:[93m32[0
m - 
[91merror[0m[90m 
TS2339: [0mProperty 
'inventory' does not 
exist on type '{ id: 
string; createdAt: 
Date; updatedAt: Date; 
isActive: boolean; 
name: string; 
description: string; 
organizationId: 
string; categoryId: 
string; sku: string; 
barcode: string; 
groupId: string; ... 
10 more ...; 
preferredVendorId: 
string; }'.

[7m222[0m       
const stockLevels = 
item.inventory || [];
[7m   [0m [91m      
                       
  ~~~~~~~~~[0m
[96msrc/inventory/purc
hase-orders/purchase-or
ders.service.ts[0m:[9
3m96[0m:[93m11[0m - 
[91merror[0m[90m 
TS2353: [0mObject 
literal may only 
specify known 
properties, and 
'items' does not exist 
in type '(Without<Purch
aseOrderCreateInput, Pu
rchaseOrderUncheckedCre
ateInput> & PurchaseOrd
erUncheckedCreateInput)
 | (Without<...> & Purc
haseOrderCreateInput)'.

[7m96[0m           
items: {
[7m  [0m [91m       
   ~~~~~[0m

  [96mnode_modules/.pr
isma/client/index.d.ts
[0m:[93m55028[0m:[93
m5[0m
    [7m55028[0m     
data: XOR<PurchaseOrder
CreateInput, PurchaseOr
derUncheckedCreateInput
>
    [7m     [0m 
[96m    ~~~~[0m
    The expected type 
comes from property 
'data' which is 
declared here on type 
'{ select?: PurchaseOrd
erSelect<DefaultArgs>; 
omit?: PurchaseOrderOmi
t<DefaultArgs>; 
include?: PurchaseOrder
Include<DefaultArgs>; 
data: (Without<...> & P
urchaseOrderUncheckedCr
eateInput) | 
(Without<...> & Purchas
eOrderCreateInput); }'
[96msrc/inventory/purc
hase-orders/purchase-or
ders.service.ts[0m:[9
3m108[0m:[93m11[0m 
- [91merror[0m[90m 
TS2353: [0mObject 
literal may only 
specify known 
properties, and 
'creator' does not 
exist in type 'Purchase
OrderInclude<DefaultArg
s>'.

[7m108[0m           
creator: true,
[7m   [0m [91m      
    ~~~~~~~[0m

  [96mnode_modules/.pr
isma/client/index.d.ts
[0m:[93m55024[0m:[93
m5[0m
    [7m55024[0m     
include?: PurchaseOrder
Include<ExtArgs> | null
    [7m     [0m 
[96m    ~~~~~~~[0m
    The expected type 
comes from property 
'include' which is 
declared here on type 
'{ select?: PurchaseOrd
erSelect<DefaultArgs>; 
omit?: PurchaseOrderOmi
t<DefaultArgs>; 
include?: PurchaseOrder
Include<DefaultArgs>; 
data: (Without<...> & P
urchaseOrderUncheckedCr
eateInput) | 
(Without<...> & Purchas
eOrderCreateInput); }'
[96msrc/inventory/purc
hase-orders/purchase-or
ders.service.ts[0m:[9
3m142[0m:[93m13[0m 
- [91merror[0m[90m 
TS2353: [0mObject 
literal may only 
specify known 
properties, and 
'creator' does not 
exist in type 'Purchase
OrderInclude<DefaultArg
s>'.

[7m142[0m            
 creator: true,
[7m   [0m [91m      
      ~~~~~~~[0m

  [96mnode_modules/.pr
isma/client/index.d.ts
[0m:[93m54977[0m:[93
m5[0m
    [7m54977[0m     
include?: PurchaseOrder
Include<ExtArgs> | null
    [7m     [0m 
[96m    ~~~~~~~[0m
    The expected type 
comes from property 
'include' which is 
declared here on type 
'{ select?: PurchaseOrd
erSelect<DefaultArgs>; 
omit?: PurchaseOrderOmi
t<DefaultArgs>; 
include?: PurchaseOrder
Include<DefaultArgs>; 
... 5 more ...; 
distinct?: PurchaseOrde
rScalarFieldEnum | Purc
haseOrderScalarFieldEnu
m[]; }'
[96msrc/inventory/purc
hase-orders/purchase-or
ders.service.ts[0m:[9
3m167[0m:[93m11[0m 
- [91merror[0m[90m 
TS2353: [0mObject 
literal may only 
specify known 
properties, and 
'creator' does not 
exist in type 'Purchase
OrderInclude<DefaultArg
s>'.

[7m167[0m           
creator: true,
[7m   [0m [91m      
    ~~~~~~~[0m

  [96mnode_modules/.pr
isma/client/index.d.ts
[0m:[93m54873[0m:[93
m5[0m
    [7m54873[0m     
include?: PurchaseOrder
Include<ExtArgs> | null
    [7m     [0m 
[96m    ~~~~~~~[0m
    The expected type 
comes from property 
'include' which is 
declared here on type 
'{ select?: PurchaseOrd
erSelect<DefaultArgs>; 
omit?: PurchaseOrderOmi
t<DefaultArgs>; 
include?: PurchaseOrder
Include<DefaultArgs>; 
... 5 more ...; 
distinct?: PurchaseOrde
rScalarFieldEnum | Purc
haseOrderScalarFieldEnu
m[]; }'
[96msrc/inventory/purc
hase-orders/purchase-or
ders.service.ts[0m:[9
3m249[0m:[93m11[0m 
- [91merror[0m[90m 
TS2353: [0mObject 
literal may only 
specify known 
properties, and 
'creator' does not 
exist in type 'Purchase
OrderInclude<DefaultArg
s>'.

[7m249[0m           
creator: true,
[7m   [0m [91m      
    ~~~~~~~[0m

  [96mnode_modules/.pr
isma/client/index.d.ts
[0m:[93m55080[0m:[93
m5[0m
    [7m55080[0m     
include?: PurchaseOrder
Include<ExtArgs> | null
    [7m     [0m 
[96m    ~~~~~~~[0m
    The expected type 
comes from property 
'include' which is 
declared here on type 
'{ select?: PurchaseOrd
erSelect<DefaultArgs>; 
omit?: PurchaseOrderOmi
t<DefaultArgs>; 
include?: PurchaseOrder
Include<DefaultArgs>; 
data: (Without<...> & P
urchaseOrderUncheckedUp
dateInput) | 
(Without<...> & Purchas
eOrderUpdateInput); 
where: PurchaseOrderWhe
reUniqueInput; }'
[96msrc/inventory/purc
hase-orders/purchase-or
ders.service.ts[0m:[9
3m294[0m:[93m20[0m 
- [91merror[0m[90m 
TS2353: [0mObject 
literal may only 
specify known 
properties, and 
'items' does not exist 
in type 'PurchaseReques
tInclude<DefaultArgs>'.

[7m294[0m         
include: { items: { 
include: { item: true 
} } },
[7m   [0m [91m      
             ~~~~~[0m

  [96mnode_modules/.pr
isma/client/index.d.ts
[0m:[93m57404[0m:[93
m5[0m
    [7m57404[0m     
include?: PurchaseReque
stInclude<ExtArgs> | 
null
    [7m     [0m 
[96m    ~~~~~~~[0m
    The expected type 
comes from property 
'include' which is 
declared here on type 
'{ select?: PurchaseReq
uestSelect<DefaultArgs>
; omit?: PurchaseReques
tOmit<DefaultArgs>; 
include?: PurchaseReque
stInclude<DefaultArgs>;
 ... 5 more ...; 
distinct?: PurchaseRequ
estScalarFieldEnum | Pu
rchaseRequestScalarFiel
dEnum[]; }'
[96msrc/inventory/purc
hase-orders/purchase-or
ders.service.ts[0m:[9
3m317[0m:[93m30[0m 
- [91merror[0m[90m 
TS2339: [0mProperty 
'items' does not exist 
on type '{ id: string; 
createdAt: Date; 
updatedAt: Date; 
organizationId: 
string; officeId: 
string; status: 
PRStatus; totalAmount: 
Decimal; notes: 
string; storeId: 
string; ... 5 more 
...; approvedBy: 
string; }'.

[7m317[0m       
const totalAmount = 
pr.items.reduce(
[7m   [0m [91m      
                       
~~~~~[0m
[96msrc/inventory/purc
hase-orders/purchase-or
ders.service.ts[0m:[9
3m344[0m:[93m13[0m 
- [91merror[0m[90m 
TS2353: [0mObject 
literal may only 
specify known 
properties, and 
'items' does not exist 
in type '(Without<Purch
aseOrderCreateInput, Pu
rchaseOrderUncheckedCre
ateInput> & PurchaseOrd
erUncheckedCreateInput)
 | (Without<...> & Purc
haseOrderCreateInput)'.

[7m344[0m            
 items: {
[7m   [0m [91m      
      ~~~~~[0m

  [96mnode_modules/.pr
isma/client/index.d.ts
[0m:[93m55028[0m:[93
m5[0m
    [7m55028[0m     
data: XOR<PurchaseOrder
CreateInput, PurchaseOr
derUncheckedCreateInput
>
    [7m     [0m 
[96m    ~~~~[0m
    The expected type 
comes from property 
'data' which is 
declared here on type 
'{ select?: PurchaseOrd
erSelect<DefaultArgs>; 
omit?: PurchaseOrderOmi
t<DefaultArgs>; 
include?: PurchaseOrder
Include<DefaultArgs>; 
data: (Without<...> & P
urchaseOrderUncheckedCr
eateInput) | 
(Without<...> & Purchas
eOrderCreateInput); }'
[96msrc/inventory/purc
hase-orders/purchase-or
ders.service.ts[0m:[9
3m345[0m:[93m26[0m 
- [91merror[0m[90m 
TS2339: [0mProperty 
'items' does not exist 
on type '{ id: string; 
createdAt: Date; 
updatedAt: Date; 
organizationId: 
string; officeId: 
string; status: 
PRStatus; totalAmount: 
Decimal; notes: 
string; storeId: 
string; ... 5 more 
...; approvedBy: 
string; }'.

[7m345[0m            
   create: 
pr.items.map((item) => 
({
[7m   [0m [91m      
                   
~~~~~[0m
[96msrc/inventory/purc
hase-orders/purchase-or
ders.service.ts[0m:[9
3m356[0m:[93m13[0m 
- [91merror[0m[90m 
TS2353: [0mObject 
literal may only 
specify known 
properties, and 
'creator' does not 
exist in type 'Purchase
OrderInclude<DefaultArg
s>'.

[7m356[0m            
 creator: true,
[7m   [0m [91m      
      ~~~~~~~[0m

  [96mnode_modules/.pr
isma/client/index.d.ts
[0m:[93m55024[0m:[93
m5[0m
    [7m55024[0m     
include?: PurchaseOrder
Include<ExtArgs> | null
    [7m     [0m 
[96m    ~~~~~~~[0m
    The expected type 
comes from property 
'include' which is 
declared here on type 
'{ select?: PurchaseOrd
erSelect<DefaultArgs>; 
omit?: PurchaseOrderOmi
t<DefaultArgs>; 
include?: PurchaseOrder
Include<DefaultArgs>; 
data: (Without<...> & P
urchaseOrderUncheckedCr
eateInput) | 
(Without<...> & Purchas
eOrderCreateInput); }'
[96msrc/inventory/purc
hase-orders/purchase-or
ders.service.ts[0m:[9
3m388[0m:[93m11[0m 
- [91merror[0m[90m 
TS2353: [0mObject 
literal may only 
specify known 
properties, and 
'items' does not exist 
in type 'PurchaseOrderI
nclude<DefaultArgs>'.

[7m388[0m           
items: { include: { 
item: true } },
[7m   [0m [91m      
    ~~~~~[0m

  [96mnode_modules/.pr
isma/client/index.d.ts
[0m:[93m55080[0m:[93
m5[0m
    [7m55080[0m     
include?: PurchaseOrder
Include<ExtArgs> | null
    [7m     [0m 
[96m    ~~~~~~~[0m
    The expected type 
comes from property 
'include' which is 
declared here on type 
'{ select?: PurchaseOrd
erSelect<DefaultArgs>; 
omit?: PurchaseOrderOmi
t<DefaultArgs>; 
include?: PurchaseOrder
Include<DefaultArgs>; 
data: (Without<...> & P
urchaseOrderUncheckedUp
dateInput) | 
(Without<...> & Purchas
eOrderUpdateInput); 
where: PurchaseOrderWhe
reUniqueInput; }'
[96msrc/inventory/purc
hase-orders/purchase-or
ders.service.ts[0m:[9
3m437[0m:[93m11[0m 
- [91merror[0m[90m 
TS2353: [0mObject 
literal may only 
specify known 
properties, and 
'items' does not exist 
in type 'PurchaseOrderI
nclude<DefaultArgs>'.

[7m437[0m           
items: { include: { 
item: true } },
[7m   [0m [91m      
    ~~~~~[0m

  [96mnode_modules/.pr
isma/client/index.d.ts
[0m:[93m55080[0m:[93
m5[0m
    [7m55080[0m     
include?: PurchaseOrder
Include<ExtArgs> | null
    [7m     [0m 
[96m    ~~~~~~~[0m
    The expected type 
comes from property 
'include' which is 
declared here on type 
'{ select?: PurchaseOrd
erSelect<DefaultArgs>; 
omit?: PurchaseOrderOmi
t<DefaultArgs>; 
include?: PurchaseOrder
Include<DefaultArgs>; 
data: (Without<...> & P
urchaseOrderUncheckedUp
dateInput) | 
(Without<...> & Purchas
eOrderUpdateInput); 
where: PurchaseOrderWhe
reUniqueInput; }'
[96msrc/inventory/purc
hase-orders/purchase-or
ders.service.ts[0m:[9
3m464[0m:[93m11[0m 
- [91merror[0m[90m 
TS2353: [0mObject 
literal may only 
specify known 
properties, and 
'items' does not exist 
in type 'PurchaseOrderI
nclude<DefaultArgs>'.

[7m464[0m           
items: { include: { 
item: true } },
[7m   [0m [91m      
    ~~~~~[0m

  [96mnode_modules/.pr
isma/client/index.d.ts
[0m:[93m55080[0m:[93
m5[0m
    [7m55080[0m     
include?: PurchaseOrder
Include<ExtArgs> | null
    [7m     [0m 
[96m    ~~~~~~~[0m
    The expected type 
comes from property 
'include' which is 
declared here on type 
'{ select?: PurchaseOrd
erSelect<DefaultArgs>; 
omit?: PurchaseOrderOmi
t<DefaultArgs>; 
include?: PurchaseOrder
Include<DefaultArgs>; 
data: (Without<...> & P
urchaseOrderUncheckedUp
dateInput) | 
(Without<...> & Purchas
eOrderUpdateInput); 
where: PurchaseOrderWhe
reUniqueInput; }'
[96msrc/inventory/purc
hase-requests/purchase-
requests.service.ts[0m
:[93m152[0m:[93m11[
0m - 
[91merror[0m[90m 
TS2353: [0mObject 
literal may only 
specify known 
properties, and 
'items' does not exist 
in type '(Without<Purch
aseRequestCreateInput, 
PurchaseRequestUnchecke
dCreateInput> & Purchas
eRequestUncheckedCreate
Input) | (Without<...> 
& PurchaseRequestCreate
Input)'.

[7m152[0m           
items: {
[7m   [0m [91m      
    ~~~~~[0m

  [96mnode_modules/.pr
isma/client/index.d.ts
[0m:[93m57559[0m:[93
m5[0m
    [7m57559[0m     
data: XOR<PurchaseReque
stCreateInput, Purchase
RequestUncheckedCreateI
nput>
    [7m     [0m 
[96m    ~~~~[0m
    The expected type 
comes from property 
'data' which is 
declared here on type 
'{ select?: PurchaseReq
uestSelect<DefaultArgs>
; omit?: PurchaseReques
tOmit<DefaultArgs>; 
include?: PurchaseReque
stInclude<DefaultArgs>;
 data: (Without<...> & 
PurchaseRequestUnchecke
dCreateInput) | 
(Without<...> & Purchas
eRequestCreateInput); 
}'
[96msrc/inventory/purc
hase-requests/purchase-
requests.service.ts[0m
:[93m162[0m:[93m20[
0m - 
[91merror[0m[90m 
TS2561: [0mObject 
literal may only 
specify known 
properties, but 
'store' does not exist 
in type 'PurchaseReques
tInclude<DefaultArgs>'.
 Did you mean to write 
'Store'?

[7m162[0m         
include: { store: 
true, office: true, 
items: { include: { 
item: true } } },
[7m   [0m [91m      
             ~~~~~[0m

  [96mnode_modules/.pr
isma/client/index.d.ts
[0m:[93m57555[0m:[93
m5[0m
    [7m57555[0m     
include?: PurchaseReque
stInclude<ExtArgs> | 
null
    [7m     [0m 
[96m    ~~~~~~~[0m
    The expected type 
comes from property 
'include' which is 
declared here on type 
'{ select?: PurchaseReq
uestSelect<DefaultArgs>
; omit?: PurchaseReques
tOmit<DefaultArgs>; 
include?: PurchaseReque
stInclude<DefaultArgs>;
 data: (Without<...> & 
PurchaseRequestUnchecke
dCreateInput) | 
(Without<...> & Purchas
eRequestCreateInput); 
}'
[96msrc/inventory/purc
hase-requests/purchase-
requests.service.ts[0m
:[93m198[0m:[93m22[
0m - 
[91merror[0m[90m 
TS2561: [0mObject 
literal may only 
specify known 
properties, but 
'store' does not exist 
in type 'PurchaseReques
tInclude<DefaultArgs>'.
 Did you mean to write 
'Store'?

[7m198[0m           
include: { store: 
true, office: true, 
items: { include: { 
item: true } } },
[7m   [0m [91m      
               
~~~~~[0m

  [96mnode_modules/.pr
isma/client/index.d.ts
[0m:[93m57508[0m:[93
m5[0m
    [7m57508[0m     
include?: PurchaseReque
stInclude<ExtArgs> | 
null
    [7m     [0m 
[96m    ~~~~~~~[0m
    The expected type 
comes from property 
'include' which is 
declared here on type 
'{ select?: PurchaseReq
uestSelect<DefaultArgs>
; omit?: PurchaseReques
tOmit<DefaultArgs>; 
include?: PurchaseReque
stInclude<DefaultArgs>;
 ... 5 more ...; 
distinct?: PurchaseRequ
estScalarFieldEnum | Pu
rchaseRequestScalarFiel
dEnum[]; }'
[96msrc/inventory/purc
hase-requests/purchase-
requests.service.ts[0m
:[93m219[0m:[93m20[
0m - 
[91merror[0m[90m 
TS2561: [0mObject 
literal may only 
specify known 
properties, but 
'store' does not exist 
in type 'PurchaseReques
tInclude<DefaultArgs>'.
 Did you mean to write 
'Store'?

[7m219[0m         
include: { store: 
true, office: true, 
items: { include: { 
item: true } } },
[7m   [0m [91m      
             ~~~~~[0m

  [96mnode_modules/.pr
isma/client/index.d.ts
[0m:[93m57404[0m:[93
m5[0m
    [7m57404[0m     
include?: PurchaseReque
stInclude<ExtArgs> | 
null
    [7m     [0m 
[96m    ~~~~~~~[0m
    The expected type 
comes from property 
'include' which is 
declared here on type 
'{ select?: PurchaseReq
uestSelect<DefaultArgs>
; omit?: PurchaseReques
tOmit<DefaultArgs>; 
include?: PurchaseReque
stInclude<DefaultArgs>;
 ... 5 more ...; 
distinct?: PurchaseRequ
estScalarFieldEnum | Pu
rchaseRequestScalarFiel
dEnum[]; }'
[96msrc/inventory/purc
hase-requests/purchase-
requests.service.ts[0m
:[93m253[0m:[93m20[
0m - 
[91merror[0m[90m 
TS2561: [0mObject 
literal may only 
specify known 
properties, but 
'store' does not exist 
in type 'PurchaseReques
tInclude<DefaultArgs>'.
 Did you mean to write 
'Store'?

[7m253[0m         
include: { store: 
true, office: true, 
items: { include: { 
item: true } } },
[7m   [0m [91m      
             ~~~~~[0m

  [96mnode_modules/.pr
isma/client/index.d.ts
[0m:[93m57611[0m:[93
m5[0m
    [7m57611[0m     
include?: PurchaseReque
stInclude<ExtArgs> | 
null
    [7m     [0m 
[96m    ~~~~~~~[0m
    The expected type 
comes from property 
'include' which is 
declared here on type 
'{ select?: PurchaseReq
uestSelect<DefaultArgs>
; omit?: PurchaseReques
tOmit<DefaultArgs>; 
include?: PurchaseReque
stInclude<DefaultArgs>;
 data: (Without<...> & 
PurchaseRequestUnchecke
dUpdateInput) | 
(Without<...> & Purchas
eRequestUpdateInput); 
where: PurchaseRequestW
hereUniqueInput; }'
[96msrc/inventory/purc
hase-requests/purchase-
requests.service.ts[0m
:[93m313[0m:[93m20[
0m - 
[91merror[0m[90m 
TS2561: [0mObject 
literal may only 
specify known 
properties, but 
'store' does not exist 
in type 'PurchaseReques
tInclude<DefaultArgs>'.
 Did you mean to write 
'Store'?

[7m313[0m         
include: { store: 
true, office: true, 
items: { include: { 
item: true } } },
[7m   [0m [91m      
             ~~~~~[0m

  [96mnode_modules/.pr
isma/client/index.d.ts
[0m:[93m57611[0m:[93
m5[0m
    [7m57611[0m     
include?: PurchaseReque
stInclude<ExtArgs> | 
null
    [7m     [0m 
[96m    ~~~~~~~[0m
    The expected type 
comes from property 
'include' which is 
declared here on type 
'{ select?: PurchaseReq
uestSelect<DefaultArgs>
; omit?: PurchaseReques
tOmit<DefaultArgs>; 
include?: PurchaseReque
stInclude<DefaultArgs>;
 data: (Without<...> & 
PurchaseRequestUnchecke
dUpdateInput) | 
(Without<...> & Purchas
eRequestUpdateInput); 
where: PurchaseRequestW
hereUniqueInput; }'
[96msrc/inventory/purc
hase-requests/purchase-
requests.service.ts[0m
:[93m367[0m:[93m20[
0m - 
[91merror[0m[90m 
TS2561: [0mObject 
literal may only 
specify known 
properties, but 
'store' does not exist 
in type 'PurchaseReques
tInclude<DefaultArgs>'.
 Did you mean to write 
'Store'?

[7m367[0m         
include: { store: 
true, office: true, 
items: { include: { 
item: true } } },
[7m   [0m [91m      
             ~~~~~[0m

  [96mnode_modules/.pr
isma/client/index.d.ts
[0m:[93m57611[0m:[93
m5[0m
    [7m57611[0m     
include?: PurchaseReque
stInclude<ExtArgs> | 
null
    [7m     [0m 
[96m    ~~~~~~~[0m
    The expected type 
comes from property 
'include' which is 
declared here on type 
'{ select?: PurchaseReq
uestSelect<DefaultArgs>
; omit?: PurchaseReques
tOmit<DefaultArgs>; 
include?: PurchaseReque
stInclude<DefaultArgs>;
 data: (Without<...> & 
PurchaseRequestUnchecke
dUpdateInput) | 
(Without<...> & Purchas
eRequestUpdateInput); 
where: PurchaseRequestW
hereUniqueInput; }'
[96msrc/inventory/purc
hase-requests/purchase-
requests.service.ts[0m
:[93m394[0m:[93m20[
0m - 
[91merror[0m[90m 
TS2561: [0mObject 
literal may only 
specify known 
properties, but 
'store' does not exist 
in type 'PurchaseReques
tInclude<DefaultArgs>'.
 Did you mean to write 
'Store'?

[7m394[0m         
include: { store: 
true, office: true, 
items: { include: { 
item: true } } },
[7m   [0m [91m      
             ~~~~~[0m

  [96mnode_modules/.pr
isma/client/index.d.ts
[0m:[93m57611[0m:[93
m5[0m
    [7m57611[0m     
include?: PurchaseReque
stInclude<ExtArgs> | 
null
    [7m     [0m 
[96m    ~~~~~~~[0m
    The expected type 
comes from property 
'include' which is 
declared here on type 
'{ select?: PurchaseReq
uestSelect<DefaultArgs>
; omit?: PurchaseReques
tOmit<DefaultArgs>; 
include?: PurchaseReque
stInclude<DefaultArgs>;
 data: (Without<...> & 
PurchaseRequestUnchecke
dUpdateInput) | 
(Without<...> & Purchas
eRequestUpdateInput); 
where: PurchaseRequestW
hereUniqueInput; }'
[96msrc/inventory/purc
hase-requests/purchase-
requests.service.ts[0m
:[93m418[0m:[93m20[
0m - 
[91merror[0m[90m 
TS2561: [0mObject 
literal may only 
specify known 
properties, but 
'store' does not exist 
in type 'PurchaseReques
tInclude<DefaultArgs>'.
 Did you mean to write 
'Store'?

[7m418[0m         
include: { store: 
true, office: true, 
items: { include: { 
item: true } } },
[7m   [0m [91m      
             ~~~~~[0m

  [96mnode_modules/.pr
isma/client/index.d.ts
[0m:[93m57611[0m:[93
m5[0m
    [7m57611[0m     
include?: PurchaseReque
stInclude<ExtArgs> | 
null
    [7m     [0m 
[96m    ~~~~~~~[0m
    The expected type 
comes from property 
'include' which is 
declared here on type 
'{ select?: PurchaseReq
uestSelect<DefaultArgs>
; omit?: PurchaseReques
tOmit<DefaultArgs>; 
include?: PurchaseReque
stInclude<DefaultArgs>;
 data: (Without<...> & 
PurchaseRequestUnchecke
dUpdateInput) | 
(Without<...> & Purchas
eRequestUpdateInput); 
where: PurchaseRequestW
hereUniqueInput; }'
[96msrc/inventory/retu
rns/returns.service.ts
[0m:[93m15[0m:[93m20
[0m - 
[91merror[0m[90m 
TS2353: [0mObject 
literal may only 
specify known 
properties, and 
'items' does not exist 
in type 'IssuanceRegist
erInclude<DefaultArgs>'
.

[7m15[0m         
include: { items: { 
include: { item: true 
} }, guard: true, 
store: true },
[7m  [0m [91m       
            ~~~~~[0m

  [96mnode_modules/.pr
isma/client/index.d.ts
[0m:[93m41951[0m:[93
m5[0m
    [7m41951[0m     
include?: IssuanceRegis
terInclude<ExtArgs> | 
null
    [7m     [0m 
[96m    ~~~~~~~[0m
    The expected type 
comes from property 
'include' which is 
declared here on type 
'{ select?: IssuanceReg
isterSelect<DefaultArgs
>; omit?: IssuanceRegis
terOmit<DefaultArgs>; 
include?: IssuanceRegis
terInclude<DefaultArgs>
; ... 5 more ...; 
distinct?: IssuanceRegi
sterScalarFieldEnum | I
ssuanceRegisterScalarFi
eldEnum[]; }'
[96msrc/inventory/retu
rns/returns.service.ts
[0m:[93m22[0m:[93m48
[0m - 
[91merror[0m[90m 
TS2339: [0mProperty 
'items' does not exist 
on type '{ id: string; 
createdAt: Date; 
updatedAt: Date; 
organizationId: 
string; guardId: 
string; status: 
IssuanceStatus; notes: 
string; storeId: 
string; issuanceDate: 
Date; issueNumber: 
string; issuedBy: 
string; }'.

[7m22[0m       const 
issuanceItemIds = new S
et(issuance.items.map(i
 => i.itemId));
[7m  [0m [91m       
                       
                 
~~~~~[0m
[96msrc/inventory/retu
rns/returns.service.ts
[0m:[93m55[0m:[93m13
[0m - 
[91merror[0m[90m 
TS2353: [0mObject 
literal may only 
specify known 
properties, and 
'items' does not exist 
in type '(Without<Retur
nRegisterCreateInput, R
eturnRegisterUncheckedC
reateInput> & ReturnReg
isterUncheckedCreateInp
ut) | (Without<...> & R
eturnRegisterCreateInpu
t)'.

[7m55[0m             
items: {
[7m  [0m [91m       
     ~~~~~[0m

  [96mnode_modules/.pr
isma/client/index.d.ts
[0m:[93m62334[0m:[93
m5[0m
    [7m62334[0m     
data: XOR<ReturnRegiste
rCreateInput, ReturnReg
isterUncheckedCreateInp
ut>
    [7m     [0m 
[96m    ~~~~[0m
    The expected type 
comes from property 
'data' which is 
declared here on type 
'{ select?: ReturnRegis
terSelect<DefaultArgs>;
 omit?: ReturnRegisterO
mit<DefaultArgs>; 
include?: ReturnRegiste
rInclude<DefaultArgs>; 
data: (Without<...> & R
eturnRegisterUncheckedC
reateInput) | 
(Without<...> & ReturnR
egisterCreateInput); }'
[96msrc/inventory/retu
rns/returns.service.ts
[0m:[93m66[0m:[93m13
[0m - 
[91merror[0m[90m 
TS2561: [0mObject 
literal may only 
specify known 
properties, but 
'guard' does not exist 
in type 'ReturnRegister
Include<DefaultArgs>'. 
Did you mean to write 
'Guard'?

[7m66[0m             
guard: true,
[7m  [0m [91m       
     ~~~~~[0m

  [96mnode_modules/.pr
isma/client/index.d.ts
[0m:[93m62330[0m:[93
m5[0m
    [7m62330[0m     
include?: ReturnRegiste
rInclude<ExtArgs> | 
null
    [7m     [0m 
[96m    ~~~~~~~[0m
    The expected type 
comes from property 
'include' which is 
declared here on type 
'{ select?: ReturnRegis
terSelect<DefaultArgs>;
 omit?: ReturnRegisterO
mit<DefaultArgs>; 
include?: ReturnRegiste
rInclude<DefaultArgs>; 
data: (Without<...> & R
eturnRegisterUncheckedC
reateInput) | 
(Without<...> & ReturnR
egisterCreateInput); }'
[96msrc/inventory/retu
rns/returns.service.ts
[0m:[93m106[0m:[93m1
3[0m - 
[91merror[0m[90m 
TS2322: [0mType '{ 
organizationId: 
string; storeId: 
string; itemId: 
string; movementType: 
any; quantity: number; 
referenceType: string; 
referenceId: string; 
referenceNumber: 
string; movedBy: 
string; }' is not 
assignable to type '(Wi
thout<StockMovementCrea
teInput, StockMovementU
ncheckedCreateInput> & 
StockMovementUncheckedC
reateInput) | 
(Without<...> & StockMo
vementCreateInput)'.
  Type '{ 
organizationId: 
string; storeId: 
string; itemId: 
string; movementType: 
any; quantity: number; 
referenceType: string; 
referenceId: string; 
referenceNumber: 
string; movedBy: 
string; }' is not 
assignable to type 'Wit
hout<StockMovementUnche
ckedCreateInput, StockM
ovementCreateInput> & S
tockMovementCreateInput
'.
    Type '{ 
organizationId: 
string; storeId: 
string; itemId: 
string; movementType: 
any; quantity: number; 
referenceType: string; 
referenceId: string; 
referenceNumber: 
string; movedBy: 
string; }' is not 
assignable to type 'Wit
hout<StockMovementUnche
ckedCreateInput, StockM
ovementCreateInput>'.
      Types of 
property 
'organizationId' are 
incompatible.
        Type 'string' 
is not assignable to 
type 'never'.

[7m106[0m            
 data: {
[7m   [0m [91m      
      ~~~~[0m

  [96mnode_modules/.pr
isma/client/index.d.ts
[0m:[93m64648[0m:[93
m5[0m
    [7m64648[0m     
data: XOR<StockMovement
CreateInput, StockMovem
entUncheckedCreateInput
>
    [7m     [0m 
[96m    ~~~~[0m
    The expected type 
comes from property 
'data' which is 
declared here on type 
'{ select?: StockMoveme
ntSelect<DefaultArgs>; 
omit?: StockMovementOmi
t<DefaultArgs>; 
include?: StockMovement
Include<DefaultArgs>; 
data: (Without<...> & S
tockMovementUncheckedCr
eateInput) | 
(Without<...> & StockMo
vementCreateInput); }'
[96msrc/inventory/retu
rns/returns.service.ts
[0m:[93m122[0m:[93m5
0[0m - 
[91merror[0m[90m 
TS2339: [0mProperty 
'items' does not exist 
on type '{ id: string; 
createdAt: Date; 
updatedAt: Date; 
organizationId: 
string; guardId: 
string; status: 
IssuanceStatus; notes: 
string; storeId: 
string; issuanceDate: 
Date; issueNumber: 
string; issuedBy: 
string; }'.

[7m122[0m         
const issuanceItemMap 
= new Map(issuance.item
s.map((i: any) => 
[i.itemId, i]));
[7m   [0m [91m      
                       
                    
~~~~~[0m
[96msrc/inventory/retu
rns/returns.service.ts
[0m:[93m129[0m:[93m4
3[0m - 
[91merror[0m[90m 
TS2339: [0mProperty 
'items' does not exist 
on type '{ id: string; 
createdAt: Date; 
updatedAt: Date; 
organizationId: 
string; guardId: 
string; status: 
IssuanceStatus; notes: 
string; storeId: 
string; issuanceDate: 
Date; issueNumber: 
string; issuedBy: 
string; }'.

[7m129[0m         
for (const issuedItem 
of issuance.items) {
[7m   [0m [91m      
                       
             ~~~~~[0m
[96msrc/inventory/retu
rns/returns.service.ts
[0m:[93m177[0m:[93m1
3[0m - 
[91merror[0m[90m 
TS2561: [0mObject 
literal may only 
specify known 
properties, but 
'guard' does not exist 
in type 'ReturnRegister
Include<DefaultArgs>'. 
Did you mean to write 
'Guard'?

[7m177[0m            
 guard: true,
[7m   [0m [91m      
      ~~~~~[0m

  [96mnode_modules/.pr
isma/client/index.d.ts
[0m:[93m62283[0m:[93
m5[0m
    [7m62283[0m     
include?: ReturnRegiste
rInclude<ExtArgs> | 
null
    [7m     [0m 
[96m    ~~~~~~~[0m
    The expected type 
comes from property 
'include' which is 
declared here on type 
'{ select?: ReturnRegis
terSelect<DefaultArgs>;
 omit?: ReturnRegisterO
mit<DefaultArgs>; 
include?: ReturnRegiste
rInclude<DefaultArgs>; 
... 5 more ...; 
distinct?: ReturnRegist
erScalarFieldEnum | Ret
urnRegisterScalarFieldE
num[]; }'
[96msrc/inventory/retu
rns/returns.service.ts
[0m:[93m207[0m:[93m1
1[0m - 
[91merror[0m[90m 
TS2561: [0mObject 
literal may only 
specify known 
properties, but 
'guard' does not exist 
in type 'ReturnRegister
Include<DefaultArgs>'. 
Did you mean to write 
'Guard'?

[7m207[0m           
guard: true,
[7m   [0m [91m      
    ~~~~~[0m

  [96mnode_modules/.pr
isma/client/index.d.ts
[0m:[93m62179[0m:[93
m5[0m
    [7m62179[0m     
include?: ReturnRegiste
rInclude<ExtArgs> | 
null
    [7m     [0m 
[96m    ~~~~~~~[0m
    The expected type 
comes from property 
'include' which is 
declared here on type 
'{ select?: ReturnRegis
terSelect<DefaultArgs>;
 omit?: ReturnRegisterO
mit<DefaultArgs>; 
include?: ReturnRegiste
rInclude<DefaultArgs>; 
... 5 more ...; 
distinct?: ReturnRegist
erScalarFieldEnum | Ret
urnRegisterScalarFieldE
num[]; }'
[96msrc/inventory/retu
rns/returns.service.ts
[0m:[93m241[0m:[93m1
1[0m - 
[91merror[0m[90m 
TS2561: [0mObject 
literal may only 
specify known 
properties, but 
'guard' does not exist 
in type 'ReturnRegister
Include<DefaultArgs>'. 
Did you mean to write 
'Guard'?

[7m241[0m           
guard: true,
[7m   [0m [91m      
    ~~~~~[0m

  [96mnode_modules/.pr
isma/client/index.d.ts
[0m:[93m62386[0m:[93
m5[0m
    [7m62386[0m     
include?: ReturnRegiste
rInclude<ExtArgs> | 
null
    [7m     [0m 
[96m    ~~~~~~~[0m
    The expected type 
comes from property 
'include' which is 
declared here on type 
'{ select?: ReturnRegis
terSelect<DefaultArgs>;
 omit?: ReturnRegisterO
mit<DefaultArgs>; 
include?: ReturnRegiste
rInclude<DefaultArgs>; 
data: (Without<...> & R
eturnRegisterUncheckedU
pdateInput) | 
(Without<...> & ReturnR
egisterUpdateInput); 
where: ReturnRegisterWh
ereUniqueInput; }'
[96msrc/inventory/stoc
k-movements/stock-movem
ents.service.ts[0m:[9
3m51[0m:[93m13[0m - 
[91merror[0m[90m 
TS2561: [0mObject 
literal may only 
specify known 
properties, but 
'store' does not exist 
in type 'StockMovementI
nclude<DefaultArgs>'. 
Did you mean to write 
'Store'?

[7m51[0m             
store: true,
[7m  [0m [91m       
     ~~~~~[0m

  [96mnode_modules/.pr
isma/client/index.d.ts
[0m:[93m64597[0m:[93
m5[0m
    [7m64597[0m     
include?: StockMovement
Include<ExtArgs> | null
    [7m     [0m 
[96m    ~~~~~~~[0m
    The expected type 
comes from property 
'include' which is 
declared here on type 
'{ select?: StockMoveme
ntSelect<DefaultArgs>; 
omit?: StockMovementOmi
t<DefaultArgs>; 
include?: StockMovement
Include<DefaultArgs>; 
... 5 more ...; 
distinct?: StockMovemen
tScalarFieldEnum | Stoc
kMovementScalarFieldEnu
m[]; }'
[96msrc/inventory/stoc
k-movements/stock-movem
ents.service.ts[0m:[9
3m97[0m:[93m11[0m - 
[91merror[0m[90m 
TS2561: [0mObject 
literal may only 
specify known 
properties, but 
'store' does not exist 
in type 'StockMovementI
nclude<DefaultArgs>'. 
Did you mean to write 
'Store'?

[7m97[0m           
store: true,
[7m  [0m [91m       
   ~~~~~[0m

  [96mnode_modules/.pr
isma/client/index.d.ts
[0m:[93m64493[0m:[93
m5[0m
    [7m64493[0m     
include?: StockMovement
Include<ExtArgs> | null
    [7m     [0m 
[96m    ~~~~~~~[0m
    The expected type 
comes from property 
'include' which is 
declared here on type 
'{ select?: StockMoveme
ntSelect<DefaultArgs>; 
omit?: StockMovementOmi
t<DefaultArgs>; 
include?: StockMovement
Include<DefaultArgs>; 
... 5 more ...; 
distinct?: StockMovemen
tScalarFieldEnum | Stoc
kMovementScalarFieldEnu
m[]; }'
[96msrc/inventory/stoc
k-movements/stock-movem
ents.service.ts[0m:[9
3m130[0m:[93m13[0m 
- [91merror[0m[90m 
TS2561: [0mObject 
literal may only 
specify known 
properties, but 
'store' does not exist 
in type 'StockMovementI
nclude<DefaultArgs>'. 
Did you mean to write 
'Store'?

[7m130[0m            
 store: true,
[7m   [0m [91m      
      ~~~~~[0m

  [96mnode_modules/.pr
isma/client/index.d.ts
[0m:[93m64597[0m:[93
m5[0m
    [7m64597[0m     
include?: StockMovement
Include<ExtArgs> | null
    [7m     [0m 
[96m    ~~~~~~~[0m
    The expected type 
comes from property 
'include' which is 
declared here on type 
'{ select?: StockMoveme
ntSelect<DefaultArgs>; 
omit?: StockMovementOmi
t<DefaultArgs>; 
include?: StockMovement
Include<DefaultArgs>; 
... 5 more ...; 
distinct?: StockMovemen
tScalarFieldEnum | Stoc
kMovementScalarFieldEnu
m[]; }'
[96msrc/inventory/stoc
k-movements/stock-movem
ents.service.ts[0m:[9
3m203[0m:[93m11[0m 
- [91merror[0m[90m 
TS2561: [0mObject 
literal may only 
specify known 
properties, but 'item' 
does not exist in type 
'StockMovementInclude<D
efaultArgs>'. Did you 
mean to write 'Item'?

[7m203[0m           
item: true,
[7m   [0m [91m      
    ~~~~[0m

  [96mnode_modules/.pr
isma/client/index.d.ts
[0m:[93m64597[0m:[93
m5[0m
    [7m64597[0m     
include?: StockMovement
Include<ExtArgs> | null
    [7m     [0m 
[96m    ~~~~~~~[0m
    The expected type 
comes from property 
'include' which is 
declared here on type 
'{ select?: StockMoveme
ntSelect<DefaultArgs>; 
omit?: StockMovementOmi
t<DefaultArgs>; 
include?: StockMovement
Include<DefaultArgs>; 
... 5 more ...; 
distinct?: StockMovemen
tScalarFieldEnum | Stoc
kMovementScalarFieldEnu
m[]; }'
[96msrc/inventory/stoc
k-transfers/stock-trans
fers.service.ts[0m:[9
3m53[0m:[93m11[0m - 
[91merror[0m[90m 
TS2353: [0mObject 
literal may only 
specify known 
properties, and 
'items' does not exist 
in type '(Without<Stock
TransferCreateInput, St
ockTransferUncheckedCre
ateInput> & StockTransf
erUncheckedCreateInput)
 | (Without<...> & Stoc
kTransferCreateInput)'.

[7m53[0m           
items: {
[7m  [0m [91m       
   ~~~~~[0m

  [96mnode_modules/.pr
isma/client/index.d.ts
[0m:[93m65848[0m:[93
m5[0m
    [7m65848[0m     
data: XOR<StockTransfer
CreateInput, StockTrans
ferUncheckedCreateInput
>
    [7m     [0m 
[96m    ~~~~[0m
    The expected type 
comes from property 
'data' which is 
declared here on type 
'{ select?: StockTransf
erSelect<DefaultArgs>; 
omit?: StockTransferOmi
t<DefaultArgs>; 
include?: StockTransfer
Include<DefaultArgs>; 
data: (Without<...> & S
tockTransferUncheckedCr
eateInput) | 
(Without<...> & StockTr
ansferCreateInput); }'
[96msrc/inventory/stoc
k-transfers/stock-trans
fers.service.ts[0m:[9
3m63[0m:[93m11[0m - 
[91merror[0m[90m 
TS2353: [0mObject 
literal may only 
specify known 
properties, and 
'fromStore' does not 
exist in type 'StockTra
nsferInclude<DefaultArg
s>'.

[7m63[0m           
fromStore: true,
[7m  [0m [91m       
   ~~~~~~~~~[0m

  [96mnode_modules/.pr
isma/client/index.d.ts
[0m:[93m65844[0m:[93
m5[0m
    [7m65844[0m     
include?: StockTransfer
Include<ExtArgs> | null
    [7m     [0m 
[96m    ~~~~~~~[0m
    The expected type 
comes from property 
'include' which is 
declared here on type 
'{ select?: StockTransf
erSelect<DefaultArgs>; 
omit?: StockTransferOmi
t<DefaultArgs>; 
include?: StockTransfer
Include<DefaultArgs>; 
data: (Without<...> & S
tockTransferUncheckedCr
eateInput) | 
(Without<...> & StockTr
ansferCreateInput); }'
[96msrc/inventory/stoc
k-transfers/stock-trans
fers.service.ts[0m:[9
3m92[0m:[93m13[0m - 
[91merror[0m[90m 
TS2353: [0mObject 
literal may only 
specify known 
properties, and 
'fromStore' does not 
exist in type 'StockTra
nsferInclude<DefaultArg
s>'.

[7m92[0m             
fromStore: true,
[7m  [0m [91m       
     ~~~~~~~~~[0m

  [96mnode_modules/.pr
isma/client/index.d.ts
[0m:[93m65797[0m:[93
m5[0m
    [7m65797[0m     
include?: StockTransfer
Include<ExtArgs> | null
    [7m     [0m 
[96m    ~~~~~~~[0m
    The expected type 
comes from property 
'include' which is 
declared here on type 
'{ select?: StockTransf
erSelect<DefaultArgs>; 
omit?: StockTransferOmi
t<DefaultArgs>; 
include?: StockTransfer
Include<DefaultArgs>; 
... 5 more ...; 
distinct?: StockTransfe
rScalarFieldEnum | Stoc
kTransferScalarFieldEnu
m[]; }'
[96msrc/inventory/stoc
k-transfers/stock-trans
fers.service.ts[0m:[9
3m117[0m:[93m11[0m 
- [91merror[0m[90m 
TS2353: [0mObject 
literal may only 
specify known 
properties, and 
'fromStore' does not 
exist in type 'StockTra
nsferInclude<DefaultArg
s>'.

[7m117[0m           
fromStore: true,
[7m   [0m [91m      
    ~~~~~~~~~[0m

  [96mnode_modules/.pr
isma/client/index.d.ts
[0m:[93m65693[0m:[93
m5[0m
    [7m65693[0m     
include?: StockTransfer
Include<ExtArgs> | null
    [7m     [0m 
[96m    ~~~~~~~[0m
    The expected type 
comes from property 
'include' which is 
declared here on type 
'{ select?: StockTransf
erSelect<DefaultArgs>; 
omit?: StockTransferOmi
t<DefaultArgs>; 
include?: StockTransfer
Include<DefaultArgs>; 
... 5 more ...; 
distinct?: StockTransfe
rScalarFieldEnum | Stoc
kTransferScalarFieldEnu
m[]; }'
[96msrc/inventory/stoc
k-transfers/stock-trans
fers.service.ts[0m:[9
3m170[0m:[93m11[0m 
- [91merror[0m[90m 
TS2353: [0mObject 
literal may only 
specify known 
properties, and 
'fromStore' does not 
exist in type 'StockTra
nsferInclude<DefaultArg
s>'.

[7m170[0m           
fromStore: true,
[7m   [0m [91m      
    ~~~~~~~~~[0m

  [96mnode_modules/.pr
isma/client/index.d.ts
[0m:[93m65900[0m:[93
m5[0m
    [7m65900[0m     
include?: StockTransfer
Include<ExtArgs> | null
    [7m     [0m 
[96m    ~~~~~~~[0m
    The expected type 
comes from property 
'include' which is 
declared here on type 
'{ select?: StockTransf
erSelect<DefaultArgs>; 
omit?: StockTransferOmi
t<DefaultArgs>; 
include?: StockTransfer
Include<DefaultArgs>; 
data: (Without<...> & S
tockTransferUncheckedUp
dateInput) | 
(Without<...> & StockTr
ansferUpdateInput); 
where: StockTransferWhe
reUniqueInput; }'
[96msrc/inventory/stoc
k-transfers/stock-trans
fers.service.ts[0m:[9
3m225[0m:[93m11[0m 
- [91merror[0m[90m 
TS2353: [0mObject 
literal may only 
specify known 
properties, and 
'fromStore' does not 
exist in type 'StockTra
nsferInclude<DefaultArg
s>'.

[7m225[0m           
fromStore: true,
[7m   [0m [91m      
    ~~~~~~~~~[0m

  [96mnode_modules/.pr
isma/client/index.d.ts
[0m:[93m65900[0m:[93
m5[0m
    [7m65900[0m     
include?: StockTransfer
Include<ExtArgs> | null
    [7m     [0m 
[96m    ~~~~~~~[0m
    The expected type 
comes from property 
'include' which is 
declared here on type 
'{ select?: StockTransf
erSelect<DefaultArgs>; 
omit?: StockTransferOmi
t<DefaultArgs>; 
include?: StockTransfer
Include<DefaultArgs>; 
data: (Without<...> & S
tockTransferUncheckedUp
dateInput) | 
(Without<...> & StockTr
ansferUpdateInput); 
where: StockTransferWhe
reUniqueInput; }'
[96msrc/inventory/stoc
k-transfers/stock-trans
fers.service.ts[0m:[9
3m242[0m:[93m13[0m 
- [91merror[0m[90m 
TS2353: [0mObject 
literal may only 
specify known 
properties, and 
'items' does not exist 
in type 'StockTransferI
nclude<DefaultArgs>'.

[7m242[0m            
 items: { include: { 
item: true } },
[7m   [0m [91m      
      ~~~~~[0m

  [96mnode_modules/.pr
isma/client/index.d.ts
[0m:[93m65693[0m:[93
m5[0m
    [7m65693[0m     
include?: StockTransfer
Include<ExtArgs> | null
    [7m     [0m 
[96m    ~~~~~~~[0m
    The expected type 
comes from property 
'include' which is 
declared here on type 
'{ select?: StockTransf
erSelect<DefaultArgs>; 
omit?: StockTransferOmi
t<DefaultArgs>; 
include?: StockTransfer
Include<DefaultArgs>; 
... 5 more ...; 
distinct?: StockTransfe
rScalarFieldEnum | Stoc
kTransferScalarFieldEnu
m[]; }'
[96msrc/inventory/stoc
k-transfers/stock-trans
fers.service.ts[0m:[9
3m270[0m:[93m45[0m 
- [91merror[0m[90m 
TS2339: [0mProperty 
'items' does not exist 
on type '{ id: string; 
createdAt: Date; 
updatedAt: Date; 
organizationId: 
string; status: 
TransferStatus; notes: 
string; receivedBy: 
string; receivedDate: 
Date; fromStoreId: 
string; toStoreId: 
string; 
transferNumber: 
string; transferDate: 
Date; initiatedBy: 
string; }'.

[7m270[0m         
for (const 
transferItem of 
transfer.items) {
[7m   [0m [91m      
                       
               
~~~~~[0m
[96msrc/inventory/stoc
k-transfers/stock-trans
fers.service.ts[0m:[9
3m303[0m:[93m13[0m 
- [91merror[0m[90m 
TS2322: [0mType '{ 
organizationId: 
string; storeId: 
string; itemId: any; 
movementType: 
"TRANSFER"; quantity: 
any; referenceType: 
string; referenceId: 
string; 
referenceNumber: 
string; movedBy: 
string; notes: string; 
}' is not assignable 
to type '(Without<Stock
MovementCreateInput, St
ockMovementUncheckedCre
ateInput> & StockMoveme
ntUncheckedCreateInput)
 | (Without<...> & Stoc
kMovementCreateInput)'.
  Type '{ 
organizationId: 
string; storeId: 
string; itemId: any; 
movementType: 
"TRANSFER"; quantity: 
any; referenceType: 
string; referenceId: 
string; 
referenceNumber: 
string; movedBy: 
string; notes: string; 
}' is not assignable 
to type 'Without<StockM
ovementUncheckedCreateI
nput, StockMovementCrea
teInput> & StockMovemen
tCreateInput'.
    Type '{ 
organizationId: 
string; storeId: 
string; itemId: any; 
movementType: 
"TRANSFER"; quantity: 
any; referenceType: 
string; referenceId: 
string; 
referenceNumber: 
string; movedBy: 
string; notes: string; 
}' is not assignable 
to type 'Without<StockM
ovementUncheckedCreateI
nput, StockMovementCrea
teInput>'.
      Types of 
property 
'organizationId' are 
incompatible.
        Type 'string' 
is not assignable to 
type 'never'.

[7m303[0m            
 data: {
[7m   [0m [91m      
      ~~~~[0m

  [96mnode_modules/.pr
isma/client/index.d.ts
[0m:[93m64648[0m:[93
m5[0m
    [7m64648[0m     
data: XOR<StockMovement
CreateInput, StockMovem
entUncheckedCreateInput
>
    [7m     [0m 
[96m    ~~~~[0m
    The expected type 
comes from property 
'data' which is 
declared here on type 
'{ select?: StockMoveme
ntSelect<DefaultArgs>; 
omit?: StockMovementOmi
t<DefaultArgs>; 
include?: StockMovement
Include<DefaultArgs>; 
data: (Without<...> & S
tockMovementUncheckedCr
eateInput) | 
(Without<...> & StockMo
vementCreateInput); }'
[96msrc/inventory/stoc
k-transfers/stock-trans
fers.service.ts[0m:[9
3m324[0m:[93m15[0m 
- [91merror[0m[90m 
TS2322: [0mType '{ 
organizationId: 
string; storeId: 
string; itemId: any; 
quantityOnHand: any; 
quantityReserved: 
number; 
quantityAvailable: 
any; }' is not 
assignable to type '(Wi
thout<InventoryCreateIn
put, InventoryUnchecked
CreateInput> & Inventor
yUncheckedCreateInput) 
| (Without<...> & 
InventoryCreateInput)'.
  Type '{ 
organizationId: 
string; storeId: 
string; itemId: any; 
quantityOnHand: any; 
quantityReserved: 
number; 
quantityAvailable: 
any; }' is not 
assignable to type 'Wit
hout<InventoryUnchecked
CreateInput, 
InventoryCreateInput> 
& 
InventoryCreateInput'.
    Type '{ 
organizationId: 
string; storeId: 
string; itemId: any; 
quantityOnHand: any; 
quantityReserved: 
number; 
quantityAvailable: 
any; }' is not 
assignable to type 'Wit
hout<InventoryUnchecked
CreateInput, 
InventoryCreateInput>'.
      Types of 
property 
'organizationId' are 
incompatible.
        Type 'string' 
is not assignable to 
type 'never'.

[7m324[0m            
   data: {
[7m   [0m [91m      
        ~~~~[0m

  [96mnode_modules/.pr
isma/client/index.d.ts
[0m:[93m37444[0m:[93
m5[0m
    [7m37444[0m     
data: XOR<InventoryCrea
teInput, InventoryUnche
ckedCreateInput>
    [7m     [0m 
[96m    ~~~~[0m
    The expected type 
comes from property 
'data' which is 
declared here on type 
'{ select?: InventorySe
lect<DefaultArgs>; 
omit?: InventoryOmit<De
faultArgs>; include?: I
nventoryInclude<Default
Args>; data: 
(Without<...> & Invento
ryUncheckedCreateInput)
 | (Without<...> & 
InventoryCreateInput); 
}'
[96msrc/inventory/stoc
k-transfers/stock-trans
fers.service.ts[0m:[9
3m347[0m:[93m13[0m 
- [91merror[0m[90m 
TS2322: [0mType '{ 
organizationId: 
string; storeId: 
string; itemId: any; 
movementType: 
"TRANSFER"; quantity: 
any; referenceType: 
string; referenceId: 
string; 
referenceNumber: 
string; movedBy: 
string; notes: string; 
}' is not assignable 
to type '(Without<Stock
MovementCreateInput, St
ockMovementUncheckedCre
ateInput> & StockMoveme
ntUncheckedCreateInput)
 | (Without<...> & Stoc
kMovementCreateInput)'.
  Type '{ 
organizationId: 
string; storeId: 
string; itemId: any; 
movementType: 
"TRANSFER"; quantity: 
any; referenceType: 
string; referenceId: 
string; 
referenceNumber: 
string; movedBy: 
string; notes: string; 
}' is not assignable 
to type 'Without<StockM
ovementUncheckedCreateI
nput, StockMovementCrea
teInput> & StockMovemen
tCreateInput'.
    Type '{ 
organizationId: 
string; storeId: 
string; itemId: any; 
movementType: 
"TRANSFER"; quantity: 
any; referenceType: 
string; referenceId: 
string; 
referenceNumber: 
string; movedBy: 
string; notes: string; 
}' is not assignable 
to type 'Without<StockM
ovementUncheckedCreateI
nput, StockMovementCrea
teInput>'.
      Types of 
property 
'organizationId' are 
incompatible.
        Type 'string' 
is not assignable to 
type 'never'.

[7m347[0m            
 data: {
[7m   [0m [91m      
      ~~~~[0m

  [96mnode_modules/.pr
isma/client/index.d.ts
[0m:[93m64648[0m:[93
m5[0m
    [7m64648[0m     
data: XOR<StockMovement
CreateInput, StockMovem
entUncheckedCreateInput
>
    [7m     [0m 
[96m    ~~~~[0m
    The expected type 
comes from property 
'data' which is 
declared here on type 
'{ select?: StockMoveme
ntSelect<DefaultArgs>; 
omit?: StockMovementOmi
t<DefaultArgs>; 
include?: StockMovement
Include<DefaultArgs>; 
data: (Without<...> & S
tockMovementUncheckedCr
eateInput) | 
(Without<...> & StockMo
vementCreateInput); }'
[96msrc/inventory/stoc
k-transfers/stock-trans
fers.service.ts[0m:[9
3m371[0m:[93m13[0m 
- [91merror[0m[90m 
TS2353: [0mObject 
literal may only 
specify known 
properties, and 
'fromStore' does not 
exist in type 'StockTra
nsferInclude<DefaultArg
s>'.

[7m371[0m            
 fromStore: true,
[7m   [0m [91m      
      ~~~~~~~~~[0m

  [96mnode_modules/.pr
isma/client/index.d.ts
[0m:[93m65900[0m:[93
m5[0m
    [7m65900[0m     
include?: StockTransfer
Include<ExtArgs> | null
    [7m     [0m 
[96m    ~~~~~~~[0m
    The expected type 
comes from property 
'include' which is 
declared here on type 
'{ select?: StockTransf
erSelect<DefaultArgs>; 
omit?: StockTransferOmi
t<DefaultArgs>; 
include?: StockTransfer
Include<DefaultArgs>; 
data: (Without<...> & S
tockTransferUncheckedUp
dateInput) | 
(Without<...> & StockTr
ansferUpdateInput); 
where: StockTransferWhe
reUniqueInput; }'
[96msrc/inventory/stoc
k-transfers/stock-trans
fers.service.ts[0m:[9
3m407[0m:[93m11[0m 
- [91merror[0m[90m 
TS2353: [0mObject 
literal may only 
specify known 
properties, and 
'fromStore' does not 
exist in type 'StockTra
nsferInclude<DefaultArg
s>'.

[7m407[0m           
fromStore: true,
[7m   [0m [91m      
    ~~~~~~~~~[0m

  [96mnode_modules/.pr
isma/client/index.d.ts
[0m:[93m65900[0m:[93
m5[0m
    [7m65900[0m     
include?: StockTransfer
Include<ExtArgs> | null
    [7m     [0m 
[96m    ~~~~~~~[0m
    The expected type 
comes from property 
'include' which is 
declared here on type 
'{ select?: StockTransf
erSelect<DefaultArgs>; 
omit?: StockTransferOmi
t<DefaultArgs>; 
include?: StockTransfer
Include<DefaultArgs>; 
data: (Without<...> & S
tockTransferUncheckedUp
dateInput) | 
(Without<...> & StockTr
ansferUpdateInput); 
where: StockTransferWhe
reUniqueInput; }'
[96msrc/inventory/stor
es/stores.service.ts[0
m:[93m41[0m:[93m9[0
m - 
[91merror[0m[90m 
TS2322: [0mType '{ 
organizationId: 
string; officeId: 
string; name: string; 
location: string; 
address: string; 
phone: string; email: 
string; manager: 
string; capacity: 
number; isActive: 
true; }' is not 
assignable to type '(Wi
thout<StoreCreateInput,
 StoreUncheckedCreateIn
put> & StoreUncheckedCr
eateInput) | 
(Without<...> & 
StoreCreateInput)'.
  Type '{ 
organizationId: 
string; officeId: 
string; name: string; 
location: string; 
address: string; 
phone: string; email: 
string; manager: 
string; capacity: 
number; isActive: 
true; }' is not 
assignable to type 'Wit
hout<StoreUncheckedCrea
teInput, 
StoreCreateInput> & 
StoreCreateInput'.
    Type '{ 
organizationId: 
string; officeId: 
string; name: string; 
location: string; 
address: string; 
phone: string; email: 
string; manager: 
string; capacity: 
number; isActive: 
true; }' is not 
assignable to type 'Wit
hout<StoreUncheckedCrea
teInput, 
StoreCreateInput>'.
      Types of 
property 
'organizationId' are 
incompatible.
        Type 'string' 
is not assignable to 
type 'never'.

[7m41[0m         
data: {
[7m  [0m [91m       
 ~~~~[0m

  [96mnode_modules/.pr
isma/client/index.d.ts
[0m:[93m68250[0m:[93
m5[0m
    [7m68250[0m     
data: 
XOR<StoreCreateInput, S
toreUncheckedCreateInpu
t>
    [7m     [0m 
[96m    ~~~~[0m
    The expected type 
comes from property 
'data' which is 
declared here on type 
'{ select?: StoreSelect
<DefaultArgs>; omit?: S
toreOmit<DefaultArgs>; 
include?: StoreInclude<
DefaultArgs>; data: 
(Without<...> & StoreUn
checkedCreateInput) | 
(Without<...> & 
StoreCreateInput); }'
[96msrc/inventory/stor
es/stores.service.ts[0
m:[93m54[0m:[93m11[
0m - 
[91merror[0m[90m 
TS2561: [0mObject 
literal may only 
specify known 
properties, but 
'office' does not 
exist in type 'StoreInc
lude<DefaultArgs>'. 
Did you mean to write 
'Office'?

[7m54[0m           
office: true,
[7m  [0m [91m       
   ~~~~~~[0m

  [96mnode_modules/.pr
isma/client/index.d.ts
[0m:[93m68246[0m:[93
m5[0m
    [7m68246[0m     
include?: 
StoreInclude<ExtArgs> 
| null
    [7m     [0m 
[96m    ~~~~~~~[0m
    The expected type 
comes from property 
'include' which is 
declared here on type 
'{ select?: StoreSelect
<DefaultArgs>; omit?: S
toreOmit<DefaultArgs>; 
include?: StoreInclude<
DefaultArgs>; data: 
(Without<...> & StoreUn
checkedCreateInput) | 
(Without<...> & 
StoreCreateInput); }'
[96msrc/inventory/stor
es/stores.service.ts[0
m:[93m103[0m:[93m13
[0m - 
[91merror[0m[90m 
TS2561: [0mObject 
literal may only 
specify known 
properties, but 
'office' does not 
exist in type 'StoreInc
lude<DefaultArgs>'. 
Did you mean to write 
'Office'?

[7m103[0m            
 office: true,
[7m   [0m [91m      
      ~~~~~~[0m

  [96mnode_modules/.pr
isma/client/index.d.ts
[0m:[93m68199[0m:[93
m5[0m
    [7m68199[0m     
include?: 
StoreInclude<ExtArgs> 
| null
    [7m     [0m 
[96m    ~~~~~~~[0m
    The expected type 
comes from property 
'include' which is 
declared here on type 
'{ select?: StoreSelect
<DefaultArgs>; omit?: S
toreOmit<DefaultArgs>; 
include?: StoreInclude<
DefaultArgs>; ... 5 
more ...; distinct?: 
StoreScalarFieldEnum | 
StoreScalarFieldEnum[];
 }'
[96msrc/inventory/stor
es/stores.service.ts[0
m:[93m132[0m:[93m11
[0m - 
[91merror[0m[90m 
TS2561: [0mObject 
literal may only 
specify known 
properties, but 
'office' does not 
exist in type 'StoreInc
lude<DefaultArgs>'. 
Did you mean to write 
'Office'?

[7m132[0m           
office: true,
[7m   [0m [91m      
    ~~~~~~[0m

  [96mnode_modules/.pr
isma/client/index.d.ts
[0m:[93m68095[0m:[93
m5[0m
    [7m68095[0m     
include?: 
StoreInclude<ExtArgs> 
| null
    [7m     [0m 
[96m    ~~~~~~~[0m
    The expected type 
comes from property 
'include' which is 
declared here on type 
'{ select?: StoreSelect
<DefaultArgs>; omit?: S
toreOmit<DefaultArgs>; 
include?: StoreInclude<
DefaultArgs>; ... 5 
more ...; distinct?: 
StoreScalarFieldEnum | 
StoreScalarFieldEnum[];
 }'
[96msrc/inventory/stor
es/stores.service.ts[0
m:[93m195[0m:[93m11
[0m - 
[91merror[0m[90m 
TS2561: [0mObject 
literal may only 
specify known 
properties, but 
'office' does not 
exist in type 'StoreInc
lude<DefaultArgs>'. 
Did you mean to write 
'Office'?

[7m195[0m           
office: true,
[7m   [0m [91m      
    ~~~~~~[0m

  [96mnode_modules/.pr
isma/client/index.d.ts
[0m:[93m68302[0m:[93
m5[0m
    [7m68302[0m     
include?: 
StoreInclude<ExtArgs> 
| null
    [7m     [0m 
[96m    ~~~~~~~[0m
    The expected type 
comes from property 
'include' which is 
declared here on type 
'{ select?: StoreSelect
<DefaultArgs>; omit?: S
toreOmit<DefaultArgs>; 
include?: StoreInclude<
DefaultArgs>; data: 
(Without<...> & StoreUn
checkedUpdateInput) | 
(Without<...> & 
StoreUpdateInput); 
where: 
StoreWhereUniqueInput; 
}'
[96msrc/inventory/stor
es/stores.service.ts[0
m:[93m254[0m:[93m11
[0m - 
[91merror[0m[90m 
TS2561: [0mObject 
literal may only 
specify known 
properties, but 
'office' does not 
exist in type 'StoreInc
lude<DefaultArgs>'. 
Did you mean to write 
'Office'?

[7m254[0m           
office: true,
[7m   [0m [91m      
    ~~~~~~[0m

  [96mnode_modules/.pr
isma/client/index.d.ts
[0m:[93m68302[0m:[93
m5[0m
    [7m68302[0m     
include?: 
StoreInclude<ExtArgs> 
| null
    [7m     [0m 
[96m    ~~~~~~~[0m
    The expected type 
comes from property 
'include' which is 
declared here on type 
'{ select?: StoreSelect
<DefaultArgs>; omit?: S
toreOmit<DefaultArgs>; 
include?: StoreInclude<
DefaultArgs>; data: 
(Without<...> & StoreUn
checkedUpdateInput) | 
(Without<...> & 
StoreUpdateInput); 
where: 
StoreWhereUniqueInput; 
}'
[96msrc/inventory/vend
ors/vendors.service.ts
[0m:[93m21[0m:[93m9
[0m - 
[91merror[0m[90m 
TS2322: [0mType '{ 
organizationId: 
string; name: string; 
contactPerson: string; 
email: string; phone: 
string; 
phoneSecondary: 
string; address: 
string; city: string; 
country: string; 
paymentTerms: string; 
rating: number; 
isActive: true; }' is 
not assignable to type 
'(Without<VendorCreateI
nput, VendorUncheckedCr
eateInput> & VendorUnch
eckedCreateInput) | 
(Without<...> & 
VendorCreateInput)'.
  Type '{ 
organizationId: 
string; name: string; 
contactPerson: string; 
email: string; phone: 
string; 
phoneSecondary: 
string; address: 
string; city: string; 
country: string; 
paymentTerms: string; 
rating: number; 
isActive: true; }' is 
not assignable to type 
'Without<VendorUnchecke
dCreateInput, 
VendorCreateInput> & 
VendorCreateInput'.
    Type '{ 
organizationId: 
string; name: string; 
contactPerson: string; 
email: string; phone: 
string; 
phoneSecondary: 
string; address: 
string; city: string; 
country: string; 
paymentTerms: string; 
rating: number; 
isActive: true; }' is 
not assignable to type 
'Without<VendorUnchecke
dCreateInput, 
VendorCreateInput>'.
      Types of 
property 
'organizationId' are 
incompatible.
        Type 'string' 
is not assignable to 
type 'never'.

[7m21[0m         
data: {
[7m  [0m [91m       
 ~~~~[0m

  [96mnode_modules/.pr
isma/client/index.d.ts
[0m:[93m73423[0m:[93
m5[0m
    [7m73423[0m     
data: 
XOR<VendorCreateInput, 
VendorUncheckedCreateIn
put>
    [7m     [0m 
[96m    ~~~~[0m
    The expected type 
comes from property 
'data' which is 
declared here on type 
'{ select?: VendorSelec
t<DefaultArgs>; omit?: 
VendorOmit<DefaultArgs>
; include?: VendorInclu
de<DefaultArgs>; data: 
(Without<...> & VendorU
ncheckedCreateInput) | 
(Without<...> & 
VendorCreateInput); }'
[96msrc/inventory/vend
ors/vendors.service.ts
[0m:[93m180[0m:[93m2
0[0m - 
[91merror[0m[90m 
TS2353: [0mObject 
literal may only 
specify known 
properties, and 
'category' does not 
exist in type 'ItemIncl
ude<DefaultArgs>'.

[7m180[0m         
include: { category: 
true, group: true },
[7m   [0m [91m      
             
~~~~~~~~[0m

  [96mnode_modules/.pr
isma/client/index.d.ts
[0m:[93m43502[0m:[93
m5[0m
    [7m43502[0m     
include?: 
ItemInclude<ExtArgs> | 
null
    [7m     [0m 
[96m    ~~~~~~~[0m
    The expected type 
comes from property 
'include' which is 
declared here on type 
'{ select?: ItemSelect<
DefaultArgs>; omit?: 
ItemOmit<DefaultArgs>; 
include?: ItemInclude<D
efaultArgs>; ... 5 
more ...; distinct?: 
ItemScalarFieldEnum | 
ItemScalarFieldEnum[]; 
}'
[96msrc/inventory/vend
ors/vendors.service.ts
[0m:[93m203[0m:[93m2
0[0m - 
[91merror[0m[90m 
TS2353: [0mObject 
literal may only 
specify known 
properties, and 
'items' does not exist 
in type 'PurchaseOrderI
nclude<DefaultArgs>'.

[7m203[0m         
include: { items: 
true, creator: true },
[7m   [0m [91m      
             ~~~~~[0m

  [96mnode_modules/.pr
isma/client/index.d.ts
[0m:[93m54977[0m:[93
m5[0m
    [7m54977[0m     
include?: PurchaseOrder
Include<ExtArgs> | null
    [7m     [0m 
[96m    ~~~~~~~[0m
    The expected type 
comes from property 
'include' which is 
declared here on type 
'{ select?: PurchaseOrd
erSelect<DefaultArgs>; 
omit?: PurchaseOrderOmi
t<DefaultArgs>; 
include?: PurchaseOrder
Include<DefaultArgs>; 
... 5 more ...; 
distinct?: PurchaseOrde
rScalarFieldEnum | Purc
haseOrderScalarFieldEnu
m[]; }'
[96msrc/inventory/vend
ors/vendors.service.ts
[0m:[93m240[0m:[93m1
1[0m - 
[91merror[0m[90m 
TS2353: [0mObject 
literal may only 
specify known 
properties, and 
'items' does not exist 
in type 'GrnInclude<Def
aultArgs>'.

[7m240[0m           
items: { include: { 
item: true } },
[7m   [0m [91m      
    ~~~~~[0m

  [96mnode_modules/.pr
isma/client/index.d.ts
[0m:[93m25836[0m:[93
m5[0m
    [7m25836[0m     
include?: 
GrnInclude<ExtArgs> | 
null
    [7m     [0m 
[96m    ~~~~~~~[0m
    The expected type 
comes from property 
'include' which is 
declared here on type 
'{ select?: GrnSelect<D
efaultArgs>; omit?: 
GrnOmit<DefaultArgs>; 
include?: GrnInclude<De
faultArgs>; where?: 
GrnWhereInput; ... 4 
more ...; distinct?: 
GrnScalarFieldEnum | 
GrnScalarFieldEnum[]; 
}'
[96msrc/location-type/
location-type.service.t
s[0m:[93m7[0m:[93m1
8[0m - 
[91merror[0m[90m 
TS2724: 
[0m'"@prisma/client"' 
has no exported member 
named 'locationType'. 
Did you mean 
'location_types'?

[7m7[0m import { 
Prisma, locationType } 
from '@prisma/client';
[7m [0m [91m        
         
~~~~~~~~~~~~[0m
[96msrc/location-type/
location-type.service.t
s[0m:[93m24[0m:[93m
50[0m - 
[91merror[0m[90m 
TS2322: [0mType '{ 
type: string; }' is 
not assignable to type 
'(Without<location_type
sCreateInput, location_
typesUncheckedCreateInp
ut> & location_typesUnc
heckedCreateInput) | 
(Without<...> & locatio
n_typesCreateInput)'.
  Type '{ type: 
string; }' is not 
assignable to type 'Wit
hout<location_typesUnch
eckedCreateInput, locat
ion_typesCreateInput> 
& location_typesCreateI
nput'.
    Type '{ type: 
string; }' is missing 
the following 
properties from type 'l
ocation_typesCreateInpu
t': id, updatedAt

[7m24[0m       
return this.prisma.loca
tion_types.create({ 
data: { ...dto } });
[7m  [0m [91m       
                       
                   
~~~~[0m

  [96mnode_modules/.pr
isma/client/index.d.ts
[0m:[93m74525[0m:[93
m5[0m
    [7m74525[0m     
data: XOR<location_type
sCreateInput, location_
typesUncheckedCreateInp
ut>
    [7m     [0m 
[96m    ~~~~[0m
    The expected type 
comes from property 
'data' which is 
declared here on type 
'{ select?: location_ty
pesSelect<DefaultArgs>;
 omit?: location_typesO
mit<DefaultArgs>; 
include?: location_type
sInclude<DefaultArgs>; 
data: (Without<...> & l
ocation_typesUncheckedC
reateInput) | 
(Without<...> & locatio
n_typesCreateInput); }'
[96msrc/location/locat
ion.service.ts[0m:[93
m56[0m:[93m11[0m - 
[91merror[0m[90m 
TS2353: [0mObject 
literal may only 
specify known 
properties, and 
'taxes' does not exist 
in type '(Without<locat
ionsCreateInput, locati
onsUncheckedCreateInput
> & locationsUncheckedC
reateInput) | 
(Without<...> & 
locationsCreateInput)'.

[7m56[0m           
taxes: {
[7m  [0m [91m       
   ~~~~~[0m

  [96mnode_modules/.pr
isma/client/index.d.ts
[0m:[93m75814[0m:[93
m5[0m
    [7m75814[0m     
data: XOR<locationsCrea
teInput, locationsUnche
ckedCreateInput>
    [7m     [0m 
[96m    ~~~~[0m
    The expected type 
comes from property 
'data' which is 
declared here on type 
'{ select?: locationsSe
lect<DefaultArgs>; 
omit?: locationsOmit<De
faultArgs>; include?: l
ocationsInclude<Default
Args>; data: 
(Without<...> & locatio
nsUncheckedCreateInput)
 | (Without<...> & 
locationsCreateInput); 
}'
[96msrc/location/locat
ion.service.ts[0m:[93
m85[0m:[93m11[0m - 
[91merror[0m[90m 
TS2561: [0mObject 
literal may only 
specify known 
properties, but 
'requestedGuards' does 
not exist in type 'loca
tionsInclude<DefaultArg
s>'. Did you mean to 
write 
'requested_guards'?

[7m85[0m           
requestedGuards: {
[7m  [0m [91m       
   ~~~~~~~~~~~~~~~[0m

  [96mnode_modules/.pr
isma/client/index.d.ts
[0m:[93m75810[0m:[93
m5[0m
    [7m75810[0m     
include?: locationsIncl
ude<ExtArgs> | null
    [7m     [0m 
[96m    ~~~~~~~[0m
    The expected type 
comes from property 
'include' which is 
declared here on type 
'{ select?: locationsSe
lect<DefaultArgs>; 
omit?: locationsOmit<De
faultArgs>; include?: l
ocationsInclude<Default
Args>; data: 
(Without<...> & locatio
nsUncheckedCreateInput)
 | (Without<...> & 
locationsCreateInput); 
}'
[96msrc/location/locat
ion.service.ts[0m:[93
m100[0m:[93m9[0m - 
[91merror[0m[90m 
TS2561: [0mObject 
literal may only 
specify known 
properties, but 
'requestedGuards' does 
not exist in type 'loca
tionsInclude<DefaultArg
s>'. Did you mean to 
write 
'requested_guards'?

[7m100[0m         
requestedGuards: {
[7m   [0m [91m      
  ~~~~~~~~~~~~~~~[0m

  [96mnode_modules/.pr
isma/client/index.d.ts
[0m:[93m75763[0m:[93
m5[0m
    [7m75763[0m     
include?: locationsIncl
ude<ExtArgs> | null
    [7m     [0m 
[96m    ~~~~~~~[0m
    The expected type 
comes from property 
'include' which is 
declared here on type 
'{ select?: locationsSe
lect<DefaultArgs>; 
omit?: locationsOmit<De
faultArgs>; include?: l
ocationsInclude<Default
Args>; ... 5 more ...; 
distinct?: LocationsSca
larFieldEnum | Location
sScalarFieldEnum[]; }'
[96msrc/location/locat
ion.service.ts[0m:[93
m116[0m:[93m67[0m - 
[91merror[0m[90m 
TS2561: [0mObject 
literal may only 
specify known 
properties, but 
'requestedGuards' does 
not exist in type 'loca
tionsInclude<DefaultArg
s>'. Did you mean to 
write 
'requested_guards'?

[7m116[0m       ? 
await this.prisma.locat
ions.findFirst({ 
where, include: { 
requestedGuards: { 
include: { finances: 
true } } } })
[7m   [0m [91m      
                       
                       
              
~~~~~~~~~~~~~~~[0m

  [96mnode_modules/.pr
isma/client/index.d.ts
[0m:[93m75659[0m:[93
m5[0m
    [7m75659[0m     
include?: locationsIncl
ude<ExtArgs> | null
    [7m     [0m 
[96m    ~~~~~~~[0m
    The expected type 
comes from property 
'include' which is 
declared here on type 
'{ select?: locationsSe
lect<DefaultArgs>; 
omit?: locationsOmit<De
faultArgs>; include?: l
ocationsInclude<Default
Args>; ... 5 more ...; 
distinct?: LocationsSca
larFieldEnum | Location
sScalarFieldEnum[]; }'
[96msrc/location/locat
ion.service.ts[0m:[93
m117[0m:[93m76[0m - 
[91merror[0m[90m 
TS2561: [0mObject 
literal may only 
specify known 
properties, but 
'requestedGuards' does 
not exist in type 'loca
tionsInclude<DefaultArg
s>'. Did you mean to 
write 
'requested_guards'?

[7m117[0m       : 
await this.prisma.locat
ions.findUnique({ 
where: { id }, 
include: { 
requestedGuards: { 
include: { finances: 
true } } } });
[7m   [0m [91m      
                       
                       
                       
~~~~~~~~~~~~~~~[0m

  [96mnode_modules/.pr
isma/client/index.d.ts
[0m:[93m75615[0m:[93
m5[0m
    [7m75615[0m     
include?: locationsIncl
ude<ExtArgs> | null
    [7m     [0m 
[96m    ~~~~~~~[0m
    The expected type 
comes from property 
'include' which is 
declared here on type 
'{ select?: locationsSe
lect<DefaultArgs>; 
omit?: locationsOmit<De
faultArgs>; include?: l
ocationsInclude<Default
Args>; where: locations
WhereUniqueInput; }'
[96msrc/location/locat
ion.service.ts[0m:[93
m146[0m:[93m13[0m - 
[91merror[0m[90m 
TS2561: [0mObject 
literal may only 
specify known 
properties, but 
'guardCategory' does 
not exist in type 'Assi
gnedGuardSelect<Default
Args>'. Did you mean 
to write 
'GuardCategory'?

[7m146[0m            
 guardCategory: {
[7m   [0m [91m      
      ~~~~~~~~~~~~~[0m
[96msrc/location/locat
ion.service.ts[0m:[93
m198[0m:[93m9[0m - 
[91merror[0m[90m 
TS2561: [0mObject 
literal may only 
specify known 
properties, but 
'requestedGuards' does 
not exist in type 'loca
tionsInclude<DefaultArg
s>'. Did you mean to 
write 
'requested_guards'?

[7m198[0m         
requestedGuards: {
[7m   [0m [91m      
  ~~~~~~~~~~~~~~~[0m

  [96mnode_modules/.pr
isma/client/index.d.ts
[0m:[93m75763[0m:[93
m5[0m
    [7m75763[0m     
include?: locationsIncl
ude<ExtArgs> | null
    [7m     [0m 
[96m    ~~~~~~~[0m
    The expected type 
comes from property 
'include' which is 
declared here on type 
'{ select?: locationsSe
lect<DefaultArgs>; 
omit?: locationsOmit<De
faultArgs>; include?: l
ocationsInclude<Default
Args>; ... 5 more ...; 
distinct?: LocationsSca
larFieldEnum | Location
sScalarFieldEnum[]; }'
[96msrc/location/locat
ion.service.ts[0m:[93
m237[0m:[93m13[0m - 
[91merror[0m[90m 
TS2561: [0mObject 
literal may only 
specify known 
properties, but 
'requestedGuard' does 
not exist in type 'Assi
gnedGuardSelect<Default
Args>'. Did you mean 
to write 
'requestedGuardId'?

[7m237[0m            
 requestedGuard: {
[7m   [0m [91m      
      
~~~~~~~~~~~~~~[0m
[96msrc/location/locat
ion.service.ts[0m:[93
m255[0m:[93m38[0m - 
[91merror[0m[90m 
TS2339: [0mProperty 
'assignedGuard' does 
not exist on type '{ 
id: string; createdAt: 
Date; updatedAt: Date; 
isActive: boolean; 
organizationId: 
string; officeId: 
string; clientId: 
string; address: 
string; city: string; 
country: string; 
locationName: string; 
... 6 more ...; 
locationTypeId: 
string; }'.

[7m255[0m     const 
assignedGuards = locati
on?.assignedGuard ?? 
[];
[7m   [0m [91m      
                       
        
~~~~~~~~~~~~~[0m
[96msrc/location/locat
ion.service.ts[0m:[93
m346[0m:[93m11[0m - 
[91merror[0m[90m 
TS2561: [0mObject 
literal may only 
specify known 
properties, but 
'requestedGuards' does 
not exist in type 'loca
tionsInclude<DefaultArg
s>'. Did you mean to 
write 
'requested_guards'?

[7m346[0m           
requestedGuards: {
[7m   [0m [91m      
    ~~~~~~~~~~~~~~~[0m

  [96mnode_modules/.pr
isma/client/index.d.ts
[0m:[93m75866[0m:[93
m5[0m
    [7m75866[0m     
include?: locationsIncl
ude<ExtArgs> | null
    [7m     [0m 
[96m    ~~~~~~~[0m
    The expected type 
comes from property 
'include' which is 
declared here on type 
'{ select?: locationsSe
lect<DefaultArgs>; 
omit?: locationsOmit<De
faultArgs>; include?: l
ocationsInclude<Default
Args>; data: 
(Without<...> & locatio
nsUncheckedUpdateInput)
 | (Without<...> & 
locationsUpdateInput); 
where: locationsWhereUn
iqueInput; }'
[96msrc/location/locat
ion.service.ts[0m:[93
m400[0m:[93m11[0m - 
[91merror[0m[90m 
TS2561: [0mObject 
literal may only 
specify known 
properties, but 
'guardCategory' does 
not exist in type 'requ
ested_guardsInclude<Def
aultArgs>'. Did you 
mean to write 
'GuardCategory'?

[7m400[0m           
guardCategory: {
[7m   [0m [91m      
    ~~~~~~~~~~~~~[0m

  [96mnode_modules/.pr
isma/client/index.d.ts
[0m:[93m78276[0m:[93
m5[0m
    [7m78276[0m     
include?: requested_gua
rdsInclude<ExtArgs> | 
null
    [7m     [0m 
[96m    ~~~~~~~[0m
    The expected type 
comes from property 
'include' which is 
declared here on type 
'{ select?: requested_g
uardsSelect<DefaultArgs
>; omit?: requested_gua
rdsOmit<DefaultArgs>; 
include?: requested_gua
rdsInclude<DefaultArgs>
; ... 5 more ...; 
distinct?: Requested_gu
ardsScalarFieldEnum | R
equested_guardsScalarFi
eldEnum[]; }'
[96msrc/location/locat
ion.service.ts[0m:[93
m510[0m:[93m15[0m - 
[91merror[0m[90m 
TS2561: [0mObject 
literal may only 
specify known 
properties, but 
'guard' does not exist 
in type 'AssignedGuardS
elect<DefaultArgs>'. 
Did you mean to write 
'Guard'?

[7m510[0m            
   guard: {
[7m   [0m [91m      
        ~~~~~[0m
[96msrc/location/locat
ion.service.ts[0m:[93
m543[0m:[93m33[0m - 
[91merror[0m[90m 
TS2551: [0mProperty 
'client' does not 
exist on type '{ id: 
string; createdAt: 
Date; updatedAt: Date; 
isActive: boolean; 
organizationId: 
string; officeId: 
string; clientId: 
string; address: 
string; city: string; 
country: string; 
locationName: string; 
... 6 more ...; 
locationTypeId: 
string; }'. Did you 
mean 'clientId'?

[7m543[0m           
companyName: location.c
lient.companyName,
[7m   [0m [91m      
                       
   ~~~~~~[0m
[96msrc/location/locat
ion.service.ts[0m:[93
m544[0m:[93m36[0m - 
[91merror[0m[90m 
TS2551: [0mProperty 
'client' does not 
exist on type '{ id: 
string; createdAt: 
Date; updatedAt: Date; 
isActive: boolean; 
organizationId: 
string; officeId: 
string; clientId: 
string; address: 
string; city: string; 
country: string; 
locationName: string; 
... 6 more ...; 
locationTypeId: 
string; }'. Did you 
mean 'clientId'?

[7m544[0m           
contractNumber: locatio
n.client.contractNumber
,
[7m   [0m [91m      
                       
      ~~~~~~[0m
[96msrc/location/locat
ion.service.ts[0m:[93
m545[0m:[93m35[0m - 
[91merror[0m[90m 
TS2551: [0mProperty 
'client' does not 
exist on type '{ id: 
string; createdAt: 
Date; updatedAt: Date; 
isActive: boolean; 
organizationId: 
string; officeId: 
string; clientId: 
string; address: 
string; city: string; 
country: string; 
locationName: string; 
... 6 more ...; 
locationTypeId: 
string; }'. Did you 
mean 'clientId'?

[7m545[0m           
contactNumber: location
.client.contactNumber,
[7m   [0m [91m      
                       
     ~~~~~~[0m
[96msrc/location/locat
ion.service.ts[0m:[93
m548[0m:[93m32[0m - 
[91merror[0m[90m 
TS2339: [0mProperty 
'AssignedGuard' does 
not exist on type '{ 
id: string; createdAt: 
Date; updatedAt: Date; 
isActive: boolean; 
organizationId: 
string; officeId: 
string; clientId: 
string; address: 
string; city: string; 
country: string; 
locationName: string; 
... 6 more ...; 
locationTypeId: 
string; }'.

[7m548[0m           
totalCount: location.As
signedGuard.length,
[7m   [0m [91m      
                       
  ~~~~~~~~~~~~~[0m
[96msrc/location/locat
ion.service.ts[0m:[93
m549[0m:[93m26[0m - 
[91merror[0m[90m 
TS2339: [0mProperty 
'AssignedGuard' does 
not exist on type '{ 
id: string; createdAt: 
Date; updatedAt: Date; 
isActive: boolean; 
organizationId: 
string; officeId: 
string; clientId: 
string; address: 
string; city: string; 
country: string; 
locationName: string; 
... 6 more ...; 
locationTypeId: 
string; }'.

[7m549[0m           
list: location.Assigned
Guard.map((ag) => ({
[7m   [0m [91m      
                   
~~~~~~~~~~~~~[0m
[96msrc/organization/o
rganization.service.ts
[0m:[93m51[0m:[93m15
[0m - 
[91merror[0m[90m 
TS2561: [0mObject 
literal may only 
specify known 
properties, but 'role' 
does not exist in type 
'UserRoleWhereInput'. 
Did you mean to write 
'Role'?

[7m51[0m             
  role: {
[7m  [0m [91m       
       ~~~~[0m

  [96mnode_modules/.pr
isma/client/index.d.ts
[0m:[93m96266[0m:[93
m5[0m
    [7m96266[0m     
some?: 
UserRoleWhereInput
    [7m     [0m 
[96m    ~~~~[0m
    The expected type 
comes from property 
'some' which is 
declared here on type '
UserRoleListRelationFil
ter'
[96msrc/organization/o
rganization.service.ts
[0m:[93m137[0m:[93m1
3[0m - 
[91merror[0m[90m 
TS2322: [0mType '{ 
OrganizationFeature: { 
create: { id: `${string
}-${string}-${string}-$
{string}-${string}`; 
featureId: string; 
}[]; }; 
organizationName: 
string; province: 
string; city: string; 
phoneNumber1: string; 
phoneNumber2: string; 
... 4 more ...; id: 
string; }' is not 
assignable to type '(Wi
thout<OrganizationCreat
eInput, OrganizationUnc
heckedCreateInput> & Or
ganizationUncheckedCrea
teInput) | 
(Without<...> & Organiz
ationCreateInput)'.
  Type '{ 
OrganizationFeature: { 
create: { id: `${string
}-${string}-${string}-$
{string}-${string}`; 
featureId: string; 
}[]; }; 
organizationName: 
string; province: 
string; city: string; 
phoneNumber1: string; 
phoneNumber2: string; 
... 4 more ...; id: 
string; }' is not 
assignable to type 'Wit
hout<OrganizationUnchec
kedCreateInput, Organiz
ationCreateInput> & Org
anizationCreateInput'.
    Type '{ 
OrganizationFeature: { 
create: { id: `${string
}-${string}-${string}-$
{string}-${string}`; 
featureId: string; 
}[]; }; 
organizationName: 
string; province: 
string; city: string; 
phoneNumber1: string; 
phoneNumber2: string; 
... 4 more ...; id: 
string; }' is not 
assignable to type 'Wit
hout<OrganizationUnchec
kedCreateInput, Organiz
ationCreateInput>'.
      Types of 
property 'userId' are 
incompatible.
        Type 'string' 
is not assignable to 
type 'never'.

[7m137[0m            
 data: {
[7m   [0m [91m      
      ~~~~[0m

  [96mnode_modules/.pr
isma/client/index.d.ts
[0m:[93m51026[0m:[93
m5[0m
    [7m51026[0m     
data: XOR<OrganizationC
reateInput, Organizatio
nUncheckedCreateInput>
    [7m     [0m 
[96m    ~~~~[0m
    The expected type 
comes from property 
'data' which is 
declared here on type 
'{ select?: Organizatio
nSelect<DefaultArgs>; 
omit?: OrganizationOmit
<DefaultArgs>; 
include?: OrganizationI
nclude<DefaultArgs>; 
data: (Without<...> & O
rganizationUncheckedCre
ateInput) | 
(Without<...> & Organiz
ationCreateInput); }'
[96msrc/organization/o
rganization.service.ts
[0m:[93m149[0m:[93m1
9[0m - 
[91merror[0m[90m 
TS2561: [0mObject 
literal may only 
specify known 
properties, but 
'feature' does not 
exist in type 'Organiza
tionFeatureSelect<Defau
ltArgs>'. Did you mean 
to write 'Feature'?

[7m149[0m            
       feature: {
[7m   [0m [91m      
            ~~~~~~~[0m
[96msrc/organization/o
rganization.service.ts
[0m:[93m168[0m:[93m1
7[0m - 
[91merror[0m[90m 
TS2322: [0mType '{ 
organizationId: 
string; branchCode: 
number; branchName: 
string; email: string; 
province: string; 
city: string; 
contactNumber: string; 
address: string; }' is 
not assignable to type 
'(Without<OfficeCreateI
nput, OfficeUncheckedCr
eateInput> & OfficeUnch
eckedCreateInput) | 
(Without<...> & 
OfficeCreateInput)'.
  Type '{ 
organizationId: 
string; branchCode: 
number; branchName: 
string; email: string; 
province: string; 
city: string; 
contactNumber: string; 
address: string; }' is 
not assignable to type 
'Without<OfficeUnchecke
dCreateInput, 
OfficeCreateInput> & 
OfficeCreateInput'.
    Type '{ 
organizationId: 
string; branchCode: 
number; branchName: 
string; email: string; 
province: string; 
city: string; 
contactNumber: string; 
address: string; }' is 
not assignable to type 
'Without<OfficeUnchecke
dCreateInput, 
OfficeCreateInput>'.
      Types of 
property 
'organizationId' are 
incompatible.
        Type 'string' 
is not assignable to 
type 'never'.

[7m168[0m            
     data: {
[7m   [0m [91m      
          ~~~~[0m

  [96mnode_modules/.pr
isma/client/index.d.ts
[0m:[93m49606[0m:[93
m5[0m
    [7m49606[0m     
data: 
XOR<OfficeCreateInput, 
OfficeUncheckedCreateIn
put>
    [7m     [0m 
[96m    ~~~~[0m
    The expected type 
comes from property 
'data' which is 
declared here on type 
'{ select?: OfficeSelec
t<DefaultArgs>; omit?: 
OfficeOmit<DefaultArgs>
; include?: OfficeInclu
de<DefaultArgs>; data: 
(Without<...> & OfficeU
ncheckedCreateInput) | 
(Without<...> & 
OfficeCreateInput); }'
[96msrc/organization/o
rganization.service.ts
[0m:[93m180[0m:[93m4
7[0m - 
[91merror[0m[90m 
TS2561: [0mObject 
literal may only 
specify known 
properties, but 'role' 
does not exist in type 
'UserRoleInclude<Defaul
tArgs>'. Did you mean 
to write 'Role'?

[7m180[0m            
 include: { UserRole: 
{ include: { role: 
true } } },
[7m   [0m [91m      
                       
                 
~~~~[0m
[96msrc/organization/o
rganization.service.ts
[0m:[93m193[0m:[93m3
3[0m - 
[91merror[0m[90m 
TS2339: [0mProperty 
'UserRole' does not 
exist on type '{ id: 
string; email: string; 
createdAt: Date; 
updatedAt: Date; 
isActive: boolean; 
password: string; 
userName: string; 
profileImage: string; 
}'.

[7m193[0m            
       userWithRoles.Us
erRole[0]?.role.roleNam
e ||
[7m   [0m [91m      
                       
   ~~~~~~~~[0m
[96msrc/organization/o
rganization.service.ts
[0m:[93m244[0m:[93m7
[0m - 
[91merror[0m[90m 
TS2322: [0mType '{ 
organizationId: 
string; branchCode: 
number; branchName: 
string; email: string; 
province: string; 
city: string; 
contactNumber: string; 
address: string; }' is 
not assignable to type 
'(Without<OfficeCreateI
nput, OfficeUncheckedCr
eateInput> & OfficeUnch
eckedCreateInput) | 
(Without<...> & 
OfficeCreateInput)'.
  Type '{ 
organizationId: 
string; branchCode: 
number; branchName: 
string; email: string; 
province: string; 
city: string; 
contactNumber: string; 
address: string; }' is 
not assignable to type 
'Without<OfficeUnchecke
dCreateInput, 
OfficeCreateInput> & 
OfficeCreateInput'.
    Type '{ 
organizationId: 
string; branchCode: 
number; branchName: 
string; email: string; 
province: string; 
city: string; 
contactNumber: string; 
address: string; }' is 
not assignable to type 
'Without<OfficeUnchecke
dCreateInput, 
OfficeCreateInput>'.
      Types of 
property 
'organizationId' are 
incompatible.
        Type 'string' 
is not assignable to 
type 'never'.

[7m244[0m       
data: { ...dto, 
organizationId, 
branchCode },
[7m   [0m [91m      
~~~~[0m

  [96mnode_modules/.pr
isma/client/index.d.ts
[0m:[93m49606[0m:[93
m5[0m
    [7m49606[0m     
data: 
XOR<OfficeCreateInput, 
OfficeUncheckedCreateIn
put>
    [7m     [0m 
[96m    ~~~~[0m
    The expected type 
comes from property 
'data' which is 
declared here on type 
'{ select?: OfficeSelec
t<DefaultArgs>; omit?: 
OfficeOmit<DefaultArgs>
; include?: OfficeInclu
de<DefaultArgs>; data: 
(Without<...> & OfficeU
ncheckedCreateInput) | 
(Without<...> & 
OfficeCreateInput); }'
[96msrc/organization/o
rganization.service.ts
[0m:[93m245[0m:[93m1
8[0m - 
[91merror[0m[90m 
TS2561: [0mObject 
literal may only 
specify known 
properties, but 
'organization' does 
not exist in type 'Offi
ceInclude<DefaultArgs>'
. Did you mean to 
write 'Organization'?

[7m245[0m       
include: { 
organization: true },
[7m   [0m [91m      
           
~~~~~~~~~~~~[0m

  [96mnode_modules/.pr
isma/client/index.d.ts
[0m:[93m49602[0m:[93
m5[0m
    [7m49602[0m     
include?: 
OfficeInclude<ExtArgs> 
| null
    [7m     [0m 
[96m    ~~~~~~~[0m
    The expected type 
comes from property 
'include' which is 
declared here on type 
'{ select?: OfficeSelec
t<DefaultArgs>; omit?: 
OfficeOmit<DefaultArgs>
; include?: OfficeInclu
de<DefaultArgs>; data: 
(Without<...> & OfficeU
ncheckedCreateInput) | 
(Without<...> & 
OfficeCreateInput); }'
[96msrc/organization/o
rganization.service.ts
[0m:[93m262[0m:[93m7
[0m - 
[91merror[0m[90m 
TS2322: [0mType '{ 
organizationId: 
string; bankName?: 
string; bankCode?: 
string; 
accountNumber?: 
string; accountTitle?: 
string; IBAN?: string; 
branchCode?: string; 
branch?: string; }' is 
not assignable to type 
'(Without<OrganizationB
ankAccountCreateInput, 
OrganizationBankAccount
UncheckedCreateInput> 
& OrganizationBankAccou
ntUncheckedCreateInput)
 | (Without<...> & Orga
nizationBankAccountCrea
teInput)'.
  Type '{ 
organizationId: 
string; bankName?: 
string; bankCode?: 
string; 
accountNumber?: 
string; accountTitle?: 
string; IBAN?: string; 
branchCode?: string; 
branch?: string; }' is 
not assignable to type 
'Without<OrganizationBa
nkAccountUncheckedCreat
eInput, OrganizationBan
kAccountCreateInput> & 
OrganizationBankAccount
CreateInput'.
    Type '{ 
organizationId: 
string; bankName?: 
string; bankCode?: 
string; 
accountNumber?: 
string; accountTitle?: 
string; IBAN?: string; 
branchCode?: string; 
branch?: string; }' is 
not assignable to type 
'Without<OrganizationBa
nkAccountUncheckedCreat
eInput, OrganizationBan
kAccountCreateInput>'.
      Types of 
property 
'organizationId' are 
incompatible.
        Type 'string' 
is not assignable to 
type 'never'.

[7m262[0m       
data: { ...dto, 
organizationId },
[7m   [0m [91m      
~~~~[0m

  [96mnode_modules/.pr
isma/client/index.d.ts
[0m:[93m52664[0m:[93
m5[0m
    [7m52664[0m     
data: XOR<OrganizationB
ankAccountCreateInput, 
OrganizationBankAccount
UncheckedCreateInput>
    [7m     [0m 
[96m    ~~~~[0m
    The expected type 
comes from property 
'data' which is 
declared here on type 
'{ select?: Organizatio
nBankAccountSelect<Defa
ultArgs>; omit?: Organi
zationBankAccountOmit<D
efaultArgs>; include?: 
OrganizationBankAccount
Include<...>; data: 
(Without<...> & Organiz
ationBankAccountUncheck
edCreateInput) | 
(Without<...> & Organiz
ationBankAccountCreateI
nput); }'
[96msrc/payroll/payrol
l.service.ts[0m:[93m2
51[0m:[93m13[0m - 
[91merror[0m[90m 
TS2561: [0mObject 
literal may only 
specify known 
properties, but 
'assignedGuard' does 
not exist in type 
'GuardWhereInput'. Did 
you mean to write 
'AssignedGuard'?

[7m251[0m            
 assignedGuard: {
[7m   [0m [91m      
      ~~~~~~~~~~~~~[0m

  [96mnode_modules/.pr
isma/client/index.d.ts
[0m:[93m28659[0m:[93
m5[0m
    [7m28659[0m     
where?: GuardWhereInput
    [7m     [0m 
[96m    ~~~~~[0m
    The expected type 
comes from property 
'where' which is 
declared here on type 
'{ select?: GuardSelect
<DefaultArgs>; omit?: G
uardOmit<DefaultArgs>; 
include?: GuardInclude<
DefaultArgs>; ... 5 
more ...; distinct?: 
GuardScalarFieldEnum | 
GuardScalarFieldEnum[];
 }'
[96msrc/payroll/payrol
l.service.ts[0m:[93m2
74[0m:[93m11[0m - 
[91merror[0m[90m 
TS2561: [0mObject 
literal may only 
specify known 
properties, but 
'assignedGuard' does 
not exist in type 'Guar
dSelect<DefaultArgs>'. 
Did you mean to write 
'AssignedGuard'?

[7m274[0m           
assignedGuard: {
[7m   [0m [91m      
    ~~~~~~~~~~~~~[0m

  [96mnode_modules/.pr
isma/client/index.d.ts
[0m:[93m28751[0m:[93
m5[0m
    [7m28751[0m     
select?: 
GuardSelect<ExtArgs> | 
null
    [7m     [0m 
[96m    ~~~~~~[0m
    The expected type 
comes from property 
'select' which is 
declared here on type 
'{ select?: GuardSelect
<DefaultArgs>; omit?: G
uardOmit<DefaultArgs>; 
include?: GuardInclude<
DefaultArgs>; ... 5 
more ...; distinct?: 
GuardScalarFieldEnum | 
GuardScalarFieldEnum[];
 }'
[96msrc/payroll/payrol
l.service.ts[0m:[93m5
16[0m:[93m15[0m - 
[91merror[0m[90m 
TS2561: [0mObject 
literal may only 
specify known 
properties, but 
'location' does not 
exist in type 'Assigned
GuardSelect<DefaultArgs
>'. Did you mean to 
write 'locations'?

[7m516[0m            
   location: {
[7m   [0m [91m      
        ~~~~~~~~[0m
[96msrc/payroll/payrol
l.service.ts[0m:[93m5
67[0m:[93m33[0m - 
[91merror[0m[90m 
TS2339: [0mProperty 
'GuardsAttendance' 
does not exist on type 
'{ id: string; 
createdAt: Date; 
updatedAt: Date; 
isActive: boolean; 
userId: string; 
organizationId: 
string; officeId: 
string; serviceNumber: 
number; 
currentAddress: 
string; contactNumber: 
string; ... 27 more 
...; permanentAreaPolic
eStation: string; }'.

[7m567[0m         
for (const att of guard
.GuardsAttendance) {
[7m   [0m [91m      
                       
   ~~~~~~~~~~~~~~~~[0m
[96msrc/payroll/payrol
l.service.ts[0m:[93m5
79[0m:[93m17[0m - 
[91merror[0m[90m 
TS2339: [0mProperty 
'AssignedGuard' does 
not exist on type '{ 
id: string; createdAt: 
Date; updatedAt: Date; 
isActive: boolean; 
userId: string; 
organizationId: 
string; officeId: 
string; serviceNumber: 
number; 
currentAddress: 
string; contactNumber: 
string; ... 27 more 
...; permanentAreaPolic
eStation: string; }'.

[7m579[0m           g
uard.AssignedGuard[0].r
equestedGuard.finances!
.salaryPerMonth /
[7m   [0m [91m      
          
~~~~~~~~~~~~~[0m
[96msrc/payroll/payrol
l.service.ts[0m:[93m5
83[0m:[93m17[0m - 
[91merror[0m[90m 
TS2339: [0mProperty 
'AssignedGuard' does 
not exist on type '{ 
id: string; createdAt: 
Date; updatedAt: Date; 
isActive: boolean; 
userId: string; 
organizationId: 
string; officeId: 
string; serviceNumber: 
number; 
currentAddress: 
string; contactNumber: 
string; ... 27 more 
...; permanentAreaPolic
eStation: string; }'.

[7m583[0m           g
uard.AssignedGuard[0].r
equestedGuard.guardAllo
wances.length != 0
[7m   [0m [91m      
          
~~~~~~~~~~~~~[0m
[96msrc/payroll/payrol
l.service.ts[0m:[93m5
84[0m:[93m21[0m - 
[91merror[0m[90m 
TS2339: [0mProperty 
'AssignedGuard' does 
not exist on type '{ 
id: string; createdAt: 
Date; updatedAt: Date; 
isActive: boolean; 
userId: string; 
organizationId: 
string; officeId: 
string; serviceNumber: 
number; 
currentAddress: 
string; contactNumber: 
string; ... 27 more 
...; permanentAreaPolic
eStation: string; }'.

[7m584[0m            
 ? guard.AssignedGuard[
0].requestedGuard.guard
Allowances[0]
[7m   [0m [91m      
              
~~~~~~~~~~~~~[0m
[96msrc/payroll/payrol
l.service.ts[0m:[93m5
87[0m:[93m17[0m - 
[91merror[0m[90m 
TS2339: [0mProperty 
'AssignedGuard' does 
not exist on type '{ 
id: string; createdAt: 
Date; updatedAt: Date; 
isActive: boolean; 
userId: string; 
organizationId: 
string; officeId: 
string; serviceNumber: 
number; 
currentAddress: 
string; contactNumber: 
string; ... 27 more 
...; permanentAreaPolic
eStation: string; }'.

[7m587[0m           g
uard.AssignedGuard[0].r
equestedGuard.guardAllo
wances.length != 0
[7m   [0m [91m      
          
~~~~~~~~~~~~~[0m
[96msrc/payroll/payrol
l.service.ts[0m:[93m5
90[0m:[93m25[0m - 
[91merror[0m[90m 
TS2339: [0mProperty 
'AssignedGuard' does 
not exist on type '{ 
id: string; createdAt: 
Date; updatedAt: Date; 
isActive: boolean; 
userId: string; 
organizationId: 
string; officeId: 
string; serviceNumber: 
number; 
currentAddress: 
string; contactNumber: 
string; ... 27 more 
...; permanentAreaPolic
eStation: string; }'.

[7m590[0m            
       guard.AssignedGu
ard[0].requestedGuard.f
inances!
[7m   [0m [91m      
                  
~~~~~~~~~~~~~[0m
[96msrc/payroll/payrol
l.service.ts[0m:[93m5
92[0m:[93m25[0m - 
[91merror[0m[90m 
TS2339: [0mProperty 
'AssignedGuard' does 
not exist on type '{ 
id: string; createdAt: 
Date; updatedAt: Date; 
isActive: boolean; 
userId: string; 
organizationId: 
string; officeId: 
string; serviceNumber: 
number; 
currentAddress: 
string; contactNumber: 
string; ... 27 more 
...; permanentAreaPolic
eStation: string; }'.

[7m592[0m            
       guard.AssignedGu
ard[0].requestedGuard.g
uardAllowances[0]
[7m   [0m [91m      
                  
~~~~~~~~~~~~~[0m
[96msrc/payroll/payrol
l.service.ts[0m:[93m5
95[0m:[93m25[0m - 
[91merror[0m[90m 
TS2339: [0mProperty 
'AssignedGuard' does 
not exist on type '{ 
id: string; createdAt: 
Date; updatedAt: Date; 
isActive: boolean; 
userId: string; 
organizationId: 
string; officeId: 
string; serviceNumber: 
number; 
currentAddress: 
string; contactNumber: 
string; ... 27 more 
...; permanentAreaPolic
eStation: string; }'.

[7m595[0m            
       guard.AssignedGu
ard[0].requestedGuard.f
inances!
[7m   [0m [91m      
                  
~~~~~~~~~~~~~[0m
[96msrc/payroll/payrol
l.service.ts[0m:[93m5
97[0m:[93m25[0m - 
[91merror[0m[90m 
TS2339: [0mProperty 
'AssignedGuard' does 
not exist on type '{ 
id: string; createdAt: 
Date; updatedAt: Date; 
isActive: boolean; 
userId: string; 
organizationId: 
string; officeId: 
string; serviceNumber: 
number; 
currentAddress: 
string; contactNumber: 
string; ... 27 more 
...; permanentAreaPolic
eStation: string; }'.

[7m597[0m            
       guard.AssignedGu
ard[0].requestedGuard.g
uardAllowances[0]
[7m   [0m [91m      
                  
~~~~~~~~~~~~~[0m
[96msrc/payroll/payrol
l.service.ts[0m:[93m6
00[0m:[93m25[0m - 
[91merror[0m[90m 
TS2339: [0mProperty 
'AssignedGuard' does 
not exist on type '{ 
id: string; createdAt: 
Date; updatedAt: Date; 
isActive: boolean; 
userId: string; 
organizationId: 
string; officeId: 
string; serviceNumber: 
number; 
currentAddress: 
string; contactNumber: 
string; ... 27 more 
...; permanentAreaPolic
eStation: string; }'.

[7m600[0m            
       guard.AssignedGu
ard[0].requestedGuard.f
inances!.allowance *
[7m   [0m [91m      
                  
~~~~~~~~~~~~~[0m
[96msrc/payroll/payrol
l.service.ts[0m:[93m6
01[0m:[93m25[0m - 
[91merror[0m[90m 
TS2339: [0mProperty 
'AssignedGuard' does 
not exist on type '{ 
id: string; createdAt: 
Date; updatedAt: Date; 
isActive: boolean; 
userId: string; 
organizationId: 
string; officeId: 
string; serviceNumber: 
number; 
currentAddress: 
string; contactNumber: 
string; ... 27 more 
...; permanentAreaPolic
eStation: string; }'.

[7m601[0m            
       guard.AssignedGu
ard[0].requestedGuard.g
uardAllowances[0]
[7m   [0m [91m      
                  
~~~~~~~~~~~~~[0m
[96msrc/payroll/payrol
l.service.ts[0m:[93m6
15[0m:[93m34[0m - 
[91merror[0m[90m 
TS2339: [0mProperty 
'AssignedGuard' does 
not exist on type '{ 
id: string; createdAt: 
Date; updatedAt: Date; 
isActive: boolean; 
userId: string; 
organizationId: 
string; officeId: 
string; serviceNumber: 
number; 
currentAddress: 
string; contactNumber: 
string; ... 27 more 
...; permanentAreaPolic
eStation: string; }'.

[7m615[0m           
assignedGuardId: guard.
AssignedGuard[0].id,
[7m   [0m [91m      
                       
    ~~~~~~~~~~~~~[0m
[96msrc/payroll/payrol
l.service.ts[0m:[93m6
16[0m:[93m27[0m - 
[91merror[0m[90m 
TS2339: [0mProperty 
'AssignedGuard' does 
not exist on type '{ 
id: string; createdAt: 
Date; updatedAt: Date; 
isActive: boolean; 
userId: string; 
organizationId: 
string; officeId: 
string; serviceNumber: 
number; 
currentAddress: 
string; contactNumber: 
string; ... 27 more 
...; permanentAreaPolic
eStation: string; }'.

[7m616[0m           
location: guard.Assigne
dGuard[0].location,
[7m   [0m [91m      
                    
~~~~~~~~~~~~~[0m
[96msrc/payroll/payrol
l.service.ts[0m:[93m6
18[0m:[93m19[0m - 
[91merror[0m[90m 
TS2339: [0mProperty 
'AssignedGuard' does 
not exist on type '{ 
id: string; createdAt: 
Date; updatedAt: Date; 
isActive: boolean; 
userId: string; 
organizationId: 
string; officeId: 
string; serviceNumber: 
number; 
currentAddress: 
string; contactNumber: 
string; ... 27 more 
...; permanentAreaPolic
eStation: string; }'.

[7m618[0m            
 guard.AssignedGuard[0]
.requestedGuard.guardCa
tegory.categoryName,
[7m   [0m [91m      
            
~~~~~~~~~~~~~[0m
[96msrc/payroll/payrol
l.service.ts[0m:[93m6
19[0m:[93m24[0m - 
[91merror[0m[90m 
TS2339: [0mProperty 
'AssignedGuard' does 
not exist on type '{ 
id: string; createdAt: 
Date; updatedAt: Date; 
isActive: boolean; 
userId: string; 
organizationId: 
string; officeId: 
string; serviceNumber: 
number; 
currentAddress: 
string; contactNumber: 
string; ... 27 more 
...; permanentAreaPolic
eStation: string; }'.

[7m619[0m           
shift: guard.AssignedGu
ard[0].requestedGuard.S
hift.shiftName,
[7m   [0m [91m      
                 
~~~~~~~~~~~~~[0m
[96msrc/payroll/payrol
l.service.ts[0m:[93m6
27[0m:[93m32[0m - 
[91merror[0m[90m 
TS2339: [0mProperty 
'assignedGuard' does 
not exist on type '{ 
id: string; createdAt: 
Date; updatedAt: Date; 
isActive: boolean; 
userId: string; 
organizationId: 
string; officeId: 
string; serviceNumber: 
number; 
currentAddress: 
string; contactNumber: 
string; ... 27 more 
...; permanentAreaPolic
eStation: string; }'.

[7m627[0m           
guardFinances: guard.as
signedGuard[0].requeste
dGuard.finances,
[7m   [0m [91m      
                       
  ~~~~~~~~~~~~~[0m
[96msrc/payroll/payrol
l.service.ts[0m:[93m6
81[0m:[93m13[0m - 
[91merror[0m[90m 
TS2561: [0mObject 
literal may only 
specify known 
properties, but 
'assignedGuard' does 
not exist in type 
'GuardWhereInput'. Did 
you mean to write 
'AssignedGuard'?

[7m681[0m            
 assignedGuard: {
[7m   [0m [91m      
      ~~~~~~~~~~~~~[0m

  [96mnode_modules/.pr
isma/client/index.d.ts
[0m:[93m28659[0m:[93
m5[0m
    [7m28659[0m     
where?: GuardWhereInput
    [7m     [0m 
[96m    ~~~~~[0m
    The expected type 
comes from property 
'where' which is 
declared here on type 
'{ select?: GuardSelect
<DefaultArgs>; omit?: G
uardOmit<DefaultArgs>; 
include?: GuardInclude<
DefaultArgs>; ... 5 
more ...; distinct?: 
GuardScalarFieldEnum | 
GuardScalarFieldEnum[];
 }'
[96msrc/payroll/payrol
l.service.ts[0m:[93m7
04[0m:[93m11[0m - 
[91merror[0m[90m 
TS2561: [0mObject 
literal may only 
specify known 
properties, but 
'assignedGuard' does 
not exist in type 'Guar
dSelect<DefaultArgs>'. 
Did you mean to write 
'AssignedGuard'?

[7m704[0m           
assignedGuard: {
[7m   [0m [91m      
    ~~~~~~~~~~~~~[0m

  [96mnode_modules/.pr
isma/client/index.d.ts
[0m:[93m28751[0m:[93
m5[0m
    [7m28751[0m     
select?: 
GuardSelect<ExtArgs> | 
null
    [7m     [0m 
[96m    ~~~~~~[0m
    The expected type 
comes from property 
'select' which is 
declared here on type 
'{ select?: GuardSelect
<DefaultArgs>; omit?: G
uardOmit<DefaultArgs>; 
include?: GuardInclude<
DefaultArgs>; ... 5 
more ...; distinct?: 
GuardScalarFieldEnum | 
GuardScalarFieldEnum[];
 }'
[96msrc/payroll/payrol
l.service.ts[0m:[93m7
33[0m:[93m33[0m - 
[91merror[0m[90m 
TS2339: [0mProperty 
'guardsAttendance' 
does not exist on type 
'{ id: string; 
createdAt: Date; 
updatedAt: Date; 
isActive: boolean; 
userId: string; 
organizationId: 
string; officeId: 
string; serviceNumber: 
number; 
currentAddress: 
string; contactNumber: 
string; ... 27 more 
...; permanentAreaPolic
eStation: string; }'.

[7m733[0m         
for (const att of guard
.guardsAttendance) {
[7m   [0m [91m      
                       
   ~~~~~~~~~~~~~~~~[0m
[96msrc/payroll/payrol
l.service.ts[0m:[93m7
49[0m:[93m34[0m - 
[91merror[0m[90m 
TS2339: [0mProperty 
'assignedGuard' does 
not exist on type '{ 
id: string; createdAt: 
Date; updatedAt: Date; 
isActive: boolean; 
userId: string; 
organizationId: 
string; officeId: 
string; serviceNumber: 
number; 
currentAddress: 
string; contactNumber: 
string; ... 27 more 
...; permanentAreaPolic
eStation: string; }'.

[7m749[0m           
assignedGuardId: guard.
assignedGuard[0].id,
[7m   [0m [91m      
                       
    ~~~~~~~~~~~~~[0m
[96msrc/payroll/payrol
l.service.ts[0m:[93m7
56[0m:[93m29[0m - 
[91merror[0m[90m 
TS2339: [0mProperty 
'guardDeductions' does 
not exist on type '{ 
id: string; createdAt: 
Date; updatedAt: Date; 
isActive: boolean; 
userId: string; 
organizationId: 
string; officeId: 
string; serviceNumber: 
number; 
currentAddress: 
string; contactNumber: 
string; ... 27 more 
...; permanentAreaPolic
eStation: string; }'.

[7m756[0m           
deductions: 
guard.guardDeductions,
[7m   [0m [91m      
                      
~~~~~~~~~~~~~~~[0m
[96msrc/payroll/payrol
l.service.ts[0m:[93m7
88[0m:[93m11[0m - 
[91merror[0m[90m 
TS2561: [0mObject 
literal may only 
specify known 
properties, but 
'guardsAttendance' 
does not exist in type 
'GuardWhereInput'. Did 
you mean to write 
'GuardsAttendance'?

[7m788[0m           
guardsAttendance: {
[7m   [0m [91m      
    
~~~~~~~~~~~~~~~~[0m

  [96mnode_modules/.pr
isma/client/index.d.ts
[0m:[93m28659[0m:[93
m5[0m
    [7m28659[0m     
where?: GuardWhereInput
    [7m     [0m 
[96m    ~~~~~[0m
    The expected type 
comes from property 
'where' which is 
declared here on type 
'{ select?: GuardSelect
<DefaultArgs>; omit?: G
uardOmit<DefaultArgs>; 
include?: GuardInclude<
DefaultArgs>; ... 5 
more ...; distinct?: 
GuardScalarFieldEnum | 
GuardScalarFieldEnum[];
 }'
[96msrc/payroll/payrol
l.service.ts[0m:[93m8
01[0m:[93m11[0m - 
[91merror[0m[90m 
TS2561: [0mObject 
literal may only 
specify known 
properties, but 
'assignedGuard' does 
not exist in type 'Guar
dSelect<DefaultArgs>'. 
Did you mean to write 
'AssignedGuard'?

[7m801[0m           
assignedGuard: {
[7m   [0m [91m      
    ~~~~~~~~~~~~~[0m

  [96mnode_modules/.pr
isma/client/index.d.ts
[0m:[93m28647[0m:[93
m5[0m
    [7m28647[0m     
select?: 
GuardSelect<ExtArgs> | 
null
    [7m     [0m 
[96m    ~~~~~~[0m
    The expected type 
comes from property 
'select' which is 
declared here on type 
'{ select?: GuardSelect
<DefaultArgs>; omit?: G
uardOmit<DefaultArgs>; 
include?: GuardInclude<
DefaultArgs>; ... 5 
more ...; distinct?: 
GuardScalarFieldEnum | 
GuardScalarFieldEnum[];
 }'
[96msrc/payroll/payrol
l.service.ts[0m:[93m8
40[0m:[93m48[0m - 
[91merror[0m[90m 
TS2339: [0mProperty 
'assignedGuard' does 
not exist on type '{ 
id: string; createdAt: 
Date; updatedAt: Date; 
isActive: boolean; 
userId: string; 
organizationId: 
string; officeId: 
string; serviceNumber: 
number; 
currentAddress: 
string; contactNumber: 
string; ... 27 more 
...; permanentAreaPolic
eStation: string; }'.

[7m840[0m       
const 
enrichedAssignedGuards 
= guardData.assignedGua
rd.map((assigned) => {
[7m   [0m [91m      
                       
                  
~~~~~~~~~~~~~[0m
[96msrc/payroll/payrol
l.service.ts[0m:[93m9
07[0m:[93m13[0m - 
[91merror[0m[90m 
TS2561: [0mObject 
literal may only 
specify known 
properties, but 
'assignedGuard' does 
not exist in type 
'GuardWhereInput'. Did 
you mean to write 
'AssignedGuard'?

[7m907[0m            
 assignedGuard: {
[7m   [0m [91m      
      ~~~~~~~~~~~~~[0m

  [96mnode_modules/.pr
isma/client/index.d.ts
[0m:[93m28659[0m:[93
m5[0m
    [7m28659[0m     
where?: GuardWhereInput
    [7m     [0m 
[96m    ~~~~~[0m
    The expected type 
comes from property 
'where' which is 
declared here on type 
'{ select?: GuardSelect
<DefaultArgs>; omit?: G
uardOmit<DefaultArgs>; 
include?: GuardInclude<
DefaultArgs>; ... 5 
more ...; distinct?: 
GuardScalarFieldEnum | 
GuardScalarFieldEnum[];
 }'
[96msrc/payroll/payrol
l.service.ts[0m:[93m9
30[0m:[93m11[0m - 
[91merror[0m[90m 
TS2561: [0mObject 
literal may only 
specify known 
properties, but 
'assignedGuard' does 
not exist in type 'Guar
dSelect<DefaultArgs>'. 
Did you mean to write 
'AssignedGuard'?

[7m930[0m           
assignedGuard: {
[7m   [0m [91m      
    ~~~~~~~~~~~~~[0m

  [96mnode_modules/.pr
isma/client/index.d.ts
[0m:[93m28751[0m:[93
m5[0m
    [7m28751[0m     
select?: 
GuardSelect<ExtArgs> | 
null
    [7m     [0m 
[96m    ~~~~~~[0m
    The expected type 
comes from property 
'select' which is 
declared here on type 
'{ select?: GuardSelect
<DefaultArgs>; omit?: G
uardOmit<DefaultArgs>; 
include?: GuardInclude<
DefaultArgs>; ... 5 
more ...; distinct?: 
GuardScalarFieldEnum | 
GuardScalarFieldEnum[];
 }'
[96msrc/payroll/payrol
l.service.ts[0m:[93m9
98[0m:[93m33[0m - 
[91merror[0m[90m 
TS2339: [0mProperty 
'guardsAttendance' 
does not exist on type 
'{ id: string; 
createdAt: Date; 
updatedAt: Date; 
isActive: boolean; 
userId: string; 
organizationId: 
string; officeId: 
string; serviceNumber: 
number; 
currentAddress: 
string; contactNumber: 
string; ... 27 more 
...; permanentAreaPolic
eStation: string; }'.

[7m998[0m         
for (const att of guard
.guardsAttendance) {
[7m   [0m [91m      
                       
   ~~~~~~~~~~~~~~~~[0m
[96msrc/payroll/payrol
l.service.ts[0m:[93m1
010[0m:[93m17[0m - 
[91merror[0m[90m 
TS2339: [0mProperty 
'assignedGuard' does 
not exist on type '{ 
id: string; createdAt: 
Date; updatedAt: Date; 
isActive: boolean; 
userId: string; 
organizationId: 
string; officeId: 
string; serviceNumber: 
number; 
currentAddress: 
string; contactNumber: 
string; ... 27 more 
...; permanentAreaPolic
eStation: string; }'.

[7m1010[0m           
guard.assignedGuard[0].
requestedGuard.finances
!.salaryPerMonth /
[7m    [0m [91m     
           
~~~~~~~~~~~~~[0m
[96msrc/payroll/payrol
l.service.ts[0m:[93m1
014[0m:[93m17[0m - 
[91merror[0m[90m 
TS2339: [0mProperty 
'assignedGuard' does 
not exist on type '{ 
id: string; createdAt: 
Date; updatedAt: Date; 
isActive: boolean; 
userId: string; 
organizationId: 
string; officeId: 
string; serviceNumber: 
number; 
currentAddress: 
string; contactNumber: 
string; ... 27 more 
...; permanentAreaPolic
eStation: string; }'.

[7m1014[0m           
guard.assignedGuard[0].
requestedGuard.guardAll
owances.length != 0
[7m    [0m [91m     
           
~~~~~~~~~~~~~[0m
[96msrc/payroll/payrol
l.service.ts[0m:[93m1
015[0m:[93m21[0m - 
[91merror[0m[90m 
TS2339: [0mProperty 
'assignedGuard' does 
not exist on type '{ 
id: string; createdAt: 
Date; updatedAt: Date; 
isActive: boolean; 
userId: string; 
organizationId: 
string; officeId: 
string; serviceNumber: 
number; 
currentAddress: 
string; contactNumber: 
string; ... 27 more 
...; permanentAreaPolic
eStation: string; }'.

[7m1015[0m           
  ? guard.assignedGuard
[0].requestedGuard.guar
dAllowances[0]
[7m    [0m [91m     
               
~~~~~~~~~~~~~[0m
[96msrc/payroll/payrol
l.service.ts[0m:[93m1
018[0m:[93m17[0m - 
[91merror[0m[90m 
TS2339: [0mProperty 
'assignedGuard' does 
not exist on type '{ 
id: string; createdAt: 
Date; updatedAt: Date; 
isActive: boolean; 
userId: string; 
organizationId: 
string; officeId: 
string; serviceNumber: 
number; 
currentAddress: 
string; contactNumber: 
string; ... 27 more 
...; permanentAreaPolic
eStation: string; }'.

[7m1018[0m           
guard.assignedGuard[0].
requestedGuard.guardAll
owances.length != 0
[7m    [0m [91m     
           
~~~~~~~~~~~~~[0m
[96msrc/payroll/payrol
l.service.ts[0m:[93m1
021[0m:[93m25[0m - 
[91merror[0m[90m 
TS2339: [0mProperty 
'assignedGuard' does 
not exist on type '{ 
id: string; createdAt: 
Date; updatedAt: Date; 
isActive: boolean; 
userId: string; 
organizationId: 
string; officeId: 
string; serviceNumber: 
number; 
currentAddress: 
string; contactNumber: 
string; ... 27 more 
...; permanentAreaPolic
eStation: string; }'.

[7m1021[0m           
        guard.assignedG
uard[0].requestedGuard.
finances!
[7m    [0m [91m     
                   
~~~~~~~~~~~~~[0m
[96msrc/payroll/payrol
l.service.ts[0m:[93m1
023[0m:[93m25[0m - 
[91merror[0m[90m 
TS2339: [0mProperty 
'assignedGuard' does 
not exist on type '{ 
id: string; createdAt: 
Date; updatedAt: Date; 
isActive: boolean; 
userId: string; 
organizationId: 
string; officeId: 
string; serviceNumber: 
number; 
currentAddress: 
string; contactNumber: 
string; ... 27 more 
...; permanentAreaPolic
eStation: string; }'.

[7m1023[0m           
        guard.assignedG
uard[0].requestedGuard.
guardAllowances[0]
[7m    [0m [91m     
                   
~~~~~~~~~~~~~[0m
[96msrc/payroll/payrol
l.service.ts[0m:[93m1
026[0m:[93m25[0m - 
[91merror[0m[90m 
TS2339: [0mProperty 
'assignedGuard' does 
not exist on type '{ 
id: string; createdAt: 
Date; updatedAt: Date; 
isActive: boolean; 
userId: string; 
organizationId: 
string; officeId: 
string; serviceNumber: 
number; 
currentAddress: 
string; contactNumber: 
string; ... 27 more 
...; permanentAreaPolic
eStation: string; }'.

[7m1026[0m           
        guard.assignedG
uard[0].requestedGuard.
finances!
[7m    [0m [91m     
                   
~~~~~~~~~~~~~[0m
[96msrc/payroll/payrol
l.service.ts[0m:[93m1
028[0m:[93m25[0m - 
[91merror[0m[90m 
TS2339: [0mProperty 
'assignedGuard' does 
not exist on type '{ 
id: string; createdAt: 
Date; updatedAt: Date; 
isActive: boolean; 
userId: string; 
organizationId: 
string; officeId: 
string; serviceNumber: 
number; 
currentAddress: 
string; contactNumber: 
string; ... 27 more 
...; permanentAreaPolic
eStation: string; }'.

[7m1028[0m           
        guard.assignedG
uard[0].requestedGuard.
guardAllowances[0]
[7m    [0m [91m     
                   
~~~~~~~~~~~~~[0m
[96msrc/payroll/payrol
l.service.ts[0m:[93m1
031[0m:[93m25[0m - 
[91merror[0m[90m 
TS2339: [0mProperty 
'assignedGuard' does 
not exist on type '{ 
id: string; createdAt: 
Date; updatedAt: Date; 
isActive: boolean; 
userId: string; 
organizationId: 
string; officeId: 
string; serviceNumber: 
number; 
currentAddress: 
string; contactNumber: 
string; ... 27 more 
...; permanentAreaPolic
eStation: string; }'.

[7m1031[0m           
        guard.assignedG
uard[0].requestedGuard.
finances!.allowance *
[7m    [0m [91m     
                   
~~~~~~~~~~~~~[0m
[96msrc/payroll/payrol
l.service.ts[0m:[93m1
032[0m:[93m25[0m - 
[91merror[0m[90m 
TS2339: [0mProperty 
'assignedGuard' does 
not exist on type '{ 
id: string; createdAt: 
Date; updatedAt: Date; 
isActive: boolean; 
userId: string; 
organizationId: 
string; officeId: 
string; serviceNumber: 
number; 
currentAddress: 
string; contactNumber: 
string; ... 27 more 
...; permanentAreaPolic
eStation: string; }'.

[7m1032[0m           
        guard.assignedG
uard[0].requestedGuard.
guardAllowances[0]
[7m    [0m [91m     
                   
~~~~~~~~~~~~~[0m
[96msrc/payroll/payrol
l.service.ts[0m:[93m1
040[0m:[93m39[0m - 
[91merror[0m[90m 
TS2339: [0mProperty 
'guardDeductions' does 
not exist on type '{ 
id: string; createdAt: 
Date; updatedAt: Date; 
isActive: boolean; 
userId: string; 
organizationId: 
string; officeId: 
string; serviceNumber: 
number; 
currentAddress: 
string; contactNumber: 
string; ... 27 more 
...; permanentAreaPolic
eStation: string; }'.

[7m1040[0m         
const deductionsArray 
= 
guard.guardDeductions 
|| [];
[7m    [0m [91m     
                       
          
~~~~~~~~~~~~~~~[0m
[96msrc/payroll/payrol
l.service.ts[0m:[93m1
060[0m:[93m34[0m - 
[91merror[0m[90m 
TS2339: [0mProperty 
'assignedGuard' does 
not exist on type '{ 
id: string; createdAt: 
Date; updatedAt: Date; 
isActive: boolean; 
userId: string; 
organizationId: 
string; officeId: 
string; serviceNumber: 
number; 
currentAddress: 
string; contactNumber: 
string; ... 27 more 
...; permanentAreaPolic
eStation: string; }'.

[7m1060[0m           
assignedGuardId: guard.
assignedGuard[0].id,
[7m    [0m [91m     
                       
     ~~~~~~~~~~~~~[0m
[96msrc/payroll/payrol
l.service.ts[0m:[93m1
061[0m:[93m27[0m - 
[91merror[0m[90m 
TS2339: [0mProperty 
'assignedGuard' does 
not exist on type '{ 
id: string; createdAt: 
Date; updatedAt: Date; 
isActive: boolean; 
userId: string; 
organizationId: 
string; officeId: 
string; serviceNumber: 
number; 
currentAddress: 
string; contactNumber: 
string; ... 27 more 
...; permanentAreaPolic
eStation: string; }'.

[7m1061[0m           
location: guard.assigne
dGuard[0].location,
[7m    [0m [91m     
                     
~~~~~~~~~~~~~[0m
[96msrc/payroll/payrol
l.service.ts[0m:[93m1
073[0m:[93m29[0m - 
[91merror[0m[90m 
TS2339: [0mProperty 
'guardDeductions' does 
not exist on type '{ 
id: string; createdAt: 
Date; updatedAt: Date; 
isActive: boolean; 
userId: string; 
organizationId: 
string; officeId: 
string; serviceNumber: 
number; 
currentAddress: 
string; contactNumber: 
string; ... 27 more 
...; permanentAreaPolic
eStation: string; }'.

[7m1073[0m           
deductions: 
guard.guardDeductions,
[7m    [0m [91m     
                       
~~~~~~~~~~~~~~~[0m
[96msrc/payroll/payrol
l.service.ts[0m:[93m1
138[0m:[93m13[0m - 
[91merror[0m[90m 
TS2353: [0mObject 
literal may only 
specify known 
properties, and 
'bankAccount' does not 
exist in type 'Organiza
tionInclude<DefaultArgs
>'.

[7m1138[0m           
  bankAccount: {
[7m    [0m [91m     
       ~~~~~~~~~~~[0m

  [96mnode_modules/.pr
isma/client/index.d.ts
[0m:[93m50827[0m:[93
m5[0m
    [7m50827[0m     
include?: OrganizationI
nclude<ExtArgs> | null
    [7m     [0m 
[96m    ~~~~~~~[0m
    The expected type 
comes from property 
'include' which is 
declared here on type 
'{ select?: Organizatio
nSelect<DefaultArgs>; 
omit?: OrganizationOmit
<DefaultArgs>; 
include?: OrganizationI
nclude<DefaultArgs>; 
where: OrganizationWher
eUniqueInput; }'
[96msrc/payroll/payrol
l.service.ts[0m:[93m1
149[0m:[93m13[0m - 
[91merror[0m[90m 
TS2353: [0mObject 
literal may only 
specify known 
properties, and 
'bankAccount' does not 
exist in type 'Organiza
tionInclude<DefaultArgs
>'.

[7m1149[0m           
  bankAccount: true,
[7m    [0m [91m     
       ~~~~~~~~~~~[0m

  [96mnode_modules/.pr
isma/client/index.d.ts
[0m:[93m50827[0m:[93
m5[0m
    [7m50827[0m     
include?: OrganizationI
nclude<ExtArgs> | null
    [7m     [0m 
[96m    ~~~~~~~[0m
    The expected type 
comes from property 
'include' which is 
declared here on type 
'{ select?: Organizatio
nSelect<DefaultArgs>; 
omit?: OrganizationOmit
<DefaultArgs>; 
include?: OrganizationI
nclude<DefaultArgs>; 
where: OrganizationWher
eUniqueInput; }'
[96msrc/payroll/payrol
l.service.ts[0m:[93m1
199[0m:[93m11[0m - 
[91merror[0m[90m 
TS2561: [0mObject 
literal may only 
specify known 
properties, but 
'bankAccount' does not 
exist in type 'GuardSel
ect<DefaultArgs>'. Did 
you mean to write 
'BankAccount'?

[7m1199[0m           
bankAccount: true,
[7m    [0m [91m     
     ~~~~~~~~~~~[0m

  [96mnode_modules/.pr
isma/client/index.d.ts
[0m:[93m28751[0m:[93
m5[0m
    [7m28751[0m     
select?: 
GuardSelect<ExtArgs> | 
null
    [7m     [0m 
[96m    ~~~~~~[0m
    The expected type 
comes from property 
'select' which is 
declared here on type 
'{ select?: GuardSelect
<DefaultArgs>; omit?: G
uardOmit<DefaultArgs>; 
include?: GuardInclude<
DefaultArgs>; ... 5 
more ...; distinct?: 
GuardScalarFieldEnum | 
GuardScalarFieldEnum[];
 }'
[96msrc/payroll/payrol
l.service.ts[0m:[93m1
253[0m:[93m33[0m - 
[91merror[0m[90m 
TS2339: [0mProperty 
'guardsAttendance' 
does not exist on type 
'{ id: string; 
createdAt: Date; 
updatedAt: Date; 
isActive: boolean; 
userId: string; 
organizationId: 
string; officeId: 
string; serviceNumber: 
number; 
currentAddress: 
string; contactNumber: 
string; ... 27 more 
...; permanentAreaPolic
eStation: string; }'.

[7m1253[0m         
for (const att of guard
.guardsAttendance) {
[7m    [0m [91m     
                       
    
~~~~~~~~~~~~~~~~[0m
[96msrc/payroll/payrol
l.service.ts[0m:[93m1
265[0m:[93m17[0m - 
[91merror[0m[90m 
TS2339: [0mProperty 
'assignedGuard' does 
not exist on type '{ 
id: string; createdAt: 
Date; updatedAt: Date; 
isActive: boolean; 
userId: string; 
organizationId: 
string; officeId: 
string; serviceNumber: 
number; 
currentAddress: 
string; contactNumber: 
string; ... 27 more 
...; permanentAreaPolic
eStation: string; }'.

[7m1265[0m           
guard.assignedGuard[0].
requestedGuard.finances
!.salaryPerMonth /
[7m    [0m [91m     
           
~~~~~~~~~~~~~[0m
[96msrc/payroll/payrol
l.service.ts[0m:[93m1
269[0m:[93m17[0m - 
[91merror[0m[90m 
TS2339: [0mProperty 
'assignedGuard' does 
not exist on type '{ 
id: string; createdAt: 
Date; updatedAt: Date; 
isActive: boolean; 
userId: string; 
organizationId: 
string; officeId: 
string; serviceNumber: 
number; 
currentAddress: 
string; contactNumber: 
string; ... 27 more 
...; permanentAreaPolic
eStation: string; }'.

[7m1269[0m           
guard.assignedGuard[0].
requestedGuard.guardAll
owances.length != 0
[7m    [0m [91m     
           
~~~~~~~~~~~~~[0m
[96msrc/payroll/payrol
l.service.ts[0m:[93m1
270[0m:[93m21[0m - 
[91merror[0m[90m 
TS2339: [0mProperty 
'assignedGuard' does 
not exist on type '{ 
id: string; createdAt: 
Date; updatedAt: Date; 
isActive: boolean; 
userId: string; 
organizationId: 
string; officeId: 
string; serviceNumber: 
number; 
currentAddress: 
string; contactNumber: 
string; ... 27 more 
...; permanentAreaPolic
eStation: string; }'.

[7m1270[0m           
  ? guard.assignedGuard
[0].requestedGuard.guar
dAllowances[0]
[7m    [0m [91m     
               
~~~~~~~~~~~~~[0m
[96msrc/payroll/payrol
l.service.ts[0m:[93m1
273[0m:[93m17[0m - 
[91merror[0m[90m 
TS2339: [0mProperty 
'assignedGuard' does 
not exist on type '{ 
id: string; createdAt: 
Date; updatedAt: Date; 
isActive: boolean; 
userId: string; 
organizationId: 
string; officeId: 
string; serviceNumber: 
number; 
currentAddress: 
string; contactNumber: 
string; ... 27 more 
...; permanentAreaPolic
eStation: string; }'.

[7m1273[0m           
guard.assignedGuard[0].
requestedGuard.guardAll
owances.length != 0
[7m    [0m [91m     
           
~~~~~~~~~~~~~[0m
[96msrc/payroll/payrol
l.service.ts[0m:[93m1
276[0m:[93m25[0m - 
[91merror[0m[90m 
TS2339: [0mProperty 
'assignedGuard' does 
not exist on type '{ 
id: string; createdAt: 
Date; updatedAt: Date; 
isActive: boolean; 
userId: string; 
organizationId: 
string; officeId: 
string; serviceNumber: 
number; 
currentAddress: 
string; contactNumber: 
string; ... 27 more 
...; permanentAreaPolic
eStation: string; }'.

[7m1276[0m           
        guard.assignedG
uard[0].requestedGuard.
finances!
[7m    [0m [91m     
                   
~~~~~~~~~~~~~[0m
[96msrc/payroll/payrol
l.service.ts[0m:[93m1
278[0m:[93m25[0m - 
[91merror[0m[90m 
TS2339: [0mProperty 
'assignedGuard' does 
not exist on type '{ 
id: string; createdAt: 
Date; updatedAt: Date; 
isActive: boolean; 
userId: string; 
organizationId: 
string; officeId: 
string; serviceNumber: 
number; 
currentAddress: 
string; contactNumber: 
string; ... 27 more 
...; permanentAreaPolic
eStation: string; }'.

[7m1278[0m           
        guard.assignedG
uard[0].requestedGuard.
guardAllowances[0]
[7m    [0m [91m     
                   
~~~~~~~~~~~~~[0m
[96msrc/payroll/payrol
l.service.ts[0m:[93m1
281[0m:[93m25[0m - 
[91merror[0m[90m 
TS2339: [0mProperty 
'assignedGuard' does 
not exist on type '{ 
id: string; createdAt: 
Date; updatedAt: Date; 
isActive: boolean; 
userId: string; 
organizationId: 
string; officeId: 
string; serviceNumber: 
number; 
currentAddress: 
string; contactNumber: 
string; ... 27 more 
...; permanentAreaPolic
eStation: string; }'.

[7m1281[0m           
        guard.assignedG
uard[0].requestedGuard.
finances!
[7m    [0m [91m     
                   
~~~~~~~~~~~~~[0m
[96msrc/payroll/payrol
l.service.ts[0m:[93m1
283[0m:[93m25[0m - 
[91merror[0m[90m 
TS2339: [0mProperty 
'assignedGuard' does 
not exist on type '{ 
id: string; createdAt: 
Date; updatedAt: Date; 
isActive: boolean; 
userId: string; 
organizationId: 
string; officeId: 
string; serviceNumber: 
number; 
currentAddress: 
string; contactNumber: 
string; ... 27 more 
...; permanentAreaPolic
eStation: string; }'.

[7m1283[0m           
        guard.assignedG
uard[0].requestedGuard.
guardAllowances[0]
[7m    [0m [91m     
                   
~~~~~~~~~~~~~[0m
[96msrc/payroll/payrol
l.service.ts[0m:[93m1
286[0m:[93m25[0m - 
[91merror[0m[90m 
TS2339: [0mProperty 
'assignedGuard' does 
not exist on type '{ 
id: string; createdAt: 
Date; updatedAt: Date; 
isActive: boolean; 
userId: string; 
organizationId: 
string; officeId: 
string; serviceNumber: 
number; 
currentAddress: 
string; contactNumber: 
string; ... 27 more 
...; permanentAreaPolic
eStation: string; }'.

[7m1286[0m           
        guard.assignedG
uard[0].requestedGuard.
finances!.allowance *
Found 307 error(s).

[7m    [0m [91m     
                   
~~~~~~~~~~~~~[0m
[96msrc/payroll/payrol
l.service.ts[0m:[93m1
287[0m:[93m25[0m - 
[91merror[0m[90m 
TS2339: [0mProperty 
'assignedGuard' does 
not exist on type '{ 
id: string; createdAt: 
Date; updatedAt: Date; 
isActive: boolean; 
userId: string; 
organizationId: 
string; officeId: 
string; serviceNumber: 
number; 
currentAddress: 
string; contactNumber: 
string; ... 27 more 
...; permanentAreaPolic
eStation: string; }'.

[7m1287[0m           
        guard.assignedG
uard[0].requestedGuard.
guardAllowances[0]
[7m    [0m [91m     
                   
~~~~~~~~~~~~~[0m
[96msrc/payroll/payrol
l.service.ts[0m:[93m1
295[0m:[93m39[0m - 
[91merror[0m[90m 
TS2339: [0mProperty 
'guardDeductions' does 
not exist on type '{ 
id: string; createdAt: 
Date; updatedAt: Date; 
isActive: boolean; 
userId: string; 
organizationId: 
string; officeId: 
string; serviceNumber: 
number; 
currentAddress: 
string; contactNumber: 
string; ... 27 more 
...; permanentAreaPolic
eStation: string; }'.

[7m1295[0m         
const deductionsArray 
= 
guard.guardDeductions 
|| [];
[7m    [0m [91m     
                       
          
~~~~~~~~~~~~~~~[0m
[96msrc/payroll/payrol
l.service.ts[0m:[93m1
315[0m:[93m37[0m - 
[91merror[0m[90m 
TS2339: [0mProperty 
'bankAccount' does not 
exist on type '{ id: 
string; createdAt: 
Date; updatedAt: Date; 
isActive: boolean; 
userId: string; 
organizationId: 
string; officeId: 
string; serviceNumber: 
number; 
currentAddress: 
string; contactNumber: 
string; ... 27 more 
...; permanentAreaPolic
eStation: string; }'.

[7m1315[0m           
guardAccountNumber: gua
rd.bankAccount?.account
Title,
[7m    [0m [91m     
                       
        ~~~~~~~~~~~[0m
[96msrc/payroll/payrol
l.service.ts[0m:[93m1
316[0m:[93m36[0m - 
[91merror[0m[90m 
TS2339: [0mProperty 
'bankAccount' does not 
exist on type '{ id: 
string; createdAt: 
Date; updatedAt: Date; 
isActive: boolean; 
userId: string; 
organizationId: 
string; officeId: 
string; serviceNumber: 
number; 
currentAddress: 
string; contactNumber: 
string; ... 27 more 
...; permanentAreaPolic
eStation: string; }'.

[7m1316[0m           
guardAccountTitle: guar
d.bankAccount?.accountN
umber,
[7m    [0m [91m     
                       
       ~~~~~~~~~~~[0m
[96msrc/payroll/payrol
l.service.ts[0m:[93m1
317[0m:[93m32[0m - 
[91merror[0m[90m 
TS2339: [0mProperty 
'bankAccount' does not 
exist on type '{ id: 
string; createdAt: 
Date; updatedAt: Date; 
isActive: boolean; 
userId: string; 
organizationId: 
string; officeId: 
string; serviceNumber: 
number; 
currentAddress: 
string; contactNumber: 
string; ... 27 more 
...; permanentAreaPolic
eStation: string; }'.

[7m1317[0m           
guardBankCode: guard.ba
nkAccount?.bankCode,
[7m    [0m [91m     
                       
   ~~~~~~~~~~~[0m
[96msrc/payroll/payrol
l.service.ts[0m:[93m1
320[0m:[93m41[0m - 
[91merror[0m[90m 
TS2339: [0mProperty 
'assignedGuard' does 
not exist on type '{ 
id: string; createdAt: 
Date; updatedAt: Date; 
isActive: boolean; 
userId: string; 
organizationId: 
string; officeId: 
string; serviceNumber: 
number; 
currentAddress: 
string; contactNumber: 
string; ... 27 more 
...; permanentAreaPolic
eStation: string; }'.

[7m1320[0m           
transferReferenceId: `$
{guard.assignedGuard[0]
.location.createdLocati
onId} ${guard.serviceNu
mber}`,
[7m    [0m [91m     
                       
            
~~~~~~~~~~~~~[0m

