
> gms-be@0.0.1 build
> nest build

node.exe : [96msrc/biometric/agent.service.ts[0m:[93m114[0m:[93m9[0m - 
[91merror[0m[90m TS2322: [0mType '{ requestId: string; agentId: string; userId: 
string; action: string; params: Record<string, any>; status: "PENDING"; timeoutAt: Date; 
createdAt: Date; }' is not assignable to type '(Without<CaptureRequestCreateInput, 
CaptureRequestUncheckedCreateInput> & CaptureRequestUncheckedCreateInput) | (Without<...> 
& CaptureRequestCreateInput)'.
At line:1 char:1
+ & "C:\Program Files\nodejs/node.exe" "C:\Program Files\nodejs/node_mo ...
+ ~~~~~~~~~~~~~~~~~~~~~~~~~~~~~~~~~~~~~~~~~~~~~~~~~~~~~~~~~~~~~~~~~~~~~
    + CategoryInfo          : NotSpecified: ([96msrc/biomet...tCreateInput)'.:String) 
[], RemoteException
    + FullyQualifiedErrorId : NativeCommandError
 
  Type '{ requestId: string; agentId: string; userId: string; action: string; params: 
Record<string, any>; status: "PENDING"; timeoutAt: Date; createdAt: Date; }' is not 
assignable to type 'Without<CaptureRequestUncheckedCreateInput, 
CaptureRequestCreateInput> & CaptureRequestCreateInput'.
    Type '{ requestId: string; agentId: string; userId: string; action: string; params: 
Record<string, any>; status: "PENDING"; timeoutAt: Date; createdAt: Date; }' is not 
assignable to type 'Without<CaptureRequestUncheckedCreateInput, 
CaptureRequestCreateInput>'.
      Types of property 'userId' are incompatible.
        Type 'string' is not assignable to type 'never'.

[7m114[0m         data: {
[7m   [0m [91m        ~~~~[0m

  [96mnode_modules/.prisma/client/index.d.ts[0m:[93m15874[0m:[93m5[0m
    [7m15874[0m     data: XOR<CaptureRequestCreateInput, 
CaptureRequestUncheckedCreateInput>
    [7m     [0m [96m    ~~~~[0m
    The expected type comes from property 'data' which is declared here on type '{ 
select?: CaptureRequestSelect<DefaultArgs>; omit?: CaptureRequestOmit<DefaultArgs>; 
include?: CaptureRequestInclude<DefaultArgs>; data: (Without<...> & 
CaptureRequestUncheckedCreateInput) | (Without<...> & CaptureRequestCreateInput); }'
[96msrc/biometric/biometric-config.service.ts[0m:[93m296[0m:[93m7[0m - 
[91merror[0m[90m TS2322: [0mType '{ agentId: string; userId: string; officeId: 
string; status: "ONLINE"; version: string; ipAddress: string; lastSeenAt: Date; }' is not 
assignable to type '(Without<AgentRegistrationCreateInput, 
AgentRegistrationUncheckedCreateInput> & AgentRegistrationUncheckedCreateInput) | 
(Without<...> & AgentRegistrationCreateInput)'.
  Type '{ agentId: string; userId: string; officeId: string; status: "ONLINE"; version: 
string; ipAddress: string; lastSeenAt: Date; }' is not assignable to type 
'Without<AgentRegistrationUncheckedCreateInput, AgentRegistrationCreateInput> & 
AgentRegistrationCreateInput'.
    Type '{ agentId: string; userId: string; officeId: string; status: "ONLINE"; version: 
string; ipAddress: string; lastSeenAt: Date; }' is not assignable to type 
'Without<AgentRegistrationUncheckedCreateInput, AgentRegistrationCreateInput>'.
      Types of property 'userId' are incompatible.
        Type 'string' is not assignable to type 'never'.

[7m296[0m       create: {
[7m   [0m [91m      ~~~~~~[0m

  [96mnode_modules/.prisma/client/index.d.ts[0m:[93m10087[0m:[93m5[0m
    [7m10087[0m     create: XOR<AgentRegistrationCreateInput, 
AgentRegistrationUncheckedCreateInput>
    [7m     [0m [96m    ~~~~~~[0m
    The expected type comes from property 'create' which is declared here on type '{ 
select?: AgentRegistrationSelect<DefaultArgs>; omit?: AgentRegistrationOmit<DefaultArgs>; 
include?: AgentRegistrationInclude<...>; where: AgentRegistrationWhereUniqueInput; 
create: (Without<...> & AgentRegistrationUncheckedCreateInput) | (Without<...> & 
AgentRegistrationCreateInput); update: (Without<...> & AgentR...'
[96msrc/biometric/biometric-config.service.ts[0m:[93m363[0m:[93m9[0m - 
[91merror[0m[90m TS2561: [0mObject literal may only specify known properties, but 
'captureRequests' does not exist in type 'AgentRegistrationInclude<DefaultArgs>'. Did you 
mean to write 'CaptureRequest'?

[7m363[0m         captureRequests: {
[7m   [0m [91m        ~~~~~~~~~~~~~~~[0m

  [96mnode_modules/.prisma/client/index.d.ts[0m:[93m9754[0m:[93m5[0m
    [7m9754[0m     include?: AgentRegistrationInclude<ExtArgs> | null
    [7m    [0m [96m    ~~~~~~~[0m
    The expected type comes from property 'include' which is declared here on type '{ 
select?: AgentRegistrationSelect<DefaultArgs>; omit?: AgentRegistrationOmit<DefaultArgs>; 
include?: AgentRegistrationInclude<...>; where: AgentRegistrationWhereUniqueInput; }'
[96msrc/biometric/biometric-config.service.ts[0m:[93m397[0m:[93m9[0m - 
[91merror[0m[90m TS2561: [0mObject literal may only specify known properties, but 
'office' does not exist in type 'AgentRegistrationInclude<DefaultArgs>'. Did you mean to 
write 'Office'?

[7m397[0m         office: {
[7m   [0m [91m        ~~~~~~[0m

  [96mnode_modules/.prisma/client/index.d.ts[0m:[93m9902[0m:[93m5[0m
    [7m9902[0m     include?: AgentRegistrationInclude<ExtArgs> | null
    [7m    [0m [96m    ~~~~~~~[0m
    The expected type comes from property 'include' which is declared here on type '{ 
select?: AgentRegistrationSelect<DefaultArgs>; omit?: AgentRegistrationOmit<DefaultArgs>; 
include?: AgentRegistrationInclude<...>; ... 5 more ...; distinct?: 
AgentRegistrationScalarFieldEnum | AgentRegistrationScalarFieldEnum[]; }'
[96msrc/client/client.service.ts[0m:[93m121[0m:[93m9[0m - [91merror[0m[90m 
TS2322: [0mType '{ contractNumber: number; organizationId: string; contractFile?: 
string; recruitmentDate: Date; companyName: string; industry: string; websiteLink: 
string; address: string; city: string; ... 10 more ...; AlternateContactNumber: string; 
}' is not assignable to type '(Without<ClientCreateInput, ClientUncheckedCreateInput> & 
ClientUncheckedCreateInput) | (Without<...> & ClientCreateInput)'.
  Type '{ contractNumber: number; organizationId: string; contractFile?: string; 
recruitmentDate: Date; companyName: string; industry: string; websiteLink: string; 
address: string; city: string; ... 10 more ...; AlternateContactNumber: string; }' is not 
assignable to type 'Without<ClientUncheckedCreateInput, ClientCreateInput> & 
ClientCreateInput'.
    Type '{ contractNumber: number; organizationId: string; contractFile?: string; 
recruitmentDate: Date; companyName: string; industry: string; websiteLink: string; 
address: string; city: string; ... 10 more ...; AlternateContactNumber: string; }' is not 
assignable to type 'Without<ClientUncheckedCreateInput, ClientCreateInput>'.
      Types of property 'organizationId' are incompatible.
        Type 'string' is not assignable to type 'never'.

[7m121[0m         data: createData,
[7m   [0m [91m        ~~~~[0m

  [96mnode_modules/.prisma/client/index.d.ts[0m:[93m17263[0m:[93m5[0m
    [7m17263[0m     data: XOR<ClientCreateInput, ClientUncheckedCreateInput>
    [7m     [0m [96m    ~~~~[0m
    The expected type comes from property 'data' which is declared here on type '{ 
select?: ClientSelect<DefaultArgs>; omit?: ClientOmit<DefaultArgs>; include?: 
ClientInclude<DefaultArgs>; data: (Without<...> & ClientUncheckedCreateInput) | 
(Without<...> & ClientCreateInput); }'
[96msrc/client/client.service.ts[0m:[93m151[0m:[93m9[0m - [91merror[0m[90m 
TS2561: [0mObject literal may only specify known properties, but 'user' does not exist 
in type 'ClientInclude<DefaultArgs>'. Did you mean to write 'User'?

[7m151[0m         user: true,
[7m   [0m [91m        ~~~~[0m

  [96mnode_modules/.prisma/client/index.d.ts[0m:[93m17212[0m:[93m5[0m
    [7m17212[0m     include?: ClientInclude<ExtArgs> | null
    [7m     [0m [96m    ~~~~~~~[0m
    The expected type comes from property 'include' which is declared here on type '{ 
select?: ClientSelect<DefaultArgs>; omit?: ClientOmit<DefaultArgs>; include?: 
ClientInclude<DefaultArgs>; ... 5 more ...; distinct?: ClientScalarFieldEnum | 
ClientScalarFieldEnum[]; }'
[96msrc/client/client.service.ts[0m:[93m167[0m:[93m9[0m - [91merror[0m[90m 
TS2561: [0mObject literal may only specify known properties, but 'user' does not exist 
in type 'ClientInclude<DefaultArgs>'. Did you mean to write 'User'?

[7m167[0m         user: true,
[7m   [0m [91m        ~~~~[0m

  [96mnode_modules/.prisma/client/index.d.ts[0m:[93m17064[0m:[93m5[0m
    [7m17064[0m     include?: ClientInclude<ExtArgs> | null
    [7m     [0m [96m    ~~~~~~~[0m
    The expected type comes from property 'include' which is declared here on type '{ 
select?: ClientSelect<DefaultArgs>; omit?: ClientOmit<DefaultArgs>; include?: 
ClientInclude<DefaultArgs>; where: ClientWhereUniqueInput; }'
[96msrc/client/client.service.ts[0m:[93m220[0m:[93m9[0m - [91merror[0m[90m 
TS2561: [0mObject literal may only specify known properties, but 'location' does not 
exist in type 'ClientInclude<DefaultArgs>'. Did you mean to write 'locations'?

[7m220[0m         location: true,
[7m   [0m [91m        ~~~~~~~~[0m

  [96mnode_modules/.prisma/client/index.d.ts[0m:[93m17212[0m:[93m5[0m
    [7m17212[0m     include?: ClientInclude<ExtArgs> | null
    [7m     [0m [96m    ~~~~~~~[0m
    The expected type comes from property 'include' which is declared here on type '{ 
select?: ClientSelect<DefaultArgs>; omit?: ClientOmit<DefaultArgs>; include?: 
ClientInclude<DefaultArgs>; ... 5 more ...; distinct?: ClientScalarFieldEnum | 
ClientScalarFieldEnum[]; }'
[96msrc/client/client.service.ts[0m:[93m345[0m:[93m11[0m - [91merror[0m[90m 
TS2561: [0mObject literal may only specify known properties, but 'location' does not 
exist in type 'AssignedGuardWhereInput'. Did you mean to write 'locations'?

[7m345[0m           location: { clientId },
[7m   [0m [91m          ~~~~~~~~[0m

  [96mnode_modules/.prisma/client/index.d.ts[0m:[93m11102[0m:[93m5[0m
    [7m11102[0m     where?: AssignedGuardWhereInput
    [7m     [0m [96m    ~~~~~[0m
    The expected type comes from property 'where' which is declared here on type 
'Subset<AssignedGuardCountArgs<DefaultArgs>, AssignedGuardCountArgs<DefaultArgs>>'
[96msrc/client/client.service.ts[0m:[93m355[0m:[93m11[0m - [91merror[0m[90m 
TS2561: [0mObject literal may only specify known properties, but 'location' does not 
exist in type 'GuardsAttendanceWhereInput'. Did you mean to write 'locations'?

[7m355[0m           location: { clientId },
[7m   [0m [91m          ~~~~~~~~[0m

  [96mnode_modules/.prisma/client/index.d.ts[0m:[93m36195[0m:[93m5[0m
    [7m36195[0m     where?: GuardsAttendanceWhereInput
    [7m     [0m [96m    ~~~~~[0m
    The expected type comes from property 'where' which is declared here on type '{ 
select?: GuardsAttendanceSelect<DefaultArgs>; omit?: GuardsAttendanceOmit<DefaultArgs>; 
include?: GuardsAttendanceInclude<DefaultArgs>; ... 5 more ...; distinct?: 
GuardsAttendanceScalarFieldEnum | GuardsAttendanceScalarFieldEnum[]; }'
[96msrc/client/client.service.ts[0m:[93m403[0m:[93m11[0m - [91merror[0m[90m 
TS2561: [0mObject literal may only specify known properties, but 'guard' does not exist 
in type 'AssignedGuardInclude<DefaultArgs>'. Did you mean to write 'Guard'?

[7m403[0m           guard: {
[7m   [0m [91m          ~~~~~[0m

  [96mnode_modules/.prisma/client/index.d.ts[0m:[93m11098[0m:[93m5[0m
    [7m11098[0m     include?: AssignedGuardInclude<ExtArgs> | null
    [7m     [0m [96m    ~~~~~~~[0m
    The expected type comes from property 'include' which is declared here on type '{ 
select?: AssignedGuardSelect<DefaultArgs>; omit?: AssignedGuardOmit<DefaultArgs>; 
include?: AssignedGuardInclude<DefaultArgs>; ... 5 more ...; distinct?: 
AssignedGuardScalarFieldEnum | AssignedGuardScalarFieldEnum[]; }'
[96msrc/client/client.service.ts[0m:[93m431[0m:[93m21[0m - [91merror[0m[90m 
TS2551: [0mProperty 'guard' does not exist on type '{ id: string; createdAt: Date; 
updatedAt: Date; locationId: string; guardId: string; requestedGuardId: string; 
guardCategoryId: string; deploymentDate: Date; deploymentTill: Date; }'. Did you mean 
'guardId'?

[7m431[0m         guardId: ag.guard.id,
[7m   [0m [91m                    ~~~~~[0m
[96msrc/client/client.service.ts[0m:[93m432[0m:[93m23[0m - [91merror[0m[90m 
TS2551: [0mProperty 'guard' does not exist on type '{ id: string; createdAt: Date; 
updatedAt: Date; locationId: string; guardId: string; requestedGuardId: string; 
guardCategoryId: string; deploymentDate: Date; deploymentTill: Date; }'. Did you mean 
'guardId'?

[7m432[0m         guardName: ag.guard.fullName,
[7m   [0m [91m                      ~~~~~[0m
[96msrc/client/client.service.ts[0m:[93m433[0m:[93m27[0m - [91merror[0m[90m 
TS2551: [0mProperty 'guard' does not exist on type '{ id: string; createdAt: Date; 
updatedAt: Date; locationId: string; guardId: string; requestedGuardId: string; 
guardCategoryId: string; deploymentDate: Date; deploymentTill: Date; }'. Did you mean 
'guardId'?

[7m433[0m         serviceNumber: ag.guard.serviceNumber,
[7m   [0m [91m                          ~~~~~[0m
[96msrc/client/client.service.ts[0m:[93m434[0m:[93m27[0m - [91merror[0m[90m 
TS2551: [0mProperty 'guard' does not exist on type '{ id: string; createdAt: Date; 
updatedAt: Date; locationId: string; guardId: string; requestedGuardId: string; 
guardCategoryId: string; deploymentDate: Date; deploymentTill: Date; }'. Did you mean 
'guardId'?

[7m434[0m         contactNumber: ag.guard.contactNumber,
[7m   [0m [91m                          ~~~~~[0m
[96msrc/client/client.service.ts[0m:[93m435[0m:[93m24[0m - [91merror[0m[90m 
TS2551: [0mProperty 'guard' does not exist on type '{ id: string; createdAt: Date; 
updatedAt: Date; locationId: string; guardId: string; requestedGuardId: string; 
guardCategoryId: string; deploymentDate: Date; deploymentTill: Date; }'. Did you mean 
'guardId'?

[7m435[0m         cnicNumber: ag.guard.cnicNumber,
[7m   [0m [91m                       ~~~~~[0m
[96msrc/client/client.service.ts[0m:[93m436[0m:[93m24[0m - [91merror[0m[90m 
TS2551: [0mProperty 'location' does not exist on type '{ id: string; createdAt: Date; 
updatedAt: Date; locationId: string; guardId: string; requestedGuardId: string; 
guardCategoryId: string; deploymentDate: Date; deploymentTill: Date; }'. Did you mean 
'locationId'?

[7m436[0m         locationId: ag.location.id,
[7m   [0m [91m                       ~~~~~~~~[0m
[96msrc/client/client.service.ts[0m:[93m437[0m:[93m26[0m - [91merror[0m[90m 
TS2551: [0mProperty 'location' does not exist on type '{ id: string; createdAt: Date; 
updatedAt: Date; locationId: string; guardId: string; requestedGuardId: string; 
guardCategoryId: string; deploymentDate: Date; deploymentTill: Date; }'. Did you mean 
'locationId'?

[7m437[0m         locationName: ag.location.locationName,
[7m   [0m [91m                         ~~~~~~~~[0m
[96msrc/client/client.service.ts[0m:[93m438[0m:[93m29[0m - [91merror[0m[90m 
TS2551: [0mProperty 'location' does not exist on type '{ id: string; createdAt: Date; 
updatedAt: Date; locationId: string; guardId: string; requestedGuardId: string; 
guardCategoryId: string; deploymentDate: Date; deploymentTill: Date; }'. Did you mean 
'locationId'?

[7m438[0m         locationAddress: ag.location.address,
[7m   [0m [91m                            ~~~~~~~~[0m
[96msrc/client/client.service.ts[0m:[93m439[0m:[93m26[0m - [91merror[0m[90m 
TS2551: [0mProperty 'location' does not exist on type '{ id: string; createdAt: Date; 
updatedAt: Date; locationId: string; guardId: string; requestedGuardId: string; 
guardCategoryId: string; deploymentDate: Date; deploymentTill: Date; }'. Did you mean 
'locationId'?

[7m439[0m         locationCity: ag.location.city,
[7m   [0m [91m                         ~~~~~~~~[0m
[96msrc/client/client.service.ts[0m:[93m440[0m:[93m22[0m - [91merror[0m[90m 
TS2551: [0mProperty 'guardCategory' does not exist on type '{ id: string; createdAt: 
Date; updatedAt: Date; locationId: string; guardId: string; requestedGuardId: string; 
guardCategoryId: string; deploymentDate: Date; deploymentTill: Date; }'. Did you mean 
'guardCategoryId'?

[7m440[0m         category: ag.guardCategory?.categoryName || 'Uncategorized',
[7m   [0m [91m                     ~~~~~~~~~~~~~[0m
[96msrc/client/client.service.ts[0m:[93m489[0m:[93m15[0m - [91merror[0m[90m 
TS2561: [0mObject literal may only specify known properties, but 'guard' does not exist 
in type 'AssignedGuardSelect<DefaultArgs>'. Did you mean to write 'Guard'?

[7m489[0m               guard: {
[7m   [0m [91m              ~~~~~[0m
[96msrc/client/client.service.ts[0m:[93m511[0m:[93m34[0m - [91merror[0m[90m 
TS2339: [0mProperty 'AssignedGuard' does not exist on type '{ id: string; createdAt: 
Date; updatedAt: Date; isActive: boolean; organizationId: string; officeId: string; 
clientId: string; address: string; city: string; country: string; locationName: string; 
... 6 more ...; locationTypeId: string; }'.

[7m511[0m         assignedGuardsCount: loc.AssignedGuard.length,
[7m   [0m [91m                                 ~~~~~~~~~~~~~[0m
[96msrc/client/client.service.ts[0m:[93m512[0m:[93m29[0m - [91merror[0m[90m 
TS2339: [0mProperty 'AssignedGuard' does not exist on type '{ id: string; createdAt: 
Date; updatedAt: Date; isActive: boolean; organizationId: string; officeId: string; 
clientId: string; address: string; city: string; country: string; locationName: string; 
... 6 more ...; locationTypeId: string; }'.

[7m512[0m         assignedGuards: loc.AssignedGuard.map(ag => ({
[7m   [0m [91m                            ~~~~~~~~~~~~~[0m
[96msrc/client/client.service.ts[0m:[93m613[0m:[93m11[0m - [91merror[0m[90m 
TS2561: [0mObject literal may only specify known properties, but 'guard' does not exist 
in type 'GuardsAttendanceInclude<DefaultArgs>'. Did you mean to write 'Guard'?

[7m613[0m           guard: {
[7m   [0m [91m          ~~~~~[0m

  [96mnode_modules/.prisma/client/index.d.ts[0m:[93m36191[0m:[93m5[0m
    [7m36191[0m     include?: GuardsAttendanceInclude<ExtArgs> | null
    [7m     [0m [96m    ~~~~~~~[0m
    The expected type comes from property 'include' which is declared here on type '{ 
select?: GuardsAttendanceSelect<DefaultArgs>; omit?: GuardsAttendanceOmit<DefaultArgs>; 
include?: GuardsAttendanceInclude<DefaultArgs>; ... 5 more ...; distinct?: 
GuardsAttendanceScalarFieldEnum | GuardsAttendanceScalarFieldEnum[]; }'
[96msrc/client/client.service.ts[0m:[93m670[0m:[93m21[0m - [91merror[0m[90m 
TS2551: [0mProperty 'guard' does not exist on type '{ id: string; createdAt: Date; 
updatedAt: Date; type: AttendanceType; locationId: string; guardId: string; shiftId: 
string; date: Date; isHoliday: boolean; overtime: boolean; }'. Did you mean 'guardId'?

[7m670[0m         guardId: ar.guard.id,
[7m   [0m [91m                    ~~~~~[0m
[96msrc/client/client.service.ts[0m:[93m671[0m:[93m23[0m - [91merror[0m[90m 
TS2551: [0mProperty 'guard' does not exist on type '{ id: string; createdAt: Date; 
updatedAt: Date; type: AttendanceType; locationId: string; guardId: string; shiftId: 
string; date: Date; isHoliday: boolean; overtime: boolean; }'. Did you mean 'guardId'?

[7m671[0m         guardName: ar.guard.fullName,
[7m   [0m [91m                      ~~~~~[0m
[96msrc/client/client.service.ts[0m:[93m672[0m:[93m27[0m - [91merror[0m[90m 
TS2551: [0mProperty 'guard' does not exist on type '{ id: string; createdAt: Date; 
updatedAt: Date; type: AttendanceType; locationId: string; guardId: string; shiftId: 
string; date: Date; isHoliday: boolean; overtime: boolean; }'. Did you mean 'guardId'?

[7m672[0m         serviceNumber: ar.guard.serviceNumber,
[7m   [0m [91m                          ~~~~~[0m
[96msrc/client/client.service.ts[0m:[93m673[0m:[93m24[0m - [91merror[0m[90m 
TS2551: [0mProperty 'location' does not exist on type '{ id: string; createdAt: Date; 
updatedAt: Date; type: AttendanceType; locationId: string; guardId: string; shiftId: 
string; date: Date; isHoliday: boolean; overtime: boolean; }'. Did you mean 'locationId'?

[7m673[0m         locationId: ar.location.id,
[7m   [0m [91m                       ~~~~~~~~[0m
[96msrc/client/client.service.ts[0m:[93m674[0m:[93m26[0m - [91merror[0m[90m 
TS2551: [0mProperty 'location' does not exist on type '{ id: string; createdAt: Date; 
updatedAt: Date; type: AttendanceType; locationId: string; guardId: string; shiftId: 
string; date: Date; isHoliday: boolean; overtime: boolean; }'. Did you mean 'locationId'?

[7m674[0m         locationName: ar.location.locationName,
[7m   [0m [91m                         ~~~~~~~~[0m
[96msrc/client/client.service.ts[0m:[93m675[0m:[93m26[0m - [91merror[0m[90m 
TS2551: [0mProperty 'location' does not exist on type '{ id: string; createdAt: Date; 
updatedAt: Date; type: AttendanceType; locationId: string; guardId: string; shiftId: 
string; date: Date; isHoliday: boolean; overtime: boolean; }'. Did you mean 'locationId'?

[7m675[0m         locationCity: ar.location.city,
[7m   [0m [91m                         ~~~~~~~~[0m
[96msrc/client/client.service.ts[0m:[93m676[0m:[93m23[0m - [91merror[0m[90m 
TS2551: [0mProperty 'shift' does not exist on type '{ id: string; createdAt: Date; 
updatedAt: Date; type: AttendanceType; locationId: string; guardId: string; shiftId: 
string; date: Date; isHoliday: boolean; overtime: boolean; }'. Did you mean 'shiftId'?

[7m676[0m         shiftName: ar.shift.shiftName
[7m   [0m [91m                      ~~~~~[0m
[96msrc/common/strategies/jwt.strategy.ts[0m:[93m20[0m:[93m48[0m - 
[91merror[0m[90m TS2344: [0mType '{ include: { userOffice: { include: { organization: 
{ include: { OrganizationFeature: { include: { feature: true; }; }; }; }; }; }; UserRole: 
{ include: { role: true; }; }; Client: true; }; }' does not satisfy the constraint 
'boolean | UserDefaultArgs<DefaultArgs>'.
  Type '{ include: { userOffice: { include: { organization: { include: { 
OrganizationFeature: { include: { feature: true; }; }; }; }; }; }; UserRole: { include: { 
role: true; }; }; Client: true; }; }' is not assignable to type 
'UserDefaultArgs<DefaultArgs>'.
    The types of 'include.UserRole' are incompatible between these types.
      Type '{ include: { role: true; }; }' is not assignable to type 'boolean | 
User$UserRoleArgs<DefaultArgs>'.
        Type '{ include: { role: true; }; }' is not assignable to type 
'User$UserRoleArgs<DefaultArgs>'.
          Types of property 'include' are incompatible.
            Type '{ role: true; }' has no properties in common with type 
'UserRoleInclude<DefaultArgs>'.

[7m 20[0m type UserWithRelations = Prisma.UserGetPayload<{
[7m   [0m [91m                                               ~[0m
[7m 21[0m   include: {
[7m   [0m [91m~~~~~~~~~~~~[0m
[7m...[0m 
[7m 41[0m   };
[7m   [0m [91m~~~~[0m
[7m 42[0m }>;
[7m   [0m [91m~[0m
[96msrc/common/strategies/jwt.strategy.ts[0m:[93m82[0m:[93m11[0m - 
[91merror[0m[90m TS2561: [0mObject literal may only specify known properties, but 
'userOffice' does not exist in type 'UserInclude<DefaultArgs>'. Did you mean to write 
'UserOffice'?

[7m82[0m           userOffice: {
[7m  [0m [91m          ~~~~~~~~~~[0m

  [96mnode_modules/.prisma/client/index.d.ts[0m:[93m69432[0m:[93m5[0m
    [7m69432[0m     include?: UserInclude<ExtArgs> | null
    [7m     [0m [96m    ~~~~~~~[0m
    The expected type comes from property 'include' which is declared here on type '{ 
select?: UserSelect<DefaultArgs>; omit?: UserOmit<DefaultArgs>; include?: 
UserInclude<DefaultArgs>; where: UserWhereUniqueInput; }'
[96msrc/common/strategies/jwt.strategy.ts[0m:[93m111[0m:[93m59[0m - 
[91merror[0m[90m TS2339: [0mProperty 'organization' does not exist on type 'never'.

[7m111[0m       const organization = validatedUser.userOffice?.[0]?.organization;
[7m   [0m [91m                                                          
~~~~~~~~~~~~[0m
[96msrc/common/strategies/jwt.strategy.ts[0m:[93m125[0m:[93m25[0m - 
[91merror[0m[90m TS2339: [0mProperty 'roleName' does not exist on type 'never'.

[7m125[0m         (ur) => ur.role.roleName === 'superAdmin',
[7m   [0m [91m                        ~~~~~~~~[0m
[96msrc/common/strategies/jwt.strategy.ts[0m:[93m144[0m:[93m42[0m - 
[91merror[0m[90m TS2339: [0mProperty 'officeId' does not exist on type 'never'.

[7m144[0m         : validatedUser.userOffice?.[0]?.officeId;
[7m   [0m [91m                                         ~~~~~~~~[0m
[96msrc/common/strategies/jwt.strategy.ts[0m:[93m153[0m:[93m47[0m - 
[91merror[0m[90m TS2339: [0mProperty 'roleName' does not exist on type 'never'.

[7m153[0m         role: validatedUser.UserRole[0]?.role.roleName || 'user',
[7m   [0m [91m                                              ~~~~~~~~[0m
[96msrc/employee/employee.controller.ts[0m:[93m176[0m:[93m21[0m - 
[91merror[0m[90m TS2561: [0mObject literal may only specify known properties, but 
'user' does not exist in type 'GuardSelect<DefaultArgs>'. Did you mean to write 'User'?

[7m176[0m           select: { user: true },
[7m   [0m [91m                    ~~~~[0m

  [96mnode_modules/.prisma/client/index.d.ts[0m:[93m28603[0m:[93m5[0m
    [7m28603[0m     select?: GuardSelect<ExtArgs> | null
    [7m     [0m [96m    ~~~~~~[0m
    The expected type comes from property 'select' which is declared here on type '{ 
select?: GuardSelect<DefaultArgs>; omit?: GuardOmit<DefaultArgs>; include?: 
GuardInclude<DefaultArgs>; where: GuardWhereUniqueInput; }'
[96msrc/employee/employee.controller.ts[0m:[93m179[0m:[93m22[0m - 
[91merror[0m[90m TS2339: [0mProperty 'user' does not exist on type '{ id: string; 
createdAt: Date; updatedAt: Date; isActive: boolean; userId: string; organizationId: 
string; officeId: string; serviceNumber: number; currentAddress: string; contactNumber: 
string; ... 27 more ...; permanentAreaPoliceStation: string; }'.

[7m179[0m           guardUser?.user?.id || null,
[7m   [0m [91m                     ~~~~[0m
[96msrc/employee/employee.service.ts[0m:[93m118[0m:[93m11[0m - [91merror[0m[90m 
TS2561: [0mObject literal may only specify known properties, but 'academic' does not 
exist in type 'EmployeeInclude<DefaultArgs>'. Did you mean to write 'Academic'?

[7m118[0m           academic: true,
[7m   [0m [91m          ~~~~~~~~[0m

  [96mnode_modules/.prisma/client/index.d.ts[0m:[93m19966[0m:[93m5[0m
    [7m19966[0m     include?: EmployeeInclude<ExtArgs> | null
    [7m     [0m [96m    ~~~~~~~[0m
    The expected type comes from property 'include' which is declared here on type '{ 
select?: EmployeeSelect<DefaultArgs>; omit?: EmployeeOmit<DefaultArgs>; include?: 
EmployeeInclude<DefaultArgs>; data: (Without<...> & EmployeeUncheckedCreateInput) | 
(Without<...> & EmployeeCreateInput); }'
[96msrc/employee/employee.service.ts[0m:[93m142[0m:[93m11[0m - [91merror[0m[90m 
TS2561: [0mObject literal may only specify known properties, but 'academic' does not 
exist in type 'EmployeeInclude<DefaultArgs>'. Did you mean to write 'Academic'?

[7m142[0m           academic: true,
[7m   [0m [91m          ~~~~~~~~[0m

  [96mnode_modules/.prisma/client/index.d.ts[0m:[93m19771[0m:[93m5[0m
    [7m19771[0m     include?: EmployeeInclude<ExtArgs> | null
    [7m     [0m [96m    ~~~~~~~[0m
    The expected type comes from property 'include' which is declared here on type '{ 
select?: EmployeeSelect<DefaultArgs>; omit?: EmployeeOmit<DefaultArgs>; include?: 
EmployeeInclude<DefaultArgs>; where: EmployeeWhereUniqueInput; }'
[96msrc/employee/employee.service.ts[0m:[93m167[0m:[93m9[0m - [91merror[0m[90m 
TS2561: [0mObject literal may only specify known properties, but 'academic' does not 
exist in type 'EmployeeInclude<DefaultArgs>'. Did you mean to write 'Academic'?

[7m167[0m         academic: true,
[7m   [0m [91m        ~~~~~~~~[0m

  [96mnode_modules/.prisma/client/index.d.ts[0m:[93m19919[0m:[93m5[0m
    [7m19919[0m     include?: EmployeeInclude<ExtArgs> | null
    [7m     [0m [96m    ~~~~~~~[0m
    The expected type comes from property 'include' which is declared here on type '{ 
select?: EmployeeSelect<DefaultArgs>; omit?: EmployeeOmit<DefaultArgs>; include?: 
EmployeeInclude<DefaultArgs>; ... 5 more ...; distinct?: EmployeeScalarFieldEnum | 
EmployeeScalarFieldEnum[]; }'
[96msrc/employee/employee.service.ts[0m:[93m198[0m:[93m11[0m - [91merror[0m[90m 
TS2561: [0mObject literal may only specify known properties, but 'academic' does not 
exist in type 'EmployeeInclude<DefaultArgs>'. Did you mean to write 'Academic'?

[7m198[0m           academic: true,
[7m   [0m [91m          ~~~~~~~~[0m

  [96mnode_modules/.prisma/client/index.d.ts[0m:[93m19919[0m:[93m5[0m
    [7m19919[0m     include?: EmployeeInclude<ExtArgs> | null
    [7m     [0m [96m    ~~~~~~~[0m
    The expected type comes from property 'include' which is declared here on type '{ 
select?: EmployeeSelect<DefaultArgs>; omit?: EmployeeOmit<DefaultArgs>; include?: 
EmployeeInclude<DefaultArgs>; ... 5 more ...; distinct?: EmployeeScalarFieldEnum | 
EmployeeScalarFieldEnum[]; }'
[96msrc/employee/employee.service.ts[0m:[93m215[0m:[93m9[0m - [91merror[0m[90m 
TS2561: [0mObject literal may only specify known properties, but 'academic' does not 
exist in type 'EmployeeInclude<DefaultArgs>'. Did you mean to write 'Academic'?

[7m215[0m         academic: true,
[7m   [0m [91m        ~~~~~~~~[0m

  [96mnode_modules/.prisma/client/index.d.ts[0m:[93m19771[0m:[93m5[0m
    [7m19771[0m     include?: EmployeeInclude<ExtArgs> | null
    [7m     [0m [96m    ~~~~~~~[0m
    The expected type comes from property 'include' which is declared here on type '{ 
select?: EmployeeSelect<DefaultArgs>; omit?: EmployeeOmit<DefaultArgs>; include?: 
EmployeeInclude<DefaultArgs>; where: EmployeeWhereUniqueInput; }'
[96msrc/employee/employee.service.ts[0m:[93m246[0m:[93m11[0m - [91merror[0m[90m 
TS2561: [0mObject literal may only specify known properties, but 'academic' does not 
exist in type 'EmployeeInclude<DefaultArgs>'. Did you mean to write 'Academic'?

[7m246[0m           academic: true,
[7m   [0m [91m          ~~~~~~~~[0m

  [96mnode_modules/.prisma/client/index.d.ts[0m:[93m19919[0m:[93m5[0m
    [7m19919[0m     include?: EmployeeInclude<ExtArgs> | null
    [7m     [0m [96m    ~~~~~~~[0m
    The expected type comes from property 'include' which is declared here on type '{ 
select?: EmployeeSelect<DefaultArgs>; omit?: EmployeeOmit<DefaultArgs>; include?: 
EmployeeInclude<DefaultArgs>; ... 5 more ...; distinct?: EmployeeScalarFieldEnum | 
EmployeeScalarFieldEnum[]; }'
[96msrc/employee/employee.service.ts[0m:[93m278[0m:[93m11[0m - [91merror[0m[90m 
TS2561: [0mObject literal may only specify known properties, but 'user' does not exist 
in type 'EmployeeInclude<DefaultArgs>'. Did you mean to write 'User'?

[7m278[0m           user: { include: { userOffice: true } },
[7m   [0m [91m          ~~~~[0m

  [96mnode_modules/.prisma/client/index.d.ts[0m:[93m19919[0m:[93m5[0m
    [7m19919[0m     include?: EmployeeInclude<ExtArgs> | null
    [7m     [0m [96m    ~~~~~~~[0m
    The expected type comes from property 'include' which is declared here on type '{ 
select?: EmployeeSelect<DefaultArgs>; omit?: EmployeeOmit<DefaultArgs>; include?: 
EmployeeInclude<DefaultArgs>; ... 5 more ...; distinct?: EmployeeScalarFieldEnum | 
EmployeeScalarFieldEnum[]; }'
[96msrc/employee/employee.service.ts[0m:[93m293[0m:[93m9[0m - [91merror[0m[90m 
TS2561: [0mObject literal may only specify known properties, but 'academic' does not 
exist in type 'EmployeeInclude<DefaultArgs>'. Did you mean to write 'Academic'?

[7m293[0m         academic: true,
[7m   [0m [91m        ~~~~~~~~[0m

  [96mnode_modules/.prisma/client/index.d.ts[0m:[93m19919[0m:[93m5[0m
    [7m19919[0m     include?: EmployeeInclude<ExtArgs> | null
    [7m     [0m [96m    ~~~~~~~[0m
    The expected type comes from property 'include' which is declared here on type '{ 
select?: EmployeeSelect<DefaultArgs>; omit?: EmployeeOmit<DefaultArgs>; include?: 
EmployeeInclude<DefaultArgs>; ... 5 more ...; distinct?: EmployeeScalarFieldEnum | 
EmployeeScalarFieldEnum[]; }'
[96msrc/employee/employee.service.ts[0m:[93m335[0m:[93m25[0m - [91merror[0m[90m 
TS2551: [0mProperty 'BankAccount' does not exist on type 'PrismaService'. Did you mean 
'bankAccount'?

[7m335[0m       await this.prisma.BankAccount.update({
[7m   [0m [91m                        ~~~~~~~~~~~[0m

  [96mnode_modules/.prisma/client/index.d.ts[0m:[93m685[0m:[93m7[0m
    [7m685[0m   get bankAccount(): Prisma.BankAccountDelegate<ExtArgs, ClientOptions>;
    [7m   [0m [96m      ~~~~~~~~~~~[0m
    'bankAccount' is declared here.
[96msrc/employee/employee.service.ts[0m:[93m354[0m:[93m11[0m - [91merror[0m[90m 
TS2322: [0mType '{ guardId: string; rightThumb?: string; rightMiddleFinger?: string; 
rightLittleFinger?: string; leftThumb?: string; leftMiddleFinger?: string; 
leftLittleFinger?: string; rightForeFinger?: string; ... 4 more ...; leftForeFinger?: 
string; }' is not assignable to type '(Without<BiometricCreateInput, 
BiometricUncheckedCreateInput> & BiometricUncheckedCreateInput) | (Without<...> & 
BiometricCreateInput)'.
  Type '{ guardId: string; rightThumb?: string; rightMiddleFinger?: string; 
rightLittleFinger?: string; leftThumb?: string; leftMiddleFinger?: string; 
leftLittleFinger?: string; rightForeFinger?: string; ... 4 more ...; leftForeFinger?: 
string; }' is not assignable to type 'Without<BiometricUncheckedCreateInput, 
BiometricCreateInput> & BiometricCreateInput'.
    Type '{ guardId: string; rightThumb?: string; rightMiddleFinger?: string; 
rightLittleFinger?: string; leftThumb?: string; leftMiddleFinger?: string; 
leftLittleFinger?: string; rightForeFinger?: string; ... 4 more ...; leftForeFinger?: 
string; }' is not assignable to type 'Without<BiometricUncheckedCreateInput, 
BiometricCreateInput>'.
      Types of property 'guardId' are incompatible.
        Type 'string' is not assignable to type 'never'.

[7m354[0m           data: {
[7m   [0m [91m          ~~~~[0m

  [96mnode_modules/.prisma/client/index.d.ts[0m:[93m14661[0m:[93m5[0m
    [7m14661[0m     data: XOR<BiometricCreateInput, BiometricUncheckedCreateInput>
    [7m     [0m [96m    ~~~~[0m
    The expected type comes from property 'data' which is declared here on type '{ 
select?: BiometricSelect<DefaultArgs>; omit?: BiometricOmit<DefaultArgs>; include?: 
BiometricInclude<DefaultArgs>; data: (Without<...> & BiometricUncheckedCreateInput) | 
(Without<...> & BiometricCreateInput); }'
[96msrc/employee/employee.service.ts[0m:[93m368[0m:[93m9[0m - [91merror[0m[90m 
TS2322: [0mType '{ guardId: string; totalYears: number; placeOfDuty: string; 
recentCivilEmployment: string; }[]' is not assignable to type 
'EmployeeExperienceCreateManyInput | EmployeeExperienceCreateManyInput[]'.
  Type '{ guardId: string; totalYears: number; placeOfDuty: string; 
recentCivilEmployment: string; }[]' is not assignable to type 
'EmployeeExperienceCreateManyInput[]'.
    Property 'id' is missing in type '{ guardId: string; totalYears: number; placeOfDuty: 
string; recentCivilEmployment: string; }' but required in type 
'EmployeeExperienceCreateManyInput'.

[7m368[0m         data: employeeExperience.map((exp) => ({ ...exp, guardId: id })),
[7m   [0m [91m        ~~~~[0m

  [96mnode_modules/.prisma/client/index.d.ts[0m:[93m87943[0m:[93m5[0m
    [7m87943[0m     id: string
    [7m     [0m [96m    ~~[0m
    'id' is declared here.
  [96mnode_modules/.prisma/client/index.d.ts[0m:[93m22366[0m:[93m5[0m
    [7m22366[0m     data: EmployeeExperienceCreateManyInput | 
EmployeeExperienceCreateManyInput[]
    [7m     [0m [96m    ~~~~[0m
    The expected type comes from property 'data' which is declared here on type '{ data: 
EmployeeExperienceCreateManyInput | EmployeeExperienceCreateManyInput[]; skipDuplicates?: 
boolean; }'
[96msrc/employee/employee.service.ts[0m:[93m380[0m:[93m9[0m - [91merror[0m[90m 
TS2322: [0mType '{ guardId: string; fullName: string; fatherName: string; cnicNumber: 
string; contactNumber: string; currentAddress: string; permanentAddress: string; 
cnicFront: string; cnicBack: string; }[]' is not assignable to type 
'ReferenceCreateManyInput | ReferenceCreateManyInput[]'.
  Type '{ guardId: string; fullName: string; fatherName: string; cnicNumber: string; 
contactNumber: string; currentAddress: string; permanentAddress: string; cnicFront: 
string; cnicBack: string; }[]' is not assignable to type 'ReferenceCreateManyInput[]'.
    Property 'id' is missing in type '{ guardId: string; fullName: string; fatherName: 
string; cnicNumber: string; contactNumber: string; currentAddress: string; 
permanentAddress: string; cnicFront: string; cnicBack: string; }' but required in type 
'ReferenceCreateManyInput'.

[7m380[0m         data: references.map((ref) => ({
[7m   [0m [91m        ~~~~[0m

  [96mnode_modules/.prisma/client/index.d.ts[0m:[93m91236[0m:[93m5[0m
    [7m91236[0m     id: string
    [7m     [0m [96m    ~~[0m
    'id' is declared here.
  [96mnode_modules/.prisma/client/index.d.ts[0m:[93m59959[0m:[93m5[0m
    [7m59959[0m     data: ReferenceCreateManyInput | ReferenceCreateManyInput[]
    [7m     [0m [96m    ~~~~[0m
    The expected type comes from property 'data' which is declared here on type '{ data: 
ReferenceCreateManyInput | ReferenceCreateManyInput[]; skipDuplicates?: boolean; }'
[96msrc/employee/employee.service.ts[0m:[93m397[0m:[93m9[0m - [91merror[0m[90m 
TS2561: [0mObject literal may only specify known properties, but 'academic' does not 
exist in type 'EmployeeInclude<DefaultArgs>'. Did you mean to write 'Academic'?

[7m397[0m         academic: true,
[7m   [0m [91m        ~~~~~~~~[0m

  [96mnode_modules/.prisma/client/index.d.ts[0m:[93m19771[0m:[93m5[0m
    [7m19771[0m     include?: EmployeeInclude<ExtArgs> | null
    [7m     [0m [96m    ~~~~~~~[0m
    The expected type comes from property 'include' which is declared here on type '{ 
select?: EmployeeSelect<DefaultArgs>; omit?: EmployeeOmit<DefaultArgs>; include?: 
EmployeeInclude<DefaultArgs>; where: EmployeeWhereUniqueInput; }'
[96msrc/employee/employee.service.ts[0m:[93m605[0m:[93m9[0m - [91merror[0m[90m 
TS2322: [0mType '{ locationId: string; clientId: string; employeeId: string; 
supervisorEmployeeId: string; deploymentDate: Date; deploymentTill: Date; }' is not 
assignable to type '(Without<AssignedSupervisorCreateInput, 
AssignedSupervisorUncheckedCreateInput> & AssignedSupervisorUncheckedCreateInput) | 
(Without<...> & AssignedSupervisorCreateInput)'.
  Type '{ locationId: string; clientId: string; employeeId: string; supervisorEmployeeId: 
string; deploymentDate: Date; deploymentTill: Date; }' is not assignable to type 
'Without<AssignedSupervisorUncheckedCreateInput, AssignedSupervisorCreateInput> & 
AssignedSupervisorCreateInput'.
    Type '{ locationId: string; clientId: string; employeeId: string; 
supervisorEmployeeId: string; deploymentDate: Date; deploymentTill: Date; }' is not 
assignable to type 'Without<AssignedSupervisorUncheckedCreateInput, 
AssignedSupervisorCreateInput>'.
      Types of property 'employeeId' are incompatible.
        Type 'string' is not assignable to type 'never'.

[7m605[0m         data: {
[7m   [0m [91m        ~~~~[0m

  [96mnode_modules/.prisma/client/index.d.ts[0m:[93m12296[0m:[93m5[0m
    [7m12296[0m     data: XOR<AssignedSupervisorCreateInput, 
AssignedSupervisorUncheckedCreateInput>
    [7m     [0m [96m    ~~~~[0m
    The expected type comes from property 'data' which is declared here on type '{ 
select?: AssignedSupervisorSelect<DefaultArgs>; omit?: 
AssignedSupervisorOmit<DefaultArgs>; include?: AssignedSupervisorInclude<...>; data: 
(Without<...> & AssignedSupervisorUncheckedCreateInput) | (Without<...> & 
AssignedSupervisorCreateInput); }'
[96msrc/employee/employee.service.ts[0m:[93m616[0m:[93m11[0m - [91merror[0m[90m 
TS2561: [0mObject literal may only specify known properties, but 'location' does not 
exist in type 'AssignedSupervisorInclude<DefaultArgs>'. Did you mean to write 'locations'?

[7m616[0m           location: true,
[7m   [0m [91m          ~~~~~~~~[0m

  [96mnode_modules/.prisma/client/index.d.ts[0m:[93m12292[0m:[93m5[0m
    [7m12292[0m     include?: AssignedSupervisorInclude<ExtArgs> | null
    [7m     [0m [96m    ~~~~~~~[0m
    The expected type comes from property 'include' which is declared here on type '{ 
select?: AssignedSupervisorSelect<DefaultArgs>; omit?: 
AssignedSupervisorOmit<DefaultArgs>; include?: AssignedSupervisorInclude<...>; data: 
(Without<...> & AssignedSupervisorUncheckedCreateInput) | (Without<...> & 
AssignedSupervisorCreateInput); }'
[96msrc/employee/employee.service.ts[0m:[93m735[0m:[93m13[0m - [91merror[0m[90m 
TS2561: [0mObject literal may only specify known properties, but 'location' does not 
exist in type 'AssignedSupervisorInclude<DefaultArgs>'. Did you mean to write 'locations'?

[7m735[0m             location: true,
[7m   [0m [91m            ~~~~~~~~[0m

  [96mnode_modules/.prisma/client/index.d.ts[0m:[93m12348[0m:[93m5[0m
    [7m12348[0m     include?: AssignedSupervisorInclude<ExtArgs> | null
    [7m     [0m [96m    ~~~~~~~[0m
    The expected type comes from property 'include' which is declared here on type '{ 
select?: AssignedSupervisorSelect<DefaultArgs>; omit?: 
AssignedSupervisorOmit<DefaultArgs>; include?: AssignedSupervisorInclude<...>; data: 
(Without<...> & AssignedSupervisorUncheckedUpdateInput) | (Without<...> & 
AssignedSupervisorUpdateInput); where: AssignedSupervisorWhereUniqueInput; }'
[96msrc/employee/employee.service.ts[0m:[93m762[0m:[93m11[0m - [91merror[0m[90m 
TS2561: [0mObject literal may only specify known properties, but 'location' does not 
exist in type 'AssignedSupervisorWhereInput'. Did you mean to write 'locations'?

[7m762[0m           location: {
[7m   [0m [91m          ~~~~~~~~[0m

  [96mnode_modules/.prisma/client/index.d.ts[0m:[93m12249[0m:[93m5[0m
    [7m12249[0m     where?: AssignedSupervisorWhereInput
    [7m     [0m [96m    ~~~~~[0m
    The expected type comes from property 'where' which is declared here on type '{ 
select?: AssignedSupervisorSelect<DefaultArgs>; omit?: 
AssignedSupervisorOmit<DefaultArgs>; include?: AssignedSupervisorInclude<...>; ... 5 more 
...; distinct?: AssignedSupervisorScalarFieldEnum | AssignedSupervisorScalarFieldEnum[]; 
}'
[96msrc/employee/employee.service.ts[0m:[93m767[0m:[93m11[0m - [91merror[0m[90m 
TS2561: [0mObject literal may only specify known properties, but 'location' does not 
exist in type 'AssignedSupervisorInclude<DefaultArgs>'. Did you mean to write 'locations'?

[7m767[0m           location: {
[7m   [0m [91m          ~~~~~~~~[0m

  [96mnode_modules/.prisma/client/index.d.ts[0m:[93m12245[0m:[93m5[0m
    [7m12245[0m     include?: AssignedSupervisorInclude<ExtArgs> | null
    [7m     [0m [96m    ~~~~~~~[0m
    The expected type comes from property 'include' which is declared here on type '{ 
select?: AssignedSupervisorSelect<DefaultArgs>; omit?: 
AssignedSupervisorOmit<DefaultArgs>; include?: AssignedSupervisorInclude<...>; ... 5 more 
...; distinct?: AssignedSupervisorScalarFieldEnum | AssignedSupervisorScalarFieldEnum[]; 
}'
[96msrc/employee/employee.service.ts[0m:[93m822[0m:[93m13[0m - [91merror[0m[90m 
TS2561: [0mObject literal may only specify known properties, but 'location' does not 
exist in type 'AssignedSupervisorWhereInput'. Did you mean to write 'locations'?

[7m822[0m             location: {
[7m   [0m [91m            ~~~~~~~~[0m

  [96mnode_modules/.prisma/client/index.d.ts[0m:[93m12249[0m:[93m5[0m
    [7m12249[0m     where?: AssignedSupervisorWhereInput
    [7m     [0m [96m    ~~~~~[0m
    The expected type comes from property 'where' which is declared here on type '{ 
select?: AssignedSupervisorSelect<DefaultArgs>; omit?: 
AssignedSupervisorOmit<DefaultArgs>; include?: AssignedSupervisorInclude<...>; ... 5 more 
...; distinct?: AssignedSupervisorScalarFieldEnum | AssignedSupervisorScalarFieldEnum[]; 
}'
[96msrc/employee/employee.service.ts[0m:[93m828[0m:[93m13[0m - [91merror[0m[90m 
TS2561: [0mObject literal may only specify known properties, but 'location' does not 
exist in type 'AssignedSupervisorInclude<DefaultArgs>'. Did you mean to write 'locations'?

[7m828[0m             location: {
[7m   [0m [91m            ~~~~~~~~[0m

  [96mnode_modules/.prisma/client/index.d.ts[0m:[93m12245[0m:[93m5[0m
    [7m12245[0m     include?: AssignedSupervisorInclude<ExtArgs> | null
    [7m     [0m [96m    ~~~~~~~[0m
    The expected type comes from property 'include' which is declared here on type '{ 
select?: AssignedSupervisorSelect<DefaultArgs>; omit?: 
AssignedSupervisorOmit<DefaultArgs>; include?: AssignedSupervisorInclude<...>; ... 5 more 
...; distinct?: AssignedSupervisorScalarFieldEnum | AssignedSupervisorScalarFieldEnum[]; 
}'
[96msrc/file/file.service.ts[0m:[93m231[0m:[93m15[0m - [91merror[0m[90m TS2561: 
[0mObject literal may only specify known properties, but 'references' does not exist in 
type '(Without<GuardCreateInput, GuardUncheckedCreateInput> & GuardUncheckedCreateInput) 
| (Without<...> & GuardCreateInput)'. Did you mean to write 'Reference'?

[7m231[0m               references: {
[7m   [0m [91m              ~~~~~~~~~~[0m

  [96mnode_modules/.prisma/client/index.d.ts[0m:[93m28810[0m:[93m5[0m
    [7m28810[0m     data: XOR<GuardCreateInput, GuardUncheckedCreateInput>
    [7m     [0m [96m    ~~~~[0m
    The expected type comes from property 'data' which is declared here on type '{ 
select?: GuardSelect<DefaultArgs>; omit?: GuardOmit<DefaultArgs>; include?: 
GuardInclude<DefaultArgs>; data: (Without<...> & GuardUncheckedCreateInput) | 
(Without<...> & GuardCreateInput); }'
[96msrc/guard-category/guard-category.service.ts[0m:[93m38[0m:[93m9[0m - 
[91merror[0m[90m TS2322: [0mType '{ organizationId: string; categoryName: string; }' 
is not assignable to type '(Without<GuardCategoryCreateInput, 
GuardCategoryUncheckedCreateInput> & GuardCategoryUncheckedCreateInput) | (Without<...> & 
GuardCategoryCreateInput)'.
  Type '{ organizationId: string; categoryName: string; }' is not assignable to type 
'Without<GuardCategoryUncheckedCreateInput, GuardCategoryCreateInput> & 
GuardCategoryCreateInput'.
    Type '{ organizationId: string; categoryName: string; }' is not assignable to type 
'Without<GuardCategoryUncheckedCreateInput, GuardCategoryCreateInput>'.
      Types of property 'organizationId' are incompatible.
        Type 'string' is not assignable to type 'never'.

[7m38[0m         data: { ...dto, organizationId },
[7m  [0m [91m        ~~~~[0m

  [96mnode_modules/.prisma/client/index.d.ts[0m:[93m31408[0m:[93m5[0m
    [7m31408[0m     data: XOR<GuardCategoryCreateInput, 
GuardCategoryUncheckedCreateInput>
    [7m     [0m [96m    ~~~~[0m
    The expected type comes from property 'data' which is declared here on type '{ 
select?: GuardCategorySelect<DefaultArgs>; omit?: GuardCategoryOmit<DefaultArgs>; 
include?: GuardCategoryInclude<DefaultArgs>; data: (Without<...> & 
GuardCategoryUncheckedCreateInput) | (Without<...> & GuardCategoryCreateInput); }'
[96msrc/guard/guard.service.ts[0m:[93m71[0m:[93m18[0m - [91merror[0m[90m TS2561: 
[0mObject literal may only specify known properties, but 'user' does not exist in type 
'GuardInclude<DefaultArgs>'. Did you mean to write 'User'?

[7m71[0m       include: { user: true },
[7m  [0m [91m                 ~~~~[0m

  [96mnode_modules/.prisma/client/index.d.ts[0m:[93m28611[0m:[93m5[0m
    [7m28611[0m     include?: GuardInclude<ExtArgs> | null
    [7m     [0m [96m    ~~~~~~~[0m
    The expected type comes from property 'include' which is declared here on type '{ 
select?: GuardSelect<DefaultArgs>; omit?: GuardOmit<DefaultArgs>; include?: 
GuardInclude<DefaultArgs>; where: GuardWhereUniqueInput; }'
[96msrc/guard/guard.service.ts[0m:[93m78[0m:[93m15[0m - [91merror[0m[90m TS2339: 
[0mProperty 'user' does not exist on type '{ id: string; createdAt: Date; updatedAt: 
Date; isActive: boolean; userId: string; organizationId: string; officeId: string; 
serviceNumber: number; currentAddress: string; contactNumber: string; ... 27 more ...; 
permanentAreaPoliceStation: string; }'.

[7m78[0m     if (guard.user) {
[7m  [0m [91m              ~~~~[0m
[96msrc/guard/guard.service.ts[0m:[93m81[0m:[93m32[0m - [91merror[0m[90m TS2339: 
[0mProperty 'user' does not exist on type '{ id: string; createdAt: Date; updatedAt: 
Date; isActive: boolean; userId: string; organizationId: string; officeId: string; 
serviceNumber: number; currentAddress: string; contactNumber: string; ... 27 more ...; 
permanentAreaPoliceStation: string; }'.

[7m81[0m         where: { userId: guard.user.id },
[7m  [0m [91m                               ~~~~[0m
[96msrc/guard/guard.service.ts[0m:[93m95[0m:[93m7[0m - [91merror[0m[90m TS2322: 
[0mType '{ organizationId: string; fullName: string; serviceNumber: number; cnicNumber: 
string; fatherName: string; cnicIssueDate: Date; contactNumber: string; currentAddress: 
string; height: number; cnicExpiryDate: Date; isActive: true; userId: any; }' is not 
assignable to type '(Without<EmployeeCreateInput, EmployeeUncheckedCreateInput> & 
EmployeeUncheckedCreateInput) | (Without<...> & EmployeeCreateInput)'.
  Type '{ organizationId: string; fullName: string; serviceNumber: number; cnicNumber: 
string; fatherName: string; cnicIssueDate: Date; contactNumber: string; currentAddress: 
string; height: number; cnicExpiryDate: Date; isActive: true; userId: any; }' is not 
assignable to type 'Without<EmployeeUncheckedCreateInput, EmployeeCreateInput> & 
EmployeeCreateInput'.
    Type '{ organizationId: string; fullName: string; serviceNumber: number; cnicNumber: 
string; fatherName: string; cnicIssueDate: Date; contactNumber: string; currentAddress: 
string; height: number; cnicExpiryDate: Date; isActive: true; userId: any; }' is not 
assignable to type 'Without<EmployeeUncheckedCreateInput, EmployeeCreateInput>'.
      Types of property 'userId' are incompatible.
        Type 'any' is not assignable to type 'never'.

[7m95[0m       data: {
[7m  [0m [91m      ~~~~[0m

  [96mnode_modules/.prisma/client/index.d.ts[0m:[93m19970[0m:[93m5[0m
    [7m19970[0m     data: XOR<EmployeeCreateInput, EmployeeUncheckedCreateInput>
    [7m     [0m [96m    ~~~~[0m
    The expected type comes from property 'data' which is declared here on type '{ 
select?: EmployeeSelect<DefaultArgs>; omit?: EmployeeOmit<DefaultArgs>; include?: 
EmployeeInclude<DefaultArgs>; data: (Without<...> & EmployeeUncheckedCreateInput) | 
(Without<...> & EmployeeCreateInput); }'
[96msrc/guard/guard.service.ts[0m:[93m111[0m:[93m23[0m - [91merror[0m[90m 
TS2339: [0mProperty 'user' does not exist on type '{ id: string; createdAt: Date; 
updatedAt: Date; isActive: boolean; userId: string; organizationId: string; officeId: 
string; serviceNumber: number; currentAddress: string; contactNumber: string; ... 27 more 
...; permanentAreaPoliceStation: string; }'.

[7m111[0m         userId: guard.user?.id,
[7m   [0m [91m                      ~~~~[0m
[96msrc/guard/guard.service.ts[0m:[93m368[0m:[93m9[0m - [91merror[0m[90m TS2322: 
[0mType 'GuardInput[]' is not assignable to type 'GuardCreateManyInput | 
GuardCreateManyInput[]'.
  Type 'GuardInput[]' is not assignable to type 'GuardCreateManyInput[]'.
    Type 'GuardInput' is not assignable to type 'GuardCreateManyInput'.
      Property 'id' is optional in type 'GuardInput' but required in type 
'GuardCreateManyInput'.

[7m368[0m         data: newGuards,
[7m   [0m [91m        ~~~~[0m

  [96mnode_modules/.prisma/client/index.d.ts[0m:[93m28820[0m:[93m5[0m
    [7m28820[0m     data: GuardCreateManyInput | GuardCreateManyInput[]
    [7m     [0m [96m    ~~~~[0m
    The expected type comes from property 'data' which is declared here on type '{ data: 
GuardCreateManyInput | GuardCreateManyInput[]; skipDuplicates?: boolean; }'
[96msrc/guard/guard.service.ts[0m:[93m425[0m:[93m11[0m - [91merror[0m[90m 
TS2561: [0mObject literal may only specify known properties, but 'academic' does not 
exist in type '(Without<GuardCreateInput, GuardUncheckedCreateInput> & 
GuardUncheckedCreateInput) | (Without<...> & GuardCreateInput)'. Did you mean to write 
'Academic'?

[7m425[0m           academic: { create: data.academic },
[7m   [0m [91m          ~~~~~~~~[0m

  [96mnode_modules/.prisma/client/index.d.ts[0m:[93m28810[0m:[93m5[0m
    [7m28810[0m     data: XOR<GuardCreateInput, GuardUncheckedCreateInput>
    [7m     [0m [96m    ~~~~[0m
    The expected type comes from property 'data' which is declared here on type '{ 
select?: GuardSelect<DefaultArgs>; omit?: GuardOmit<DefaultArgs>; include?: 
GuardInclude<DefaultArgs>; data: (Without<...> & GuardUncheckedCreateInput) | 
(Without<...> & GuardCreateInput); }'
[96msrc/guard/guard.service.ts[0m:[93m447[0m:[93m11[0m - [91merror[0m[90m 
TS2561: [0mObject literal may only specify known properties, but 'academic' does not 
exist in type 'GuardInclude<DefaultArgs>'. Did you mean to write 'Academic'?

[7m447[0m           academic: true,
[7m   [0m [91m          ~~~~~~~~[0m

  [96mnode_modules/.prisma/client/index.d.ts[0m:[93m28806[0m:[93m5[0m
    [7m28806[0m     include?: GuardInclude<ExtArgs> | null
    [7m     [0m [96m    ~~~~~~~[0m
    The expected type comes from property 'include' which is declared here on type '{ 
select?: GuardSelect<DefaultArgs>; omit?: GuardOmit<DefaultArgs>; include?: 
GuardInclude<DefaultArgs>; data: (Without<...> & GuardUncheckedCreateInput) | 
(Without<...> & GuardCreateInput); }'
[96msrc/guard/guard.service.ts[0m:[93m464[0m:[93m9[0m - [91merror[0m[90m TS2561: 
[0mObject literal may only specify known properties, but 'academic' does not exist in 
type 'GuardInclude<DefaultArgs>'. Did you mean to write 'Academic'?

[7m464[0m         academic: true,
[7m   [0m [91m        ~~~~~~~~[0m

  [96mnode_modules/.prisma/client/index.d.ts[0m:[93m28759[0m:[93m5[0m
    [7m28759[0m     include?: GuardInclude<ExtArgs> | null
    [7m     [0m [96m    ~~~~~~~[0m
    The expected type comes from property 'include' which is declared here on type '{ 
select?: GuardSelect<DefaultArgs>; omit?: GuardOmit<DefaultArgs>; include?: 
GuardInclude<DefaultArgs>; ... 5 more ...; distinct?: GuardScalarFieldEnum | 
GuardScalarFieldEnum[]; }'
[96msrc/guard/guard.service.ts[0m:[93m480[0m:[93m9[0m - [91merror[0m[90m TS2561: 
[0mObject literal may only specify known properties, but 'academic' does not exist in 
type 'GuardInclude<DefaultArgs>'. Did you mean to write 'Academic'?

[7m480[0m         academic: true,
[7m   [0m [91m        ~~~~~~~~[0m

  [96mnode_modules/.prisma/client/index.d.ts[0m:[93m28611[0m:[93m5[0m
    [7m28611[0m     include?: GuardInclude<ExtArgs> | null
    [7m     [0m [96m    ~~~~~~~[0m
    The expected type comes from property 'include' which is declared here on type '{ 
select?: GuardSelect<DefaultArgs>; omit?: GuardOmit<DefaultArgs>; include?: 
GuardInclude<DefaultArgs>; where: GuardWhereUniqueInput; }'
[96msrc/guard/guard.service.ts[0m:[93m518[0m:[93m15[0m - [91merror[0m[90m 
TS2339: [0mProperty 'guardDocuments' does not exist on type '{ id: string; createdAt: 
Date; updatedAt: Date; isActive: boolean; userId: string; organizationId: string; 
officeId: string; serviceNumber: number; currentAddress: string; contactNumber: string; 
... 27 more ...; permanentAreaPoliceStation: string; }'.

[7m518[0m     if (guard.guardDocuments) {
[7m   [0m [91m              ~~~~~~~~~~~~~~[0m
[96msrc/guard/guard.service.ts[0m:[93m529[0m:[93m17[0m - [91merror[0m[90m 
TS2339: [0mProperty 'guardDocuments' does not exist on type '{ id: string; createdAt: 
Date; updatedAt: Date; isActive: boolean; userId: string; organizationId: string; 
officeId: string; serviceNumber: number; currentAddress: string; contactNumber: string; 
... 27 more ...; permanentAreaPoliceStation: string; }'.

[7m529[0m       if (guard.guardDocuments) {
[7m   [0m [91m                ~~~~~~~~~~~~~~[0m
[96msrc/guard/guard.service.ts[0m:[93m532[0m:[93m32[0m - [91merror[0m[90m 
TS2339: [0mProperty 'guardDocuments' does not exist on type '{ id: string; createdAt: 
Date; updatedAt: Date; isActive: boolean; userId: string; organizationId: string; 
officeId: string; serviceNumber: number; currentAddress: string; contactNumber: string; 
... 27 more ...; permanentAreaPoliceStation: string; }'.

[7m532[0m             const docs = guard.guardDocuments;
[7m   [0m [91m                               ~~~~~~~~~~~~~~[0m
[96msrc/guard/guard.service.ts[0m:[93m582[0m:[93m11[0m - [91merror[0m[90m 
TS2561: [0mObject literal may only specify known properties, but 'academic' does not 
exist in type 'GuardInclude<DefaultArgs>'. Did you mean to write 'Academic'?

[7m582[0m           academic: true,
[7m   [0m [91m          ~~~~~~~~[0m

  [96mnode_modules/.prisma/client/index.d.ts[0m:[93m28655[0m:[93m5[0m
    [7m28655[0m     include?: GuardInclude<ExtArgs> | null
    [7m     [0m [96m    ~~~~~~~[0m
    The expected type comes from property 'include' which is declared here on type '{ 
select?: GuardSelect<DefaultArgs>; omit?: GuardOmit<DefaultArgs>; include?: 
GuardInclude<DefaultArgs>; ... 5 more ...; distinct?: GuardScalarFieldEnum | 
GuardScalarFieldEnum[]; }'
[96msrc/guard/guard.service.ts[0m:[93m660[0m:[93m13[0m - [91merror[0m[90m 
TS2561: [0mObject literal may only specify known properties, but 'requestedGuard' does 
not exist in type 'AssignedGuardInclude<DefaultArgs>'. Did you mean to write 
'requested_guards'?

[7m660[0m             requestedGuard: {
[7m   [0m [91m            ~~~~~~~~~~~~~~[0m
[96msrc/guard/guard.service.ts[0m:[93m719[0m:[93m13[0m - [91merror[0m[90m 
TS2561: [0mObject literal may only specify known properties, but 'requestedGuard' does 
not exist in type 'AssignedGuardSelect<DefaultArgs>'. Did you mean to write 
'requestedGuardId'?

[7m719[0m             requestedGuard: {
[7m   [0m [91m            ~~~~~~~~~~~~~~[0m
[96msrc/guard/guard.service.ts[0m:[93m796[0m:[93m25[0m - [91merror[0m[90m 
TS2551: [0mProperty 'BankAccount' does not exist on type 'PrismaService'. Did you mean 
'bankAccount'?

[7m796[0m       await this.prisma.BankAccount.update({
[7m   [0m [91m                        ~~~~~~~~~~~[0m

  [96mnode_modules/.prisma/client/index.d.ts[0m:[93m685[0m:[93m7[0m
    [7m685[0m   get bankAccount(): Prisma.BankAccountDelegate<ExtArgs, ClientOptions>;
    [7m   [0m [96m      ~~~~~~~~~~~[0m
    'bankAccount' is declared here.
[96msrc/guard/guard.service.ts[0m:[93m815[0m:[93m9[0m - [91merror[0m[90m TS2322: 
[0mType '{ guardId: string; isExServiceMen: boolean; rankName: string; armyNumber: 
string; unit: string; exServiceDischargeNumber: string; branch: string; serviceYears: 
number; serviceMonths: number; securityYears: number; place: string; 
recentCivilEmployment: string; }[]' is not assignable to type 
'GuardExperienceCreateManyInput | GuardExperienceCreateManyInput[]'.
  Type '{ guardId: string; isExServiceMen: boolean; rankName: string; armyNumber: string; 
unit: string; exServiceDischargeNumber: string; branch: string; serviceYears: number; 
serviceMonths: number; securityYears: number; place: string; recentCivilEmployment: 
string; }[]' is not assignable to type 'GuardExperienceCreateManyInput[]'.
    Property 'id' is missing in type '{ guardId: string; isExServiceMen: boolean; 
rankName: string; armyNumber: string; unit: string; exServiceDischargeNumber: string; 
branch: string; serviceYears: number; serviceMonths: number; securityYears: number; 
place: string; recentCivilEmployment: string; }' but required in type 
'GuardExperienceCreateManyInput'.

[7m815[0m         data: guardExperience.map((exp) => ({ ...exp, guardId: id })),
[7m   [0m [91m        ~~~~[0m

  [96mnode_modules/.prisma/client/index.d.ts[0m:[93m89167[0m:[93m5[0m
    [7m89167[0m     id: string
    [7m     [0m [96m    ~~[0m
    'id' is declared here.
  [96mnode_modules/.prisma/client/index.d.ts[0m:[93m35094[0m:[93m5[0m
    [7m35094[0m     data: GuardExperienceCreateManyInput | 
GuardExperienceCreateManyInput[]
    [7m     [0m [96m    ~~~~[0m
    The expected type comes from property 'data' which is declared here on type '{ data: 
GuardExperienceCreateManyInput | GuardExperienceCreateManyInput[]; skipDuplicates?: 
boolean; }'
[96msrc/guard/guard.service.ts[0m:[93m825[0m:[93m9[0m - [91merror[0m[90m TS2322: 
[0mType '{ guardId: string; fullName: string; fatherName: string; cnicNumber: string; 
contactNumber: string; currentAddress: string; permanentAddress: string; cnicFront: 
string; cnicBack: string; }[]' is not assignable to type 'ReferenceCreateManyInput | 
ReferenceCreateManyInput[]'.
  Type '{ guardId: string; fullName: string; fatherName: string; cnicNumber: string; 
contactNumber: string; currentAddress: string; permanentAddress: string; cnicFront: 
string; cnicBack: string; }[]' is not assignable to type 'ReferenceCreateManyInput[]'.
    Property 'id' is missing in type '{ guardId: string; fullName: string; fatherName: 
string; cnicNumber: string; contactNumber: string; currentAddress: string; 
permanentAddress: string; cnicFront: string; cnicBack: string; }' but required in type 
'ReferenceCreateManyInput'.

[7m825[0m         data: references.map((ref) => ({
[7m   [0m [91m        ~~~~[0m

  [96mnode_modules/.prisma/client/index.d.ts[0m:[93m91236[0m:[93m5[0m
    [7m91236[0m     id: string
    [7m     [0m [96m    ~~[0m
    'id' is declared here.
  [96mnode_modules/.prisma/client/index.d.ts[0m:[93m59959[0m:[93m5[0m
    [7m59959[0m     data: ReferenceCreateManyInput | ReferenceCreateManyInput[]
    [7m     [0m [96m    ~~~~[0m
    The expected type comes from property 'data' which is declared here on type '{ data: 
ReferenceCreateManyInput | ReferenceCreateManyInput[]; skipDuplicates?: boolean; }'
[96msrc/guard/guard.service.ts[0m:[93m842[0m:[93m9[0m - [91merror[0m[90m TS2561: 
[0mObject literal may only specify known properties, but 'academic' does not exist in 
type 'GuardInclude<DefaultArgs>'. Did you mean to write 'Academic'?

[7m842[0m         academic: true,
[7m   [0m [91m        ~~~~~~~~[0m

  [96mnode_modules/.prisma/client/index.d.ts[0m:[93m28611[0m:[93m5[0m
    [7m28611[0m     include?: GuardInclude<ExtArgs> | null
    [7m     [0m [96m    ~~~~~~~[0m
    The expected type comes from property 'include' which is declared here on type '{ 
select?: GuardSelect<DefaultArgs>; omit?: GuardOmit<DefaultArgs>; include?: 
GuardInclude<DefaultArgs>; where: GuardWhereUniqueInput; }'
[96msrc/guard/guard.service.ts[0m:[93m958[0m:[93m9[0m - [91merror[0m[90m TS2322: 
[0mType '{ guardId: any; locationId: string; requestedGuardId: string; guardCategoryId: 
string; deploymentDate: Date; }' is not assignable to type 
'(Without<AssignedGuardCreateInput, AssignedGuardUncheckedCreateInput> & 
AssignedGuardUncheckedCreateInput) | (Without<...> & AssignedGuardCreateInput)'.
  Type '{ guardId: any; locationId: string; requestedGuardId: string; guardCategoryId: 
string; deploymentDate: Date; }' is not assignable to type 
'Without<AssignedGuardUncheckedCreateInput, AssignedGuardCreateInput> & 
AssignedGuardCreateInput'.
    Type '{ guardId: any; locationId: string; requestedGuardId: string; guardCategoryId: 
string; deploymentDate: Date; }' is not assignable to type 
'Without<AssignedGuardUncheckedCreateInput, AssignedGuardCreateInput>'.
      Types of property 'locationId' are incompatible.
        Type 'string' is not assignable to type 'never'.

[7m958[0m         data: {
[7m   [0m [91m        ~~~~[0m

  [96mnode_modules/.prisma/client/index.d.ts[0m:[93m11149[0m:[93m5[0m
    [7m11149[0m     data: XOR<AssignedGuardCreateInput, 
AssignedGuardUncheckedCreateInput>
    [7m     [0m [96m    ~~~~[0m
    The expected type comes from property 'data' which is declared here on type '{ 
select?: AssignedGuardSelect<DefaultArgs>; omit?: AssignedGuardOmit<DefaultArgs>; 
include?: AssignedGuardInclude<DefaultArgs>; data: (Without<...> & 
AssignedGuardUncheckedCreateInput) | (Without<...> & AssignedGuardCreateInput); }'
[96msrc/guard/guard.service.ts[0m:[93m966[0m:[93m11[0m - [91merror[0m[90m 
TS2561: [0mObject literal may only specify known properties, but 'location' does not 
exist in type 'AssignedGuardInclude<DefaultArgs>'. Did you mean to write 'locations'?

[7m966[0m           location: true,
[7m   [0m [91m          ~~~~~~~~[0m

  [96mnode_modules/.prisma/client/index.d.ts[0m:[93m11145[0m:[93m5[0m
    [7m11145[0m     include?: AssignedGuardInclude<ExtArgs> | null
    [7m     [0m [96m    ~~~~~~~[0m
    The expected type comes from property 'include' which is declared here on type '{ 
select?: AssignedGuardSelect<DefaultArgs>; omit?: AssignedGuardOmit<DefaultArgs>; 
include?: AssignedGuardInclude<DefaultArgs>; data: (Without<...> & 
AssignedGuardUncheckedCreateInput) | (Without<...> & AssignedGuardCreateInput); }'
[96msrc/guard/guard.service.ts[0m:[93m1023[0m:[93m11[0m - [91merror[0m[90m 
TS2561: [0mObject literal may only specify known properties, but 'location' does not 
exist in type 'AssignedGuardWhereInput'. Did you mean to write 'locations'?

[7m1023[0m           location: {
[7m    [0m [91m          ~~~~~~~~[0m

  [96mnode_modules/.prisma/client/index.d.ts[0m:[93m10998[0m:[93m5[0m
    [7m10998[0m     where?: AssignedGuardWhereInput
    [7m     [0m [96m    ~~~~~[0m
    The expected type comes from property 'where' which is declared here on type '{ 
select?: AssignedGuardSelect<DefaultArgs>; omit?: AssignedGuardOmit<DefaultArgs>; 
include?: AssignedGuardInclude<DefaultArgs>; ... 5 more ...; distinct?: 
AssignedGuardScalarFieldEnum | AssignedGuardScalarFieldEnum[]; }'
[96msrc/guard/guard.service.ts[0m:[93m1028[0m:[93m11[0m - [91merror[0m[90m 
TS2561: [0mObject literal may only specify known properties, but 'location' does not 
exist in type 'AssignedGuardInclude<DefaultArgs>'. Did you mean to write 'locations'?

[7m1028[0m           location: {
[7m    [0m [91m          ~~~~~~~~[0m

  [96mnode_modules/.prisma/client/index.d.ts[0m:[93m10994[0m:[93m5[0m
    [7m10994[0m     include?: AssignedGuardInclude<ExtArgs> | null
    [7m     [0m [96m    ~~~~~~~[0m
    The expected type comes from property 'include' which is declared here on type '{ 
select?: AssignedGuardSelect<DefaultArgs>; omit?: AssignedGuardOmit<DefaultArgs>; 
include?: AssignedGuardInclude<DefaultArgs>; ... 5 more ...; distinct?: 
AssignedGuardScalarFieldEnum | AssignedGuardScalarFieldEnum[]; }'
[96msrc/guard/guard.service.ts[0m:[93m1068[0m:[93m35[0m - [91merror[0m[90m 
TS2551: [0mProperty 'location' does not exist on type '{ id: string; createdAt: Date; 
updatedAt: Date; locationId: string; guardId: string; requestedGuardId: string; 
guardCategoryId: string; deploymentDate: Date; deploymentTill: Date; }'. Did you mean 
'locationId'?

[7m1068[0m         clientName: assignedGuard.location?.client?.companyName || null,
[7m    [0m [91m                                  ~~~~~~~~[0m
[96msrc/guard/guard.service.ts[0m:[93m1070[0m:[93m25[0m - [91merror[0m[90m 
TS2551: [0mProperty 'location' does not exist on type '{ id: string; createdAt: Date; 
updatedAt: Date; locationId: string; guardId: string; requestedGuardId: string; 
guardCategoryId: string; deploymentDate: Date; deploymentTill: Date; }'. Did you mean 
'locationId'?

[7m1070[0m           assignedGuard.location?.client?.contractNumber || null,
[7m    [0m [91m                        ~~~~~~~~[0m
[96msrc/guard/guard.service.ts[0m:[93m1071[0m:[93m37[0m - [91merror[0m[90m 
TS2551: [0mProperty 'location' does not exist on type '{ id: string; createdAt: Date; 
updatedAt: Date; locationId: string; guardId: string; requestedGuardId: string; 
guardCategoryId: string; deploymentDate: Date; deploymentTill: Date; }'. Did you mean 
'locationId'?

[7m1071[0m         locationName: assignedGuard.location?.locationName || null,
[7m    [0m [91m                                    ~~~~~~~~[0m
[96msrc/guard/guard.service.ts[0m:[93m1218[0m:[93m13[0m - [91merror[0m[90m 
TS2322: [0mType '{ userId: string; roleId: string; }' is not assignable to type 
'(Without<UserRoleCreateInput, UserRoleUncheckedCreateInput> & 
UserRoleUncheckedCreateInput) | (Without<...> & UserRoleCreateInput)'.
  Type '{ userId: string; roleId: string; }' is not assignable to type 
'Without<UserRoleUncheckedCreateInput, UserRoleCreateInput> & UserRoleCreateInput'.
    Type '{ userId: string; roleId: string; }' is not assignable to type 
'Without<UserRoleUncheckedCreateInput, UserRoleCreateInput>'.
      Types of property 'userId' are incompatible.
        Type 'string' is not assignable to type 'never'.

[7m1218[0m             data: {
[7m    [0m [91m            ~~~~[0m

  [96mnode_modules/.prisma/client/index.d.ts[0m:[93m72191[0m:[93m5[0m
    [7m72191[0m     data: XOR<UserRoleCreateInput, UserRoleUncheckedCreateInput>
    [7m     [0m [96m    ~~~~[0m
    The expected type comes from property 'data' which is declared here on type '{ 
select?: UserRoleSelect<DefaultArgs>; omit?: UserRoleOmit<DefaultArgs>; include?: 
UserRoleInclude<DefaultArgs>; data: (Without<...> & UserRoleUncheckedCreateInput) | 
(Without<...> & UserRoleCreateInput); }'
[96msrc/guard/guard.service.ts[0m:[93m1296[0m:[93m7[0m - [91merror[0m[90m 
TS2322: [0mType '{ locationId: string; employeeId: string; supervisorEmployeeId: string; 
clientId: string; deploymentDate: Date; }' is not assignable to type 
'(Without<AssignedSupervisorCreateInput, AssignedSupervisorUncheckedCreateInput> & 
AssignedSupervisorUncheckedCreateInput) | (Without<...> & AssignedSupervisorCreateInput)'.
  Type '{ locationId: string; employeeId: string; supervisorEmployeeId: string; clientId: 
string; deploymentDate: Date; }' is not assignable to type 
'Without<AssignedSupervisorUncheckedCreateInput, AssignedSupervisorCreateInput> & 
AssignedSupervisorCreateInput'.
    Type '{ locationId: string; employeeId: string; supervisorEmployeeId: string; 
clientId: string; deploymentDate: Date; }' is not assignable to type 
'Without<AssignedSupervisorUncheckedCreateInput, AssignedSupervisorCreateInput>'.
      Types of property 'employeeId' are incompatible.
        Type 'string' is not assignable to type 'never'.

[7m1296[0m       data: {
[7m    [0m [91m      ~~~~[0m

  [96mnode_modules/.prisma/client/index.d.ts[0m:[93m12296[0m:[93m5[0m
    [7m12296[0m     data: XOR<AssignedSupervisorCreateInput, 
AssignedSupervisorUncheckedCreateInput>
    [7m     [0m [96m    ~~~~[0m
    The expected type comes from property 'data' which is declared here on type '{ 
select?: AssignedSupervisorSelect<DefaultArgs>; omit?: 
AssignedSupervisorOmit<DefaultArgs>; include?: AssignedSupervisorInclude<...>; data: 
(Without<...> & AssignedSupervisorUncheckedCreateInput) | (Without<...> & 
AssignedSupervisorCreateInput); }'
[96msrc/guard/guard.service.ts[0m:[93m1304[0m:[93m9[0m - [91merror[0m[90m 
TS2561: [0mObject literal may only specify known properties, but 'location' does not 
exist in type 'AssignedSupervisorInclude<DefaultArgs>'. Did you mean to write 'locations'?

[7m1304[0m         location: true,
[7m    [0m [91m        ~~~~~~~~[0m

  [96mnode_modules/.prisma/client/index.d.ts[0m:[93m12292[0m:[93m5[0m
    [7m12292[0m     include?: AssignedSupervisorInclude<ExtArgs> | null
    [7m     [0m [96m    ~~~~~~~[0m
    The expected type comes from property 'include' which is declared here on type '{ 
select?: AssignedSupervisorSelect<DefaultArgs>; omit?: 
AssignedSupervisorOmit<DefaultArgs>; include?: AssignedSupervisorInclude<...>; data: 
(Without<...> & AssignedSupervisorUncheckedCreateInput) | (Without<...> & 
AssignedSupervisorCreateInput); }'
[96msrc/inventory/categories/categories.service.ts[0m:[93m16[0m:[93m9[0m - 
[91merror[0m[90m TS2322: [0mType '{ organizationId: string; name: string; 
description: string; isActive: true; }' is not assignable to type 
'(Without<ItemCategoryCreateInput, ItemCategoryUncheckedCreateInput> & 
ItemCategoryUncheckedCreateInput) | (Without<...> & ItemCategoryCreateInput)'.
  Type '{ organizationId: string; name: string; description: string; isActive: true; }' 
is not assignable to type 'Without<ItemCategoryUncheckedCreateInput, 
ItemCategoryCreateInput> & ItemCategoryCreateInput'.
    Type '{ organizationId: string; name: string; description: string; isActive: true; }' 
is not assignable to type 'Without<ItemCategoryUncheckedCreateInput, 
ItemCategoryCreateInput>'.
      Types of property 'organizationId' are incompatible.
        Type 'string' is not assignable to type 'never'.

[7m16[0m         data: {
[7m  [0m [91m        ~~~~[0m

  [96mnode_modules/.prisma/client/index.d.ts[0m:[93m44882[0m:[93m5[0m
    [7m44882[0m     data: XOR<ItemCategoryCreateInput, ItemCategoryUncheckedCreateInput>
    [7m     [0m [96m    ~~~~[0m
    The expected type comes from property 'data' which is declared here on type '{ 
select?: ItemCategorySelect<DefaultArgs>; omit?: ItemCategoryOmit<DefaultArgs>; include?: 
ItemCategoryInclude<DefaultArgs>; data: (Without<...> & ItemCategoryUncheckedCreateInput) 
| (Without<...> & ItemCategoryCreateInput); }'
[96msrc/inventory/categories/categories.service.ts[0m:[93m49[0m:[93m22[0m - 
[91merror[0m[90m TS2353: [0mObject literal may only specify known properties, and 
'groups' does not exist in type 'ItemCategoryInclude<DefaultArgs>'.

[7m49[0m           include: { groups: true, items: true },
[7m  [0m [91m                     ~~~~~~[0m

  [96mnode_modules/.prisma/client/index.d.ts[0m:[93m44831[0m:[93m5[0m
    [7m44831[0m     include?: ItemCategoryInclude<ExtArgs> | null
    [7m     [0m [96m    ~~~~~~~[0m
    The expected type comes from property 'include' which is declared here on type '{ 
select?: ItemCategorySelect<DefaultArgs>; omit?: ItemCategoryOmit<DefaultArgs>; include?: 
ItemCategoryInclude<DefaultArgs>; ... 5 more ...; distinct?: ItemCategoryScalarFieldEnum 
| ItemCategoryScalarFieldEnum[]; }'
[96msrc/inventory/categories/categories.service.ts[0m:[93m70[0m:[93m20[0m - 
[91merror[0m[90m TS2353: [0mObject literal may only specify known properties, and 
'groups' does not exist in type 'ItemCategoryInclude<DefaultArgs>'.

[7m70[0m         include: { groups: true, items: true },
[7m  [0m [91m                   ~~~~~~[0m

  [96mnode_modules/.prisma/client/index.d.ts[0m:[93m44727[0m:[93m5[0m
    [7m44727[0m     include?: ItemCategoryInclude<ExtArgs> | null
    [7m     [0m [96m    ~~~~~~~[0m
    The expected type comes from property 'include' which is declared here on type '{ 
select?: ItemCategorySelect<DefaultArgs>; omit?: ItemCategoryOmit<DefaultArgs>; include?: 
ItemCategoryInclude<DefaultArgs>; ... 5 more ...; distinct?: ItemCategoryScalarFieldEnum 
| ItemCategoryScalarFieldEnum[]; }'
[96msrc/inventory/grn/grn.service.ts[0m:[93m86[0m:[93m13[0m - [91merror[0m[90m 
TS2353: [0mObject literal may only specify known properties, and 'items' does not exist 
in type 'PurchaseOrderInclude<DefaultArgs>'.

[7m86[0m             items: true,
[7m  [0m [91m            ~~~~~[0m

  [96mnode_modules/.prisma/client/index.d.ts[0m:[93m54873[0m:[93m5[0m
    [7m54873[0m     include?: PurchaseOrderInclude<ExtArgs> | null
    [7m     [0m [96m    ~~~~~~~[0m
    The expected type comes from property 'include' which is declared here on type '{ 
select?: PurchaseOrderSelect<DefaultArgs>; omit?: PurchaseOrderOmit<DefaultArgs>; 
include?: PurchaseOrderInclude<DefaultArgs>; ... 5 more ...; distinct?: 
PurchaseOrderScalarFieldEnum | PurchaseOrderScalarFieldEnum[]; }'
[96msrc/inventory/grn/grn.service.ts[0m:[93m96[0m:[93m40[0m - [91merror[0m[90m 
TS2339: [0mProperty 'items' does not exist on type '{ id: string; createdAt: Date; 
updatedAt: Date; organizationId: string; officeId: string; status: POStatus; poNumber: 
string; prId: string; orderedBy: string; orderDate: Date; ... 8 more ...; notes: string; 
}'.

[7m96[0m           const poItemMap = new Map(po.items.map((pi: any) => [pi.id, pi]));
[7m  [0m [91m                                       ~~~~~[0m
[96msrc/inventory/grn/grn.service.ts[0m:[93m109[0m:[93m61[0m - [91merror[0m[90m 
TS2339: [0mProperty 'quantityOrdered' does not exist on type 'unknown'.

[7m109[0m               if ((grnItem.quantityReceived || 0) > (poItem.quantityOrdered 
|| 0)) {
[7m   [0m [91m                                                            
~~~~~~~~~~~~~~~[0m
[96msrc/inventory/grn/grn.service.ts[0m:[93m111[0m:[93m122[0m - [91merror[0m[90m 
TS2339: [0mProperty 'quantityOrdered' does not exist on type 'unknown'.

[7m111[0m                   `For PO Item: quantity received 
(${grnItem.quantityReceived}) cannot exceed quantity ordered (${poItem.quantityOrdered})`,
[7m   [0m [91m                                                                         
                                                ~~~~~~~~~~~~~~~[0m
[96msrc/inventory/grn/grn.service.ts[0m:[93m116[0m:[93m45[0m - [91merror[0m[90m 
TS2339: [0mProperty 'quantityReceived' does not exist on type 'unknown'.

[7m116[0m               const totalReceived = (poItem.quantityReceived || 0) + 
(grnItem.quantityReceived || 0);
[7m   [0m [91m                                            ~~~~~~~~~~~~~~~~[0m
[96msrc/inventory/grn/grn.service.ts[0m:[93m117[0m:[93m43[0m - [91merror[0m[90m 
TS2339: [0mProperty 'quantityOrdered' does not exist on type 'unknown'.

[7m117[0m               if (totalReceived > (poItem.quantityOrdered || 0)) {
[7m   [0m [91m                                          ~~~~~~~~~~~~~~~[0m
[96msrc/inventory/grn/grn.service.ts[0m:[93m119[0m:[93m116[0m - [91merror[0m[90m 
TS2339: [0mProperty 'quantityOrdered' does not exist on type 'unknown'.

[7m119[0m                   `For PO Item: total received quantity (${totalReceived}) 
would exceed ordered quantity (${poItem.quantityOrdered})`,
[7m   [0m [91m                                                                         
                                          ~~~~~~~~~~~~~~~[0m
[96msrc/inventory/grn/grn.service.ts[0m:[93m159[0m:[93m11[0m - [91merror[0m[90m 
TS2353: [0mObject literal may only specify known properties, and 'items' does not exist 
in type '(Without<GrnCreateInput, GrnUncheckedCreateInput> & GrnUncheckedCreateInput) | 
(Without<GrnUncheckedCreateInput, GrnCreateInput> & GrnCreateInput)'.

[7m159[0m           items: {
[7m   [0m [91m          ~~~~~[0m

  [96mnode_modules/.prisma/client/index.d.ts[0m:[93m25887[0m:[93m5[0m
    [7m25887[0m     data: XOR<GrnCreateInput, GrnUncheckedCreateInput>
    [7m     [0m [96m    ~~~~[0m
    The expected type comes from property 'data' which is declared here on type '{ 
select?: GrnSelect<DefaultArgs>; omit?: GrnOmit<DefaultArgs>; include?: 
GrnInclude<DefaultArgs>; data: (Without<...> & GrnUncheckedCreateInput) | (Without<...> & 
GrnCreateInput); }'
[96msrc/inventory/grn/grn.service.ts[0m:[93m185[0m:[93m11[0m - [91merror[0m[90m 
TS2353: [0mObject literal may only specify known properties, and 'items' does not exist 
in type 'GrnInclude<DefaultArgs>'.

[7m185[0m           items: {
[7m   [0m [91m          ~~~~~[0m

  [96mnode_modules/.prisma/client/index.d.ts[0m:[93m25883[0m:[93m5[0m
    [7m25883[0m     include?: GrnInclude<ExtArgs> | null
    [7m     [0m [96m    ~~~~~~~[0m
    The expected type comes from property 'include' which is declared here on type '{ 
select?: GrnSelect<DefaultArgs>; omit?: GrnOmit<DefaultArgs>; include?: 
GrnInclude<DefaultArgs>; data: (Without<...> & GrnUncheckedCreateInput) | (Without<...> & 
GrnCreateInput); }'
[96msrc/inventory/grn/grn.service.ts[0m:[93m260[0m:[93m13[0m - [91merror[0m[90m 
TS2353: [0mObject literal may only specify known properties, and 'items' does not exist 
in type 'GrnInclude<DefaultArgs>'.

[7m260[0m             items: {
[7m   [0m [91m            ~~~~~[0m

  [96mnode_modules/.prisma/client/index.d.ts[0m:[93m25836[0m:[93m5[0m
    [7m25836[0m     include?: GrnInclude<ExtArgs> | null
    [7m     [0m [96m    ~~~~~~~[0m
    The expected type comes from property 'include' which is declared here on type '{ 
select?: GrnSelect<DefaultArgs>; omit?: GrnOmit<DefaultArgs>; include?: 
GrnInclude<DefaultArgs>; where?: GrnWhereInput; ... 4 more ...; distinct?: 
GrnScalarFieldEnum | GrnScalarFieldEnum[]; }'
[96msrc/inventory/grn/grn.service.ts[0m:[93m316[0m:[93m11[0m - [91merror[0m[90m 
TS2353: [0mObject literal may only specify known properties, and 'items' does not exist 
in type 'GrnInclude<DefaultArgs>'.

[7m316[0m           items: {
[7m   [0m [91m          ~~~~~[0m

  [96mnode_modules/.prisma/client/index.d.ts[0m:[93m25732[0m:[93m5[0m
    [7m25732[0m     include?: GrnInclude<ExtArgs> | null
    [7m     [0m [96m    ~~~~~~~[0m
    The expected type comes from property 'include' which is declared here on type '{ 
select?: GrnSelect<DefaultArgs>; omit?: GrnOmit<DefaultArgs>; include?: 
GrnInclude<DefaultArgs>; where?: GrnWhereInput; ... 4 more ...; distinct?: 
GrnScalarFieldEnum | GrnScalarFieldEnum[]; }'
[96msrc/inventory/grn/grn.service.ts[0m:[93m402[0m:[93m11[0m - [91merror[0m[90m 
TS2353: [0mObject literal may only specify known properties, and 'items' does not exist 
in type 'GrnInclude<DefaultArgs>'.

[7m402[0m           items: {
[7m   [0m [91m          ~~~~~[0m

  [96mnode_modules/.prisma/client/index.d.ts[0m:[93m25939[0m:[93m5[0m
    [7m25939[0m     include?: GrnInclude<ExtArgs> | null
    [7m     [0m [96m    ~~~~~~~[0m
    The expected type comes from property 'include' which is declared here on type '{ 
select?: GrnSelect<DefaultArgs>; omit?: GrnOmit<DefaultArgs>; include?: 
GrnInclude<DefaultArgs>; data: (Without<...> & GrnUncheckedUpdateInput) | (Without<...> & 
GrnUpdateInput); where: GrnWhereUniqueInput; }'
[96msrc/inventory/grn/grn.service.ts[0m:[93m515[0m:[93m11[0m - [91merror[0m[90m 
TS2353: [0mObject literal may only specify known properties, and 'items' does not exist 
in type 'GrnInclude<DefaultArgs>'.

[7m515[0m           items: {
[7m   [0m [91m          ~~~~~[0m

  [96mnode_modules/.prisma/client/index.d.ts[0m:[93m25939[0m:[93m5[0m
    [7m25939[0m     include?: GrnInclude<ExtArgs> | null
    [7m     [0m [96m    ~~~~~~~[0m
    The expected type comes from property 'include' which is declared here on type '{ 
select?: GrnSelect<DefaultArgs>; omit?: GrnOmit<DefaultArgs>; include?: 
GrnInclude<DefaultArgs>; data: (Without<...> & GrnUncheckedUpdateInput) | (Without<...> & 
GrnUpdateInput); where: GrnWhereUniqueInput; }'
[96msrc/inventory/grn/grn.service.ts[0m:[93m588[0m:[93m11[0m - [91merror[0m[90m 
TS2353: [0mObject literal may only specify known properties, and 'items' does not exist 
in type 'GrnInclude<DefaultArgs>'.

[7m588[0m           items: {
[7m   [0m [91m          ~~~~~[0m

  [96mnode_modules/.prisma/client/index.d.ts[0m:[93m25732[0m:[93m5[0m
    [7m25732[0m     include?: GrnInclude<ExtArgs> | null
    [7m     [0m [96m    ~~~~~~~[0m
    The expected type comes from property 'include' which is declared here on type '{ 
select?: GrnSelect<DefaultArgs>; omit?: GrnOmit<DefaultArgs>; include?: 
GrnInclude<DefaultArgs>; where?: GrnWhereInput; ... 4 more ...; distinct?: 
GrnScalarFieldEnum | GrnScalarFieldEnum[]; }'
[96msrc/inventory/grn/grn.service.ts[0m:[93m624[0m:[93m38[0m - [91merror[0m[90m 
TS2339: [0mProperty 'items' does not exist on type '{ id: string; createdAt: Date; 
updatedAt: Date; organizationId: string; status: GRNStatus; totalAmount: Decimal; notes: 
string; grnNumber: string; poId: string; ... 7 more ...; totalQuantity: number; }'.

[7m624[0m       const grnItemMap = new Map(grn.items.map((item) => [item.id, item]));
[7m   [0m [91m                                     ~~~~~[0m
[96msrc/inventory/grn/grn.service.ts[0m:[93m721[0m:[93m17[0m - [91merror[0m[90m 
TS2322: [0mType '{ organizationId: string; storeId: string; itemId: any; quantityOnHand: 
any; quantityReserved: number; quantityAvailable: any; lastCountedDate: Date; }' is not 
assignable to type '(Without<InventoryCreateInput, InventoryUncheckedCreateInput> & 
InventoryUncheckedCreateInput) | (Without<...> & InventoryCreateInput)'.
  Type '{ organizationId: string; storeId: string; itemId: any; quantityOnHand: any; 
quantityReserved: number; quantityAvailable: any; lastCountedDate: Date; }' is not 
assignable to type 'Without<InventoryUncheckedCreateInput, InventoryCreateInput> & 
InventoryCreateInput'.
    Type '{ organizationId: string; storeId: string; itemId: any; quantityOnHand: any; 
quantityReserved: number; quantityAvailable: any; lastCountedDate: Date; }' is not 
assignable to type 'Without<InventoryUncheckedCreateInput, InventoryCreateInput>'.
      Types of property 'organizationId' are incompatible.
        Type 'string' is not assignable to type 'never'.

[7m721[0m                 data: {
[7m   [0m [91m                ~~~~[0m

  [96mnode_modules/.prisma/client/index.d.ts[0m:[93m37444[0m:[93m5[0m
    [7m37444[0m     data: XOR<InventoryCreateInput, InventoryUncheckedCreateInput>
    [7m     [0m [96m    ~~~~[0m
    The expected type comes from property 'data' which is declared here on type '{ 
select?: InventorySelect<DefaultArgs>; omit?: InventoryOmit<DefaultArgs>; include?: 
InventoryInclude<DefaultArgs>; data: (Without<...> & InventoryUncheckedCreateInput) | 
(Without<...> & InventoryCreateInput); }'
[96msrc/inventory/grn/grn.service.ts[0m:[93m774[0m:[93m43[0m - [91merror[0m[90m 
TS2339: [0mProperty 'items' does not exist on type '{ id: string; createdAt: Date; 
updatedAt: Date; organizationId: string; status: GRNStatus; totalAmount: Decimal; notes: 
string; grnNumber: string; poId: string; ... 7 more ...; totalQuantity: number; }'.

[7m774[0m         const allItemsFullyReceived = grn.items.every((item) => {
[7m   [0m [91m                                          ~~~~~[0m
[96msrc/inventory/grn/grn.service.ts[0m:[93m822[0m:[93m13[0m - [91merror[0m[90m 
TS2353: [0mObject literal may only specify known properties, and 'items' does not exist 
in type 'GrnInclude<DefaultArgs>'.

[7m822[0m             items: {
[7m   [0m [91m            ~~~~~[0m

  [96mnode_modules/.prisma/client/index.d.ts[0m:[93m25939[0m:[93m5[0m
    [7m25939[0m     include?: GrnInclude<ExtArgs> | null
    [7m     [0m [96m    ~~~~~~~[0m
    The expected type comes from property 'include' which is declared here on type '{ 
select?: GrnSelect<DefaultArgs>; omit?: GrnOmit<DefaultArgs>; include?: 
GrnInclude<DefaultArgs>; data: (Without<...> & GrnUncheckedUpdateInput) | (Without<...> & 
GrnUpdateInput); where: GrnWhereUniqueInput; }'
[96msrc/inventory/groups/groups.service.ts[0m:[93m16[0m:[93m9[0m - 
[91merror[0m[90m TS2322: [0mType '{ organizationId: string; name: string; 
description: string; categoryId: string; isActive: true; }' is not assignable to type 
'(Without<ItemGroupCreateInput, ItemGroupUncheckedCreateInput> & 
ItemGroupUncheckedCreateInput) | (Without<...> & ItemGroupCreateInput)'.
  Type '{ organizationId: string; name: string; description: string; categoryId: string; 
isActive: true; }' is not assignable to type 'Without<ItemGroupUncheckedCreateInput, 
ItemGroupCreateInput> & ItemGroupCreateInput'.
    Type '{ organizationId: string; name: string; description: string; categoryId: 
string; isActive: true; }' is not assignable to type 
'Without<ItemGroupUncheckedCreateInput, ItemGroupCreateInput>'.
      Types of property 'organizationId' are incompatible.
        Type 'string' is not assignable to type 'never'.

[7m16[0m         data: {
[7m  [0m [91m        ~~~~[0m

  [96mnode_modules/.prisma/client/index.d.ts[0m:[93m46041[0m:[93m5[0m
    [7m46041[0m     data: XOR<ItemGroupCreateInput, ItemGroupUncheckedCreateInput>
    [7m     [0m [96m    ~~~~[0m
    The expected type comes from property 'data' which is declared here on type '{ 
select?: ItemGroupSelect<DefaultArgs>; omit?: ItemGroupOmit<DefaultArgs>; include?: 
ItemGroupInclude<DefaultArgs>; data: (Without<...> & ItemGroupUncheckedCreateInput) | 
(Without<...> & ItemGroupCreateInput); }'
[96msrc/inventory/groups/groups.service.ts[0m:[93m23[0m:[93m20[0m - 
[91merror[0m[90m TS2353: [0mObject literal may only specify known properties, and 
'category' does not exist in type 'ItemGroupInclude<DefaultArgs>'.

[7m23[0m         include: { category: true, items: true },
[7m  [0m [91m                   ~~~~~~~~[0m

  [96mnode_modules/.prisma/client/index.d.ts[0m:[93m46037[0m:[93m5[0m
    [7m46037[0m     include?: ItemGroupInclude<ExtArgs> | null
    [7m     [0m [96m    ~~~~~~~[0m
    The expected type comes from property 'include' which is declared here on type '{ 
select?: ItemGroupSelect<DefaultArgs>; omit?: ItemGroupOmit<DefaultArgs>; include?: 
ItemGroupInclude<DefaultArgs>; data: (Without<...> & ItemGroupUncheckedCreateInput) | 
(Without<...> & ItemGroupCreateInput); }'
[96msrc/inventory/groups/groups.service.ts[0m:[93m55[0m:[93m22[0m - 
[91merror[0m[90m TS2353: [0mObject literal may only specify known properties, and 
'category' does not exist in type 'ItemGroupInclude<DefaultArgs>'.

[7m55[0m           include: { category: true, items: true },
[7m  [0m [91m                     ~~~~~~~~[0m

  [96mnode_modules/.prisma/client/index.d.ts[0m:[93m45990[0m:[93m5[0m
    [7m45990[0m     include?: ItemGroupInclude<ExtArgs> | null
    [7m     [0m [96m    ~~~~~~~[0m
    The expected type comes from property 'include' which is declared here on type '{ 
select?: ItemGroupSelect<DefaultArgs>; omit?: ItemGroupOmit<DefaultArgs>; include?: 
ItemGroupInclude<DefaultArgs>; ... 5 more ...; distinct?: ItemGroupScalarFieldEnum | 
ItemGroupScalarFieldEnum[]; }'
[96msrc/inventory/groups/groups.service.ts[0m:[93m76[0m:[93m20[0m - 
[91merror[0m[90m TS2353: [0mObject literal may only specify known properties, and 
'category' does not exist in type 'ItemGroupInclude<DefaultArgs>'.

[7m76[0m         include: { category: true, items: true },
[7m  [0m [91m                   ~~~~~~~~[0m

  [96mnode_modules/.prisma/client/index.d.ts[0m:[93m45886[0m:[93m5[0m
    [7m45886[0m     include?: ItemGroupInclude<ExtArgs> | null
    [7m     [0m [96m    ~~~~~~~[0m
    The expected type comes from property 'include' which is declared here on type '{ 
select?: ItemGroupSelect<DefaultArgs>; omit?: ItemGroupOmit<DefaultArgs>; include?: 
ItemGroupInclude<DefaultArgs>; ... 5 more ...; distinct?: ItemGroupScalarFieldEnum | 
ItemGroupScalarFieldEnum[]; }'
[96msrc/inventory/groups/groups.service.ts[0m:[93m102[0m:[93m20[0m - 
[91merror[0m[90m TS2353: [0mObject literal may only specify known properties, and 
'category' does not exist in type 'ItemGroupInclude<DefaultArgs>'.

[7m102[0m         include: { category: true, items: true },
[7m   [0m [91m                   ~~~~~~~~[0m

  [96mnode_modules/.prisma/client/index.d.ts[0m:[93m46093[0m:[93m5[0m
    [7m46093[0m     include?: ItemGroupInclude<ExtArgs> | null
    [7m     [0m [96m    ~~~~~~~[0m
    The expected type comes from property 'include' which is declared here on type '{ 
select?: ItemGroupSelect<DefaultArgs>; omit?: ItemGroupOmit<DefaultArgs>; include?: 
ItemGroupInclude<DefaultArgs>; data: (Without<...> & ItemGroupUncheckedUpdateInput) | 
(Without<...> & ItemGroupUpdateInput); where: ItemGroupWhereUniqueInput; }'
[96msrc/inventory/groups/groups.service.ts[0m:[93m138[0m:[93m20[0m - 
[91merror[0m[90m TS2353: [0mObject literal may only specify known properties, and 
'category' does not exist in type 'ItemGroupInclude<DefaultArgs>'.

[7m138[0m         include: { category: true, items: true },
[7m   [0m [91m                   ~~~~~~~~[0m

  [96mnode_modules/.prisma/client/index.d.ts[0m:[93m46093[0m:[93m5[0m
    [7m46093[0m     include?: ItemGroupInclude<ExtArgs> | null
    [7m     [0m [96m    ~~~~~~~[0m
    The expected type comes from property 'include' which is declared here on type '{ 
select?: ItemGroupSelect<DefaultArgs>; omit?: ItemGroupOmit<DefaultArgs>; include?: 
ItemGroupInclude<DefaultArgs>; data: (Without<...> & ItemGroupUncheckedUpdateInput) | 
(Without<...> & ItemGroupUpdateInput); where: ItemGroupWhereUniqueInput; }'
[96msrc/inventory/inventory-cards/inventory-cards.service.ts[0m:[93m49[0m:[93m11[0m 
- [91merror[0m[90m TS2353: [0mObject literal may only specify known properties, and 
'items' does not exist in type '(Without<InventoryCardCreateInput, 
InventoryCardUncheckedCreateInput> & InventoryCardUncheckedCreateInput) | (Without<...> & 
InventoryCardCreateInput)'.

[7m49[0m           items: {
[7m  [0m [91m          ~~~~~[0m

  [96mnode_modules/.prisma/client/index.d.ts[0m:[93m38602[0m:[93m5[0m
    [7m38602[0m     data: XOR<InventoryCardCreateInput, 
InventoryCardUncheckedCreateInput>
    [7m     [0m [96m    ~~~~[0m
    The expected type comes from property 'data' which is declared here on type '{ 
select?: InventoryCardSelect<DefaultArgs>; omit?: InventoryCardOmit<DefaultArgs>; 
include?: InventoryCardInclude<DefaultArgs>; data: (Without<...> & 
InventoryCardUncheckedCreateInput) | (Without<...> & InventoryCardCreateInput); }'
[96msrc/inventory/inventory-cards/inventory-cards.service.ts[0m:[93m62[0m:[93m11[0m 
- [91merror[0m[90m TS2561: [0mObject literal may only specify known properties, but 
'store' does not exist in type 'InventoryCardInclude<DefaultArgs>'. Did you mean to write 
'Store'?

[7m62[0m           store: true,
[7m  [0m [91m          ~~~~~[0m

  [96mnode_modules/.prisma/client/index.d.ts[0m:[93m38598[0m:[93m5[0m
    [7m38598[0m     include?: InventoryCardInclude<ExtArgs> | null
    [7m     [0m [96m    ~~~~~~~[0m
    The expected type comes from property 'include' which is declared here on type '{ 
select?: InventoryCardSelect<DefaultArgs>; omit?: InventoryCardOmit<DefaultArgs>; 
include?: InventoryCardInclude<DefaultArgs>; data: (Without<...> & 
InventoryCardUncheckedCreateInput) | (Without<...> & InventoryCardCreateInput); }'
[96msrc/inventory/inventory-cards/inventory-cards.service.ts[0m:[93m91[0m:[93m13[0m 
- [91merror[0m[90m TS2561: [0mObject literal may only specify known properties, but 
'store' does not exist in type 'InventoryCardInclude<DefaultArgs>'. Did you mean to write 
'Store'?

[7m91[0m             store: true,
[7m  [0m [91m            ~~~~~[0m

  [96mnode_modules/.prisma/client/index.d.ts[0m:[93m38551[0m:[93m5[0m
    [7m38551[0m     include?: InventoryCardInclude<ExtArgs> | null
    [7m     [0m [96m    ~~~~~~~[0m
    The expected type comes from property 'include' which is declared here on type '{ 
select?: InventoryCardSelect<DefaultArgs>; omit?: InventoryCardOmit<DefaultArgs>; 
include?: InventoryCardInclude<DefaultArgs>; ... 5 more ...; distinct?: 
InventoryCardScalarFieldEnum | InventoryCardScalarFieldEnum[]; }'
[96msrc/inventory/inventory-cards/inventory-cards.service.ts[0m:[93m119[0m:[93m11[0m
 - [91merror[0m[90m TS2561: [0mObject literal may only specify known properties, but 
'store' does not exist in type 'InventoryCardInclude<DefaultArgs>'. Did you mean to write 
'Store'?

[7m119[0m           store: true,
[7m   [0m [91m          ~~~~~[0m

  [96mnode_modules/.prisma/client/index.d.ts[0m:[93m38447[0m:[93m5[0m
    [7m38447[0m     include?: InventoryCardInclude<ExtArgs> | null
    [7m     [0m [96m    ~~~~~~~[0m
    The expected type comes from property 'include' which is declared here on type '{ 
select?: InventoryCardSelect<DefaultArgs>; omit?: InventoryCardOmit<DefaultArgs>; 
include?: InventoryCardInclude<DefaultArgs>; ... 5 more ...; distinct?: 
InventoryCardScalarFieldEnum | InventoryCardScalarFieldEnum[]; }'
[96msrc/inventory/inventory-cards/inventory-cards.service.ts[0m:[93m152[0m:[93m11[0m
 - [91merror[0m[90m TS2561: [0mObject literal may only specify known properties, but 
'store' does not exist in type 'InventoryCardInclude<DefaultArgs>'. Did you mean to write 
'Store'?

[7m152[0m           store: true,
[7m   [0m [91m          ~~~~~[0m

  [96mnode_modules/.prisma/client/index.d.ts[0m:[93m38654[0m:[93m5[0m
    [7m38654[0m     include?: InventoryCardInclude<ExtArgs> | null
    [7m     [0m [96m    ~~~~~~~[0m
    The expected type comes from property 'include' which is declared here on type '{ 
select?: InventoryCardSelect<DefaultArgs>; omit?: InventoryCardOmit<DefaultArgs>; 
include?: InventoryCardInclude<DefaultArgs>; data: (Without<...> & 
InventoryCardUncheckedUpdateInput) | (Without<...> & InventoryCardUpdateInput); where: 
InventoryCardWhereUniqueInput; }'
[96msrc/inventory/inventory-cards/inventory-cards.service.ts[0m:[93m201[0m:[93m11[0m
 - [91merror[0m[90m TS2561: [0mObject literal may only specify known properties, but 
'store' does not exist in type 'InventoryCardInclude<DefaultArgs>'. Did you mean to write 
'Store'?

[7m201[0m           store: true,
[7m   [0m [91m          ~~~~~[0m

  [96mnode_modules/.prisma/client/index.d.ts[0m:[93m38654[0m:[93m5[0m
    [7m38654[0m     include?: InventoryCardInclude<ExtArgs> | null
    [7m     [0m [96m    ~~~~~~~[0m
    The expected type comes from property 'include' which is declared here on type '{ 
select?: InventoryCardSelect<DefaultArgs>; omit?: InventoryCardOmit<DefaultArgs>; 
include?: InventoryCardInclude<DefaultArgs>; data: (Without<...> & 
InventoryCardUncheckedUpdateInput) | (Without<...> & InventoryCardUpdateInput); where: 
InventoryCardWhereUniqueInput; }'
[96msrc/inventory/inventory/inventory.service.ts[0m:[93m47[0m:[93m9[0m - 
[91merror[0m[90m TS2322: [0mType '{ organizationId: string; storeId: string; itemId: 
string; quantityOnHand: number; quantityReserved: number; quantityAvailable: number; 
minStockLevel: number; maxStockLevel: number; }' is not assignable to type 
'(Without<InventoryCreateInput, InventoryUncheckedCreateInput> & 
InventoryUncheckedCreateInput) | (Without<...> & InventoryCreateInput)'.
  Type '{ organizationId: string; storeId: string; itemId: string; quantityOnHand: 
number; quantityReserved: number; quantityAvailable: number; minStockLevel: number; 
maxStockLevel: number; }' is not assignable to type 
'Without<InventoryUncheckedCreateInput, InventoryCreateInput> & InventoryCreateInput'.
    Type '{ organizationId: string; storeId: string; itemId: string; quantityOnHand: 
number; quantityReserved: number; quantityAvailable: number; minStockLevel: number; 
maxStockLevel: number; }' is not assignable to type 
'Without<InventoryUncheckedCreateInput, InventoryCreateInput>'.
      Types of property 'organizationId' are incompatible.
        Type 'string' is not assignable to type 'never'.

[7m47[0m         data: {
[7m  [0m [91m        ~~~~[0m

  [96mnode_modules/.prisma/client/index.d.ts[0m:[93m37444[0m:[93m5[0m
    [7m37444[0m     data: XOR<InventoryCreateInput, InventoryUncheckedCreateInput>
    [7m     [0m [96m    ~~~~[0m
    The expected type comes from property 'data' which is declared here on type '{ 
select?: InventorySelect<DefaultArgs>; omit?: InventoryOmit<DefaultArgs>; include?: 
InventoryInclude<DefaultArgs>; data: (Without<...> & InventoryUncheckedCreateInput) | 
(Without<...> & InventoryCreateInput); }'
[96msrc/inventory/inventory/inventory.service.ts[0m:[93m58[0m:[93m11[0m - 
[91merror[0m[90m TS2561: [0mObject literal may only specify known properties, but 
'store' does not exist in type 'InventoryInclude<DefaultArgs>'. Did you mean to write 
'Store'?

[7m58[0m           store: true,
[7m  [0m [91m          ~~~~~[0m

  [96mnode_modules/.prisma/client/index.d.ts[0m:[93m37440[0m:[93m5[0m
    [7m37440[0m     include?: InventoryInclude<ExtArgs> | null
    [7m     [0m [96m    ~~~~~~~[0m
    The expected type comes from property 'include' which is declared here on type '{ 
select?: InventorySelect<DefaultArgs>; omit?: InventoryOmit<DefaultArgs>; include?: 
InventoryInclude<DefaultArgs>; data: (Without<...> & InventoryUncheckedCreateInput) | 
(Without<...> & InventoryCreateInput); }'
[96msrc/inventory/inventory/inventory.service.ts[0m:[93m81[0m:[93m11[0m - 
[91merror[0m[90m TS2561: [0mObject literal may only specify known properties, but 
'store' does not exist in type 'InventoryInclude<DefaultArgs>'. Did you mean to write 
'Store'?

[7m81[0m           store: true,
[7m  [0m [91m          ~~~~~[0m

  [96mnode_modules/.prisma/client/index.d.ts[0m:[93m37393[0m:[93m5[0m
    [7m37393[0m     include?: InventoryInclude<ExtArgs> | null
    [7m     [0m [96m    ~~~~~~~[0m
    The expected type comes from property 'include' which is declared here on type '{ 
select?: InventorySelect<DefaultArgs>; omit?: InventoryOmit<DefaultArgs>; include?: 
InventoryInclude<DefaultArgs>; ... 5 more ...; distinct?: InventoryScalarFieldEnum | 
InventoryScalarFieldEnum[]; }'
[96msrc/inventory/inventory/inventory.service.ts[0m:[93m111[0m:[93m11[0m - 
[91merror[0m[90m TS2561: [0mObject literal may only specify known properties, but 
'store' does not exist in type 'InventoryInclude<DefaultArgs>'. Did you mean to write 
'Store'?

[7m111[0m           store: true,
[7m   [0m [91m          ~~~~~[0m

  [96mnode_modules/.prisma/client/index.d.ts[0m:[93m37289[0m:[93m5[0m
    [7m37289[0m     include?: InventoryInclude<ExtArgs> | null
    [7m     [0m [96m    ~~~~~~~[0m
    The expected type comes from property 'include' which is declared here on type '{ 
select?: InventorySelect<DefaultArgs>; omit?: InventoryOmit<DefaultArgs>; include?: 
InventoryInclude<DefaultArgs>; ... 5 more ...; distinct?: InventoryScalarFieldEnum | 
InventoryScalarFieldEnum[]; }'
[96msrc/inventory/inventory/inventory.service.ts[0m:[93m143[0m:[93m11[0m - 
[91merror[0m[90m TS2561: [0mObject literal may only specify known properties, but 
'store' does not exist in type 'InventoryInclude<DefaultArgs>'. Did you mean to write 
'Store'?

[7m143[0m           store: true,
[7m   [0m [91m          ~~~~~[0m

  [96mnode_modules/.prisma/client/index.d.ts[0m:[93m37496[0m:[93m5[0m
    [7m37496[0m     include?: InventoryInclude<ExtArgs> | null
    [7m     [0m [96m    ~~~~~~~[0m
    The expected type comes from property 'include' which is declared here on type '{ 
select?: InventorySelect<DefaultArgs>; omit?: InventoryOmit<DefaultArgs>; include?: 
InventoryInclude<DefaultArgs>; data: (Without<...> & InventoryUncheckedUpdateInput) | 
(Without<...> & InventoryUpdateInput); where: InventoryWhereUniqueInput; }'
[96msrc/inventory/inventory/inventory.service.ts[0m:[93m181[0m:[93m11[0m - 
[91merror[0m[90m TS2561: [0mObject literal may only specify known properties, but 
'store' does not exist in type 'InventoryInclude<DefaultArgs>'. Did you mean to write 
'Store'?

[7m181[0m           store: true,
[7m   [0m [91m          ~~~~~[0m

  [96mnode_modules/.prisma/client/index.d.ts[0m:[93m37289[0m:[93m5[0m
    [7m37289[0m     include?: InventoryInclude<ExtArgs> | null
    [7m     [0m [96m    ~~~~~~~[0m
    The expected type comes from property 'include' which is declared here on type '{ 
select?: InventorySelect<DefaultArgs>; omit?: InventoryOmit<DefaultArgs>; include?: 
InventoryInclude<DefaultArgs>; ... 5 more ...; distinct?: InventoryScalarFieldEnum | 
InventoryScalarFieldEnum[]; }'
[96msrc/inventory/inventory/inventory.service.ts[0m:[93m218[0m:[93m11[0m - 
[91merror[0m[90m TS2561: [0mObject literal may only specify known properties, but 
'store' does not exist in type 'InventoryInclude<DefaultArgs>'. Did you mean to write 
'Store'?

[7m218[0m           store: true,
[7m   [0m [91m          ~~~~~[0m

  [96mnode_modules/.prisma/client/index.d.ts[0m:[93m37496[0m:[93m5[0m
    [7m37496[0m     include?: InventoryInclude<ExtArgs> | null
    [7m     [0m [96m    ~~~~~~~[0m
    The expected type comes from property 'include' which is declared here on type '{ 
select?: InventorySelect<DefaultArgs>; omit?: InventoryOmit<DefaultArgs>; include?: 
InventoryInclude<DefaultArgs>; data: (Without<...> & InventoryUncheckedUpdateInput) | 
(Without<...> & InventoryUpdateInput); where: InventoryWhereUniqueInput; }'
[96msrc/inventory/inventory/inventory.service.ts[0m:[93m241[0m:[93m11[0m - 
[91merror[0m[90m TS2561: [0mObject literal may only specify known properties, but 
'store' does not exist in type 'InventoryInclude<DefaultArgs>'. Did you mean to write 
'Store'?

[7m241[0m           store: true,
[7m   [0m [91m          ~~~~~[0m

  [96mnode_modules/.prisma/client/index.d.ts[0m:[93m37393[0m:[93m5[0m
    [7m37393[0m     include?: InventoryInclude<ExtArgs> | null
    [7m     [0m [96m    ~~~~~~~[0m
    The expected type comes from property 'include' which is declared here on type '{ 
select?: InventorySelect<DefaultArgs>; omit?: InventoryOmit<DefaultArgs>; include?: 
InventoryInclude<DefaultArgs>; ... 5 more ...; distinct?: InventoryScalarFieldEnum | 
InventoryScalarFieldEnum[]; }'
[96msrc/inventory/inventory/inventory.service.ts[0m:[93m270[0m:[93m11[0m - 
[91merror[0m[90m TS2561: [0mObject literal may only specify known properties, but 
'store' does not exist in type 'InventoryInclude<DefaultArgs>'. Did you mean to write 
'Store'?

[7m270[0m           store: true,
[7m   [0m [91m          ~~~~~[0m

  [96mnode_modules/.prisma/client/index.d.ts[0m:[93m37393[0m:[93m5[0m
    [7m37393[0m     include?: InventoryInclude<ExtArgs> | null
    [7m     [0m [96m    ~~~~~~~[0m
    The expected type comes from property 'include' which is declared here on type '{ 
select?: InventorySelect<DefaultArgs>; omit?: InventoryOmit<DefaultArgs>; include?: 
InventoryInclude<DefaultArgs>; ... 5 more ...; distinct?: InventoryScalarFieldEnum | 
InventoryScalarFieldEnum[]; }'
[96msrc/inventory/issuances/issuances.service.ts[0m:[93m58[0m:[93m13[0m - 
[91merror[0m[90m TS2353: [0mObject literal may only specify known properties, and 
'items' does not exist in type '(Without<IssuanceRegisterCreateInput, 
IssuanceRegisterUncheckedCreateInput> & IssuanceRegisterUncheckedCreateInput) | 
(Without<...> & IssuanceRegisterCreateInput)'.

[7m58[0m             items: {
[7m  [0m [91m            ~~~~~[0m

  [96mnode_modules/.prisma/client/index.d.ts[0m:[93m42106[0m:[93m5[0m
    [7m42106[0m     data: XOR<IssuanceRegisterCreateInput, 
IssuanceRegisterUncheckedCreateInput>
    [7m     [0m [96m    ~~~~[0m
    The expected type comes from property 'data' which is declared here on type '{ 
select?: IssuanceRegisterSelect<DefaultArgs>; omit?: IssuanceRegisterOmit<DefaultArgs>; 
include?: IssuanceRegisterInclude<DefaultArgs>; data: (Without<...> & 
IssuanceRegisterUncheckedCreateInput) | (Without<...> & IssuanceRegisterCreateInput); }'
[96msrc/inventory/issuances/issuances.service.ts[0m:[93m70[0m:[93m13[0m - 
[91merror[0m[90m TS2561: [0mObject literal may only specify known properties, but 
'guard' does not exist in type 'IssuanceRegisterInclude<DefaultArgs>'. Did you mean to 
write 'Guard'?

[7m70[0m             guard: true,
[7m  [0m [91m            ~~~~~[0m

  [96mnode_modules/.prisma/client/index.d.ts[0m:[93m42102[0m:[93m5[0m
    [7m42102[0m     include?: IssuanceRegisterInclude<ExtArgs> | null
    [7m     [0m [96m    ~~~~~~~[0m
    The expected type comes from property 'include' which is declared here on type '{ 
select?: IssuanceRegisterSelect<DefaultArgs>; omit?: IssuanceRegisterOmit<DefaultArgs>; 
include?: IssuanceRegisterInclude<DefaultArgs>; data: (Without<...> & 
IssuanceRegisterUncheckedCreateInput) | (Without<...> & IssuanceRegisterCreateInput); }'
[96msrc/inventory/issuances/issuances.service.ts[0m:[93m108[0m:[93m13[0m - 
[91merror[0m[90m TS2322: [0mType '{ organizationId: string; storeId: string; itemId: 
string; movementType: any; quantity: number; referenceType: string; referenceId: string; 
referenceNumber: string; movedBy: string; }' is not assignable to type 
'(Without<StockMovementCreateInput, StockMovementUncheckedCreateInput> & 
StockMovementUncheckedCreateInput) | (Without<...> & StockMovementCreateInput)'.
  Type '{ organizationId: string; storeId: string; itemId: string; movementType: any; 
quantity: number; referenceType: string; referenceId: string; referenceNumber: string; 
movedBy: string; }' is not assignable to type 'Without<StockMovementUncheckedCreateInput, 
StockMovementCreateInput> & StockMovementCreateInput'.
    Type '{ organizationId: string; storeId: string; itemId: string; movementType: any; 
quantity: number; referenceType: string; referenceId: string; referenceNumber: string; 
movedBy: string; }' is not assignable to type 'Without<StockMovementUncheckedCreateInput, 
StockMovementCreateInput>'.
      Types of property 'organizationId' are incompatible.
        Type 'string' is not assignable to type 'never'.

[7m108[0m             data: {
[7m   [0m [91m            ~~~~[0m

  [96mnode_modules/.prisma/client/index.d.ts[0m:[93m64648[0m:[93m5[0m
    [7m64648[0m     data: XOR<StockMovementCreateInput, 
StockMovementUncheckedCreateInput>
    [7m     [0m [96m    ~~~~[0m
    The expected type comes from property 'data' which is declared here on type '{ 
select?: StockMovementSelect<DefaultArgs>; omit?: StockMovementOmit<DefaultArgs>; 
include?: StockMovementInclude<DefaultArgs>; data: (Without<...> & 
StockMovementUncheckedCreateInput) | (Without<...> & StockMovementCreateInput); }'
[96msrc/inventory/issuances/issuances.service.ts[0m:[93m145[0m:[93m13[0m - 
[91merror[0m[90m TS2561: [0mObject literal may only specify known properties, but 
'guard' does not exist in type 'IssuanceRegisterInclude<DefaultArgs>'. Did you mean to 
write 'Guard'?

[7m145[0m             guard: true,
[7m   [0m [91m            ~~~~~[0m

  [96mnode_modules/.prisma/client/index.d.ts[0m:[93m42055[0m:[93m5[0m
    [7m42055[0m     include?: IssuanceRegisterInclude<ExtArgs> | null
    [7m     [0m [96m    ~~~~~~~[0m
    The expected type comes from property 'include' which is declared here on type '{ 
select?: IssuanceRegisterSelect<DefaultArgs>; omit?: IssuanceRegisterOmit<DefaultArgs>; 
include?: IssuanceRegisterInclude<DefaultArgs>; ... 5 more ...; distinct?: 
IssuanceRegisterScalarFieldEnum | IssuanceRegisterScalarFieldEnum[]; }'
[96msrc/inventory/issuances/issuances.service.ts[0m:[93m174[0m:[93m11[0m - 
[91merror[0m[90m TS2561: [0mObject literal may only specify known properties, but 
'guard' does not exist in type 'IssuanceRegisterInclude<DefaultArgs>'. Did you mean to 
write 'Guard'?

[7m174[0m           guard: true,
[7m   [0m [91m          ~~~~~[0m

  [96mnode_modules/.prisma/client/index.d.ts[0m:[93m41951[0m:[93m5[0m
    [7m41951[0m     include?: IssuanceRegisterInclude<ExtArgs> | null
    [7m     [0m [96m    ~~~~~~~[0m
    The expected type comes from property 'include' which is declared here on type '{ 
select?: IssuanceRegisterSelect<DefaultArgs>; omit?: IssuanceRegisterOmit<DefaultArgs>; 
include?: IssuanceRegisterInclude<DefaultArgs>; ... 5 more ...; distinct?: 
IssuanceRegisterScalarFieldEnum | IssuanceRegisterScalarFieldEnum[]; }'
[96msrc/inventory/issuances/issuances.service.ts[0m:[93m209[0m:[93m11[0m - 
[91merror[0m[90m TS2561: [0mObject literal may only specify known properties, but 
'guard' does not exist in type 'IssuanceRegisterInclude<DefaultArgs>'. Did you mean to 
write 'Guard'?

[7m209[0m           guard: true,
[7m   [0m [91m          ~~~~~[0m

  [96mnode_modules/.prisma/client/index.d.ts[0m:[93m42158[0m:[93m5[0m
    [7m42158[0m     include?: IssuanceRegisterInclude<ExtArgs> | null
    [7m     [0m [96m    ~~~~~~~[0m
    The expected type comes from property 'include' which is declared here on type '{ 
select?: IssuanceRegisterSelect<DefaultArgs>; omit?: IssuanceRegisterOmit<DefaultArgs>; 
include?: IssuanceRegisterInclude<DefaultArgs>; data: (Without<...> & 
IssuanceRegisterUncheckedUpdateInput) | (Without<...> & IssuanceRegisterUpdateInput); 
where: IssuanceRegisterWhereUniqueInput; }'
[96msrc/inventory/items/items.service.ts[0m:[93m53[0m:[93m9[0m - 
[91merror[0m[90m TS2322: [0mType '{ organizationId: string; name: string; sku: 
string; barcode: string; description: string; categoryId: string; groupId: string; 
unitOfMeasurement: string; imagePath: string; reorderLevel: number; ... 8 more ...; 
isActive: true; }' is not assignable to type '(Without<ItemCreateInput, 
ItemUncheckedCreateInput> & ItemUncheckedCreateInput) | (Without<...> & ItemCreateInput)'.
  Type '{ organizationId: string; name: string; sku: string; barcode: string; 
description: string; categoryId: string; groupId: string; unitOfMeasurement: string; 
imagePath: string; reorderLevel: number; ... 8 more ...; isActive: true; }' is not 
assignable to type 'Without<ItemUncheckedCreateInput, ItemCreateInput> & ItemCreateInput'.
    Type '{ organizationId: string; name: string; sku: string; barcode: string; 
description: string; categoryId: string; groupId: string; unitOfMeasurement: string; 
imagePath: string; reorderLevel: number; ... 8 more ...; isActive: true; }' is not 
assignable to type 'Without<ItemUncheckedCreateInput, ItemCreateInput>'.
      Types of property 'organizationId' are incompatible.
        Type 'string' is not assignable to type 'never'.

[7m53[0m         data: {
[7m  [0m [91m        ~~~~[0m

  [96mnode_modules/.prisma/client/index.d.ts[0m:[93m43553[0m:[93m5[0m
    [7m43553[0m     data: XOR<ItemCreateInput, ItemUncheckedCreateInput>
    [7m     [0m [96m    ~~~~[0m
    The expected type comes from property 'data' which is declared here on type '{ 
select?: ItemSelect<DefaultArgs>; omit?: ItemOmit<DefaultArgs>; include?: 
ItemInclude<DefaultArgs>; data: (Without<...> & ItemUncheckedCreateInput) | (Without<...> 
& ItemCreateInput); }'
[96msrc/inventory/items/items.service.ts[0m:[93m74[0m:[93m20[0m - 
[91merror[0m[90m TS2353: [0mObject literal may only specify known properties, and 
'category' does not exist in type 'ItemInclude<DefaultArgs>'.

[7m74[0m         include: { category: true, group: true, preferredVendor: true },
[7m  [0m [91m                   ~~~~~~~~[0m

  [96mnode_modules/.prisma/client/index.d.ts[0m:[93m43549[0m:[93m5[0m
    [7m43549[0m     include?: ItemInclude<ExtArgs> | null
    [7m     [0m [96m    ~~~~~~~[0m
    The expected type comes from property 'include' which is declared here on type '{ 
select?: ItemSelect<DefaultArgs>; omit?: ItemOmit<DefaultArgs>; include?: 
ItemInclude<DefaultArgs>; data: (Without<...> & ItemUncheckedCreateInput) | (Without<...> 
& ItemCreateInput); }'
[96msrc/inventory/items/items.service.ts[0m:[93m114[0m:[93m22[0m - 
[91merror[0m[90m TS2353: [0mObject literal may only specify known properties, and 
'category' does not exist in type 'ItemInclude<DefaultArgs>'.

[7m114[0m           include: { category: true, group: true, preferredVendor: true },
[7m   [0m [91m                     ~~~~~~~~[0m

  [96mnode_modules/.prisma/client/index.d.ts[0m:[93m43502[0m:[93m5[0m
    [7m43502[0m     include?: ItemInclude<ExtArgs> | null
    [7m     [0m [96m    ~~~~~~~[0m
    The expected type comes from property 'include' which is declared here on type '{ 
select?: ItemSelect<DefaultArgs>; omit?: ItemOmit<DefaultArgs>; include?: 
ItemInclude<DefaultArgs>; ... 5 more ...; distinct?: ItemScalarFieldEnum | 
ItemScalarFieldEnum[]; }'
[96msrc/inventory/items/items.service.ts[0m:[93m135[0m:[93m20[0m - 
[91merror[0m[90m TS2353: [0mObject literal may only specify known properties, and 
'category' does not exist in type 'ItemInclude<DefaultArgs>'.

[7m135[0m         include: { category: true, group: true, preferredVendor: true },
[7m   [0m [91m                   ~~~~~~~~[0m

  [96mnode_modules/.prisma/client/index.d.ts[0m:[93m43398[0m:[93m5[0m
    [7m43398[0m     include?: ItemInclude<ExtArgs> | null
    [7m     [0m [96m    ~~~~~~~[0m
    The expected type comes from property 'include' which is declared here on type '{ 
select?: ItemSelect<DefaultArgs>; omit?: ItemOmit<DefaultArgs>; include?: 
ItemInclude<DefaultArgs>; ... 5 more ...; distinct?: ItemScalarFieldEnum | 
ItemScalarFieldEnum[]; }'
[96msrc/inventory/items/items.service.ts[0m:[93m161[0m:[93m20[0m - 
[91merror[0m[90m TS2353: [0mObject literal may only specify known properties, and 
'category' does not exist in type 'ItemInclude<DefaultArgs>'.

[7m161[0m         include: { category: true, group: true, preferredVendor: true },
[7m   [0m [91m                   ~~~~~~~~[0m

  [96mnode_modules/.prisma/client/index.d.ts[0m:[93m43605[0m:[93m5[0m
    [7m43605[0m     include?: ItemInclude<ExtArgs> | null
    [7m     [0m [96m    ~~~~~~~[0m
    The expected type comes from property 'include' which is declared here on type '{ 
select?: ItemSelect<DefaultArgs>; omit?: ItemOmit<DefaultArgs>; include?: 
ItemInclude<DefaultArgs>; data: (Without<...> & ItemUncheckedUpdateInput) | (Without<...> 
& ItemUpdateInput); where: ItemWhereUniqueInput; }'
[96msrc/inventory/items/items.service.ts[0m:[93m197[0m:[93m20[0m - 
[91merror[0m[90m TS2353: [0mObject literal may only specify known properties, and 
'category' does not exist in type 'ItemInclude<DefaultArgs>'.

[7m197[0m         include: { category: true, group: true, preferredVendor: true },
[7m   [0m [91m                   ~~~~~~~~[0m

  [96mnode_modules/.prisma/client/index.d.ts[0m:[93m43605[0m:[93m5[0m
    [7m43605[0m     include?: ItemInclude<ExtArgs> | null
    [7m     [0m [96m    ~~~~~~~[0m
    The expected type comes from property 'include' which is declared here on type '{ 
select?: ItemSelect<DefaultArgs>; omit?: ItemOmit<DefaultArgs>; include?: 
ItemInclude<DefaultArgs>; data: (Without<...> & ItemUncheckedUpdateInput) | (Without<...> 
& ItemUpdateInput); where: ItemWhereUniqueInput; }'
[96msrc/inventory/items/items.service.ts[0m:[93m209[0m:[93m11[0m - 
[91merror[0m[90m TS2353: [0mObject literal may only specify known properties, and 
'category' does not exist in type 'ItemInclude<DefaultArgs>'.

[7m209[0m           category: true,
[7m   [0m [91m          ~~~~~~~~[0m

  [96mnode_modules/.prisma/client/index.d.ts[0m:[93m43398[0m:[93m5[0m
    [7m43398[0m     include?: ItemInclude<ExtArgs> | null
    [7m     [0m [96m    ~~~~~~~[0m
    The expected type comes from property 'include' which is declared here on type '{ 
select?: ItemSelect<DefaultArgs>; omit?: ItemOmit<DefaultArgs>; include?: 
ItemInclude<DefaultArgs>; ... 5 more ...; distinct?: ItemScalarFieldEnum | 
ItemScalarFieldEnum[]; }'
[96msrc/inventory/items/items.service.ts[0m:[93m222[0m:[93m32[0m - 
[91merror[0m[90m TS2339: [0mProperty 'inventory' does not exist on type '{ id: 
string; createdAt: Date; updatedAt: Date; isActive: boolean; name: string; description: 
string; organizationId: string; categoryId: string; sku: string; barcode: string; 
groupId: string; ... 10 more ...; preferredVendorId: string; }'.

[7m222[0m       const stockLevels = item.inventory || [];
[7m   [0m [91m                               ~~~~~~~~~[0m
[96msrc/inventory/purchase-orders/purchase-orders.service.ts[0m:[93m96[0m:[93m11[0m 
- [91merror[0m[90m TS2353: [0mObject literal may only specify known properties, and 
'items' does not exist in type '(Without<PurchaseOrderCreateInput, 
PurchaseOrderUncheckedCreateInput> & PurchaseOrderUncheckedCreateInput) | (Without<...> & 
PurchaseOrderCreateInput)'.

[7m96[0m           items: {
[7m  [0m [91m          ~~~~~[0m

  [96mnode_modules/.prisma/client/index.d.ts[0m:[93m55028[0m:[93m5[0m
    [7m55028[0m     data: XOR<PurchaseOrderCreateInput, 
PurchaseOrderUncheckedCreateInput>
    [7m     [0m [96m    ~~~~[0m
    The expected type comes from property 'data' which is declared here on type '{ 
select?: PurchaseOrderSelect<DefaultArgs>; omit?: PurchaseOrderOmit<DefaultArgs>; 
include?: PurchaseOrderInclude<DefaultArgs>; data: (Without<...> & 
PurchaseOrderUncheckedCreateInput) | (Without<...> & PurchaseOrderCreateInput); }'
[96msrc/inventory/purchase-orders/purchase-orders.service.ts[0m:[93m108[0m:[93m11[0m
 - [91merror[0m[90m TS2353: [0mObject literal may only specify known properties, and 
'creator' does not exist in type 'PurchaseOrderInclude<DefaultArgs>'.

[7m108[0m           creator: true,
[7m   [0m [91m          ~~~~~~~[0m

  [96mnode_modules/.prisma/client/index.d.ts[0m:[93m55024[0m:[93m5[0m
    [7m55024[0m     include?: PurchaseOrderInclude<ExtArgs> | null
    [7m     [0m [96m    ~~~~~~~[0m
    The expected type comes from property 'include' which is declared here on type '{ 
select?: PurchaseOrderSelect<DefaultArgs>; omit?: PurchaseOrderOmit<DefaultArgs>; 
include?: PurchaseOrderInclude<DefaultArgs>; data: (Without<...> & 
PurchaseOrderUncheckedCreateInput) | (Without<...> & PurchaseOrderCreateInput); }'
[96msrc/inventory/purchase-orders/purchase-orders.service.ts[0m:[93m142[0m:[93m13[0m
 - [91merror[0m[90m TS2353: [0mObject literal may only specify known properties, and 
'creator' does not exist in type 'PurchaseOrderInclude<DefaultArgs>'.

[7m142[0m             creator: true,
[7m   [0m [91m            ~~~~~~~[0m

  [96mnode_modules/.prisma/client/index.d.ts[0m:[93m54977[0m:[93m5[0m
    [7m54977[0m     include?: PurchaseOrderInclude<ExtArgs> | null
    [7m     [0m [96m    ~~~~~~~[0m
    The expected type comes from property 'include' which is declared here on type '{ 
select?: PurchaseOrderSelect<DefaultArgs>; omit?: PurchaseOrderOmit<DefaultArgs>; 
include?: PurchaseOrderInclude<DefaultArgs>; ... 5 more ...; distinct?: 
PurchaseOrderScalarFieldEnum | PurchaseOrderScalarFieldEnum[]; }'
[96msrc/inventory/purchase-orders/purchase-orders.service.ts[0m:[93m167[0m:[93m11[0m
 - [91merror[0m[90m TS2353: [0mObject literal may only specify known properties, and 
'creator' does not exist in type 'PurchaseOrderInclude<DefaultArgs>'.

[7m167[0m           creator: true,
[7m   [0m [91m          ~~~~~~~[0m

  [96mnode_modules/.prisma/client/index.d.ts[0m:[93m54873[0m:[93m5[0m
    [7m54873[0m     include?: PurchaseOrderInclude<ExtArgs> | null
    [7m     [0m [96m    ~~~~~~~[0m
    The expected type comes from property 'include' which is declared here on type '{ 
select?: PurchaseOrderSelect<DefaultArgs>; omit?: PurchaseOrderOmit<DefaultArgs>; 
include?: PurchaseOrderInclude<DefaultArgs>; ... 5 more ...; distinct?: 
PurchaseOrderScalarFieldEnum | PurchaseOrderScalarFieldEnum[]; }'
[96msrc/inventory/purchase-orders/purchase-orders.service.ts[0m:[93m249[0m:[93m11[0m
 - [91merror[0m[90m TS2353: [0mObject literal may only specify known properties, and 
'creator' does not exist in type 'PurchaseOrderInclude<DefaultArgs>'.

[7m249[0m           creator: true,
[7m   [0m [91m          ~~~~~~~[0m

  [96mnode_modules/.prisma/client/index.d.ts[0m:[93m55080[0m:[93m5[0m
    [7m55080[0m     include?: PurchaseOrderInclude<ExtArgs> | null
    [7m     [0m [96m    ~~~~~~~[0m
    The expected type comes from property 'include' which is declared here on type '{ 
select?: PurchaseOrderSelect<DefaultArgs>; omit?: PurchaseOrderOmit<DefaultArgs>; 
include?: PurchaseOrderInclude<DefaultArgs>; data: (Without<...> & 
PurchaseOrderUncheckedUpdateInput) | (Without<...> & PurchaseOrderUpdateInput); where: 
PurchaseOrderWhereUniqueInput; }'
[96msrc/inventory/purchase-orders/purchase-orders.service.ts[0m:[93m294[0m:[93m20[0m
 - [91merror[0m[90m TS2353: [0mObject literal may only specify known properties, and 
'items' does not exist in type 'PurchaseRequestInclude<DefaultArgs>'.

[7m294[0m         include: { items: { include: { item: true } } },
[7m   [0m [91m                   ~~~~~[0m

  [96mnode_modules/.prisma/client/index.d.ts[0m:[93m57404[0m:[93m5[0m
    [7m57404[0m     include?: PurchaseRequestInclude<ExtArgs> | null
    [7m     [0m [96m    ~~~~~~~[0m
    The expected type comes from property 'include' which is declared here on type '{ 
select?: PurchaseRequestSelect<DefaultArgs>; omit?: PurchaseRequestOmit<DefaultArgs>; 
include?: PurchaseRequestInclude<DefaultArgs>; ... 5 more ...; distinct?: 
PurchaseRequestScalarFieldEnum | PurchaseRequestScalarFieldEnum[]; }'
[96msrc/inventory/purchase-orders/purchase-orders.service.ts[0m:[93m317[0m:[93m30[0m
 - [91merror[0m[90m TS2339: [0mProperty 'items' does not exist on type '{ id: string; 
createdAt: Date; updatedAt: Date; organizationId: string; officeId: string; status: 
PRStatus; totalAmount: Decimal; notes: string; storeId: string; ... 5 more ...; 
approvedBy: string; }'.

[7m317[0m       const totalAmount = pr.items.reduce(
[7m   [0m [91m                             ~~~~~[0m
[96msrc/inventory/purchase-orders/purchase-orders.service.ts[0m:[93m344[0m:[93m13[0m
 - [91merror[0m[90m TS2353: [0mObject literal may only specify known properties, and 
'items' does not exist in type '(Without<PurchaseOrderCreateInput, 
PurchaseOrderUncheckedCreateInput> & PurchaseOrderUncheckedCreateInput) | (Without<...> & 
PurchaseOrderCreateInput)'.

[7m344[0m             items: {
[7m   [0m [91m            ~~~~~[0m

  [96mnode_modules/.prisma/client/index.d.ts[0m:[93m55028[0m:[93m5[0m
    [7m55028[0m     data: XOR<PurchaseOrderCreateInput, 
PurchaseOrderUncheckedCreateInput>
    [7m     [0m [96m    ~~~~[0m
    The expected type comes from property 'data' which is declared here on type '{ 
select?: PurchaseOrderSelect<DefaultArgs>; omit?: PurchaseOrderOmit<DefaultArgs>; 
include?: PurchaseOrderInclude<DefaultArgs>; data: (Without<...> & 
PurchaseOrderUncheckedCreateInput) | (Without<...> & PurchaseOrderCreateInput); }'
[96msrc/inventory/purchase-orders/purchase-orders.service.ts[0m:[93m345[0m:[93m26[0m
 - [91merror[0m[90m TS2339: [0mProperty 'items' does not exist on type '{ id: string; 
createdAt: Date; updatedAt: Date; organizationId: string; officeId: string; status: 
PRStatus; totalAmount: Decimal; notes: string; storeId: string; ... 5 more ...; 
approvedBy: string; }'.

[7m345[0m               create: pr.items.map((item) => ({
[7m   [0m [91m                         ~~~~~[0m
[96msrc/inventory/purchase-orders/purchase-orders.service.ts[0m:[93m356[0m:[93m13[0m
 - [91merror[0m[90m TS2353: [0mObject literal may only specify known properties, and 
'creator' does not exist in type 'PurchaseOrderInclude<DefaultArgs>'.

[7m356[0m             creator: true,
[7m   [0m [91m            ~~~~~~~[0m

  [96mnode_modules/.prisma/client/index.d.ts[0m:[93m55024[0m:[93m5[0m
    [7m55024[0m     include?: PurchaseOrderInclude<ExtArgs> | null
    [7m     [0m [96m    ~~~~~~~[0m
    The expected type comes from property 'include' which is declared here on type '{ 
select?: PurchaseOrderSelect<DefaultArgs>; omit?: PurchaseOrderOmit<DefaultArgs>; 
include?: PurchaseOrderInclude<DefaultArgs>; data: (Without<...> & 
PurchaseOrderUncheckedCreateInput) | (Without<...> & PurchaseOrderCreateInput); }'
[96msrc/inventory/purchase-orders/purchase-orders.service.ts[0m:[93m388[0m:[93m11[0m
 - [91merror[0m[90m TS2353: [0mObject literal may only specify known properties, and 
'items' does not exist in type 'PurchaseOrderInclude<DefaultArgs>'.

[7m388[0m           items: { include: { item: true } },
[7m   [0m [91m          ~~~~~[0m

  [96mnode_modules/.prisma/client/index.d.ts[0m:[93m55080[0m:[93m5[0m
    [7m55080[0m     include?: PurchaseOrderInclude<ExtArgs> | null
    [7m     [0m [96m    ~~~~~~~[0m
    The expected type comes from property 'include' which is declared here on type '{ 
select?: PurchaseOrderSelect<DefaultArgs>; omit?: PurchaseOrderOmit<DefaultArgs>; 
include?: PurchaseOrderInclude<DefaultArgs>; data: (Without<...> & 
PurchaseOrderUncheckedUpdateInput) | (Without<...> & PurchaseOrderUpdateInput); where: 
PurchaseOrderWhereUniqueInput; }'
[96msrc/inventory/purchase-orders/purchase-orders.service.ts[0m:[93m437[0m:[93m11[0m
 - [91merror[0m[90m TS2353: [0mObject literal may only specify known properties, and 
'items' does not exist in type 'PurchaseOrderInclude<DefaultArgs>'.

[7m437[0m           items: { include: { item: true } },
[7m   [0m [91m          ~~~~~[0m

  [96mnode_modules/.prisma/client/index.d.ts[0m:[93m55080[0m:[93m5[0m
    [7m55080[0m     include?: PurchaseOrderInclude<ExtArgs> | null
    [7m     [0m [96m    ~~~~~~~[0m
    The expected type comes from property 'include' which is declared here on type '{ 
select?: PurchaseOrderSelect<DefaultArgs>; omit?: PurchaseOrderOmit<DefaultArgs>; 
include?: PurchaseOrderInclude<DefaultArgs>; data: (Without<...> & 
PurchaseOrderUncheckedUpdateInput) | (Without<...> & PurchaseOrderUpdateInput); where: 
PurchaseOrderWhereUniqueInput; }'
[96msrc/inventory/purchase-orders/purchase-orders.service.ts[0m:[93m464[0m:[93m11[0m
 - [91merror[0m[90m TS2353: [0mObject literal may only specify known properties, and 
'items' does not exist in type 'PurchaseOrderInclude<DefaultArgs>'.

[7m464[0m           items: { include: { item: true } },
[7m   [0m [91m          ~~~~~[0m

  [96mnode_modules/.prisma/client/index.d.ts[0m:[93m55080[0m:[93m5[0m
    [7m55080[0m     include?: PurchaseOrderInclude<ExtArgs> | null
    [7m     [0m [96m    ~~~~~~~[0m
    The expected type comes from property 'include' which is declared here on type '{ 
select?: PurchaseOrderSelect<DefaultArgs>; omit?: PurchaseOrderOmit<DefaultArgs>; 
include?: PurchaseOrderInclude<DefaultArgs>; data: (Without<...> & 
PurchaseOrderUncheckedUpdateInput) | (Without<...> & PurchaseOrderUpdateInput); where: 
PurchaseOrderWhereUniqueInput; }'
[96msrc/inventory/purchase-requests/purchase-requests.service.ts[0m:[93m152[0m:[93m11
[0m - [91merror[0m[90m TS2353: [0mObject literal may only specify known properties, 
and 'items' does not exist in type '(Without<PurchaseRequestCreateInput, 
PurchaseRequestUncheckedCreateInput> & PurchaseRequestUncheckedCreateInput) | 
(Without<...> & PurchaseRequestCreateInput)'.

[7m152[0m           items: {
[7m   [0m [91m          ~~~~~[0m

  [96mnode_modules/.prisma/client/index.d.ts[0m:[93m57559[0m:[93m5[0m
    [7m57559[0m     data: XOR<PurchaseRequestCreateInput, 
PurchaseRequestUncheckedCreateInput>
    [7m     [0m [96m    ~~~~[0m
    The expected type comes from property 'data' which is declared here on type '{ 
select?: PurchaseRequestSelect<DefaultArgs>; omit?: PurchaseRequestOmit<DefaultArgs>; 
include?: PurchaseRequestInclude<DefaultArgs>; data: (Without<...> & 
PurchaseRequestUncheckedCreateInput) | (Without<...> & PurchaseRequestCreateInput); }'
[96msrc/inventory/purchase-requests/purchase-requests.service.ts[0m:[93m162[0m:[93m20
[0m - [91merror[0m[90m TS2561: [0mObject literal may only specify known properties, 
but 'store' does not exist in type 'PurchaseRequestInclude<DefaultArgs>'. Did you mean to 
write 'Store'?

[7m162[0m         include: { store: true, office: true, items: { include: { item: true 
} } },
[7m   [0m [91m                   ~~~~~[0m

  [96mnode_modules/.prisma/client/index.d.ts[0m:[93m57555[0m:[93m5[0m
    [7m57555[0m     include?: PurchaseRequestInclude<ExtArgs> | null
    [7m     [0m [96m    ~~~~~~~[0m
    The expected type comes from property 'include' which is declared here on type '{ 
select?: PurchaseRequestSelect<DefaultArgs>; omit?: PurchaseRequestOmit<DefaultArgs>; 
include?: PurchaseRequestInclude<DefaultArgs>; data: (Without<...> & 
PurchaseRequestUncheckedCreateInput) | (Without<...> & PurchaseRequestCreateInput); }'
[96msrc/inventory/purchase-requests/purchase-requests.service.ts[0m:[93m198[0m:[93m22
[0m - [91merror[0m[90m TS2561: [0mObject literal may only specify known properties, 
but 'store' does not exist in type 'PurchaseRequestInclude<DefaultArgs>'. Did you mean to 
write 'Store'?

[7m198[0m           include: { store: true, office: true, items: { include: { item: 
true } } },
[7m   [0m [91m                     ~~~~~[0m

  [96mnode_modules/.prisma/client/index.d.ts[0m:[93m57508[0m:[93m5[0m
    [7m57508[0m     include?: PurchaseRequestInclude<ExtArgs> | null
    [7m     [0m [96m    ~~~~~~~[0m
    The expected type comes from property 'include' which is declared here on type '{ 
select?: PurchaseRequestSelect<DefaultArgs>; omit?: PurchaseRequestOmit<DefaultArgs>; 
include?: PurchaseRequestInclude<DefaultArgs>; ... 5 more ...; distinct?: 
PurchaseRequestScalarFieldEnum | PurchaseRequestScalarFieldEnum[]; }'
[96msrc/inventory/purchase-requests/purchase-requests.service.ts[0m:[93m219[0m:[93m20
[0m - [91merror[0m[90m TS2561: [0mObject literal may only specify known properties, 
but 'store' does not exist in type 'PurchaseRequestInclude<DefaultArgs>'. Did you mean to 
write 'Store'?

[7m219[0m         include: { store: true, office: true, items: { include: { item: true 
} } },
[7m   [0m [91m                   ~~~~~[0m

  [96mnode_modules/.prisma/client/index.d.ts[0m:[93m57404[0m:[93m5[0m
    [7m57404[0m     include?: PurchaseRequestInclude<ExtArgs> | null
    [7m     [0m [96m    ~~~~~~~[0m
    The expected type comes from property 'include' which is declared here on type '{ 
select?: PurchaseRequestSelect<DefaultArgs>; omit?: PurchaseRequestOmit<DefaultArgs>; 
include?: PurchaseRequestInclude<DefaultArgs>; ... 5 more ...; distinct?: 
PurchaseRequestScalarFieldEnum | PurchaseRequestScalarFieldEnum[]; }'
[96msrc/inventory/purchase-requests/purchase-requests.service.ts[0m:[93m253[0m:[93m20
[0m - [91merror[0m[90m TS2561: [0mObject literal may only specify known properties, 
but 'store' does not exist in type 'PurchaseRequestInclude<DefaultArgs>'. Did you mean to 
write 'Store'?

[7m253[0m         include: { store: true, office: true, items: { include: { item: true 
} } },
[7m   [0m [91m                   ~~~~~[0m

  [96mnode_modules/.prisma/client/index.d.ts[0m:[93m57611[0m:[93m5[0m
    [7m57611[0m     include?: PurchaseRequestInclude<ExtArgs> | null
    [7m     [0m [96m    ~~~~~~~[0m
    The expected type comes from property 'include' which is declared here on type '{ 
select?: PurchaseRequestSelect<DefaultArgs>; omit?: PurchaseRequestOmit<DefaultArgs>; 
include?: PurchaseRequestInclude<DefaultArgs>; data: (Without<...> & 
PurchaseRequestUncheckedUpdateInput) | (Without<...> & PurchaseRequestUpdateInput); 
where: PurchaseRequestWhereUniqueInput; }'
[96msrc/inventory/purchase-requests/purchase-requests.service.ts[0m:[93m313[0m:[93m20
[0m - [91merror[0m[90m TS2561: [0mObject literal may only specify known properties, 
but 'store' does not exist in type 'PurchaseRequestInclude<DefaultArgs>'. Did you mean to 
write 'Store'?

[7m313[0m         include: { store: true, office: true, items: { include: { item: true 
} } },
[7m   [0m [91m                   ~~~~~[0m

  [96mnode_modules/.prisma/client/index.d.ts[0m:[93m57611[0m:[93m5[0m
    [7m57611[0m     include?: PurchaseRequestInclude<ExtArgs> | null
    [7m     [0m [96m    ~~~~~~~[0m
    The expected type comes from property 'include' which is declared here on type '{ 
select?: PurchaseRequestSelect<DefaultArgs>; omit?: PurchaseRequestOmit<DefaultArgs>; 
include?: PurchaseRequestInclude<DefaultArgs>; data: (Without<...> & 
PurchaseRequestUncheckedUpdateInput) | (Without<...> & PurchaseRequestUpdateInput); 
where: PurchaseRequestWhereUniqueInput; }'
[96msrc/inventory/purchase-requests/purchase-requests.service.ts[0m:[93m367[0m:[93m20
[0m - [91merror[0m[90m TS2561: [0mObject literal may only specify known properties, 
but 'store' does not exist in type 'PurchaseRequestInclude<DefaultArgs>'. Did you mean to 
write 'Store'?

[7m367[0m         include: { store: true, office: true, items: { include: { item: true 
} } },
[7m   [0m [91m                   ~~~~~[0m

  [96mnode_modules/.prisma/client/index.d.ts[0m:[93m57611[0m:[93m5[0m
    [7m57611[0m     include?: PurchaseRequestInclude<ExtArgs> | null
    [7m     [0m [96m    ~~~~~~~[0m
    The expected type comes from property 'include' which is declared here on type '{ 
select?: PurchaseRequestSelect<DefaultArgs>; omit?: PurchaseRequestOmit<DefaultArgs>; 
include?: PurchaseRequestInclude<DefaultArgs>; data: (Without<...> & 
PurchaseRequestUncheckedUpdateInput) | (Without<...> & PurchaseRequestUpdateInput); 
where: PurchaseRequestWhereUniqueInput; }'
[96msrc/inventory/purchase-requests/purchase-requests.service.ts[0m:[93m394[0m:[93m20
[0m - [91merror[0m[90m TS2561: [0mObject literal may only specify known properties, 
but 'store' does not exist in type 'PurchaseRequestInclude<DefaultArgs>'. Did you mean to 
write 'Store'?

[7m394[0m         include: { store: true, office: true, items: { include: { item: true 
} } },
[7m   [0m [91m                   ~~~~~[0m

  [96mnode_modules/.prisma/client/index.d.ts[0m:[93m57611[0m:[93m5[0m
    [7m57611[0m     include?: PurchaseRequestInclude<ExtArgs> | null
    [7m     [0m [96m    ~~~~~~~[0m
    The expected type comes from property 'include' which is declared here on type '{ 
select?: PurchaseRequestSelect<DefaultArgs>; omit?: PurchaseRequestOmit<DefaultArgs>; 
include?: PurchaseRequestInclude<DefaultArgs>; data: (Without<...> & 
PurchaseRequestUncheckedUpdateInput) | (Without<...> & PurchaseRequestUpdateInput); 
where: PurchaseRequestWhereUniqueInput; }'
[96msrc/inventory/purchase-requests/purchase-requests.service.ts[0m:[93m418[0m:[93m20
[0m - [91merror[0m[90m TS2561: [0mObject literal may only specify known properties, 
but 'store' does not exist in type 'PurchaseRequestInclude<DefaultArgs>'. Did you mean to 
write 'Store'?

[7m418[0m         include: { store: true, office: true, items: { include: { item: true 
} } },
[7m   [0m [91m                   ~~~~~[0m

  [96mnode_modules/.prisma/client/index.d.ts[0m:[93m57611[0m:[93m5[0m
    [7m57611[0m     include?: PurchaseRequestInclude<ExtArgs> | null
    [7m     [0m [96m    ~~~~~~~[0m
    The expected type comes from property 'include' which is declared here on type '{ 
select?: PurchaseRequestSelect<DefaultArgs>; omit?: PurchaseRequestOmit<DefaultArgs>; 
include?: PurchaseRequestInclude<DefaultArgs>; data: (Without<...> & 
PurchaseRequestUncheckedUpdateInput) | (Without<...> & PurchaseRequestUpdateInput); 
where: PurchaseRequestWhereUniqueInput; }'
[96msrc/inventory/returns/returns.service.ts[0m:[93m15[0m:[93m20[0m - 
[91merror[0m[90m TS2353: [0mObject literal may only specify known properties, and 
'items' does not exist in type 'IssuanceRegisterInclude<DefaultArgs>'.

[7m15[0m         include: { items: { include: { item: true } }, guard: true, store: 
true },
[7m  [0m [91m                   ~~~~~[0m

  [96mnode_modules/.prisma/client/index.d.ts[0m:[93m41951[0m:[93m5[0m
    [7m41951[0m     include?: IssuanceRegisterInclude<ExtArgs> | null
    [7m     [0m [96m    ~~~~~~~[0m
    The expected type comes from property 'include' which is declared here on type '{ 
select?: IssuanceRegisterSelect<DefaultArgs>; omit?: IssuanceRegisterOmit<DefaultArgs>; 
include?: IssuanceRegisterInclude<DefaultArgs>; ... 5 more ...; distinct?: 
IssuanceRegisterScalarFieldEnum | IssuanceRegisterScalarFieldEnum[]; }'
[96msrc/inventory/returns/returns.service.ts[0m:[93m22[0m:[93m48[0m - 
[91merror[0m[90m TS2339: [0mProperty 'items' does not exist on type '{ id: string; 
createdAt: Date; updatedAt: Date; organizationId: string; guardId: string; status: 
IssuanceStatus; notes: string; storeId: string; issuanceDate: Date; issueNumber: string; 
issuedBy: string; }'.

[7m22[0m       const issuanceItemIds = new Set(issuance.items.map(i => i.itemId));
[7m  [0m [91m                                               ~~~~~[0m
[96msrc/inventory/returns/returns.service.ts[0m:[93m55[0m:[93m13[0m - 
[91merror[0m[90m TS2353: [0mObject literal may only specify known properties, and 
'items' does not exist in type '(Without<ReturnRegisterCreateInput, 
ReturnRegisterUncheckedCreateInput> & ReturnRegisterUncheckedCreateInput) | (Without<...> 
& ReturnRegisterCreateInput)'.

[7m55[0m             items: {
[7m  [0m [91m            ~~~~~[0m

  [96mnode_modules/.prisma/client/index.d.ts[0m:[93m62334[0m:[93m5[0m
    [7m62334[0m     data: XOR<ReturnRegisterCreateInput, 
ReturnRegisterUncheckedCreateInput>
    [7m     [0m [96m    ~~~~[0m
    The expected type comes from property 'data' which is declared here on type '{ 
select?: ReturnRegisterSelect<DefaultArgs>; omit?: ReturnRegisterOmit<DefaultArgs>; 
include?: ReturnRegisterInclude<DefaultArgs>; data: (Without<...> & 
ReturnRegisterUncheckedCreateInput) | (Without<...> & ReturnRegisterCreateInput); }'
[96msrc/inventory/returns/returns.service.ts[0m:[93m66[0m:[93m13[0m - 
[91merror[0m[90m TS2561: [0mObject literal may only specify known properties, but 
'guard' does not exist in type 'ReturnRegisterInclude<DefaultArgs>'. Did you mean to 
write 'Guard'?

[7m66[0m             guard: true,
[7m  [0m [91m            ~~~~~[0m

  [96mnode_modules/.prisma/client/index.d.ts[0m:[93m62330[0m:[93m5[0m
    [7m62330[0m     include?: ReturnRegisterInclude<ExtArgs> | null
    [7m     [0m [96m    ~~~~~~~[0m
    The expected type comes from property 'include' which is declared here on type '{ 
select?: ReturnRegisterSelect<DefaultArgs>; omit?: ReturnRegisterOmit<DefaultArgs>; 
include?: ReturnRegisterInclude<DefaultArgs>; data: (Without<...> & 
ReturnRegisterUncheckedCreateInput) | (Without<...> & ReturnRegisterCreateInput); }'
[96msrc/inventory/returns/returns.service.ts[0m:[93m106[0m:[93m13[0m - 
[91merror[0m[90m TS2322: [0mType '{ organizationId: string; storeId: string; itemId: 
string; movementType: any; quantity: number; referenceType: string; referenceId: string; 
referenceNumber: string; movedBy: string; }' is not assignable to type 
'(Without<StockMovementCreateInput, StockMovementUncheckedCreateInput> & 
StockMovementUncheckedCreateInput) | (Without<...> & StockMovementCreateInput)'.
  Type '{ organizationId: string; storeId: string; itemId: string; movementType: any; 
quantity: number; referenceType: string; referenceId: string; referenceNumber: string; 
movedBy: string; }' is not assignable to type 'Without<StockMovementUncheckedCreateInput, 
StockMovementCreateInput> & StockMovementCreateInput'.
    Type '{ organizationId: string; storeId: string; itemId: string; movementType: any; 
quantity: number; referenceType: string; referenceId: string; referenceNumber: string; 
movedBy: string; }' is not assignable to type 'Without<StockMovementUncheckedCreateInput, 
StockMovementCreateInput>'.
      Types of property 'organizationId' are incompatible.
        Type 'string' is not assignable to type 'never'.

[7m106[0m             data: {
[7m   [0m [91m            ~~~~[0m

  [96mnode_modules/.prisma/client/index.d.ts[0m:[93m64648[0m:[93m5[0m
    [7m64648[0m     data: XOR<StockMovementCreateInput, 
StockMovementUncheckedCreateInput>
    [7m     [0m [96m    ~~~~[0m
    The expected type comes from property 'data' which is declared here on type '{ 
select?: StockMovementSelect<DefaultArgs>; omit?: StockMovementOmit<DefaultArgs>; 
include?: StockMovementInclude<DefaultArgs>; data: (Without<...> & 
StockMovementUncheckedCreateInput) | (Without<...> & StockMovementCreateInput); }'
[96msrc/inventory/returns/returns.service.ts[0m:[93m122[0m:[93m50[0m - 
[91merror[0m[90m TS2339: [0mProperty 'items' does not exist on type '{ id: string; 
createdAt: Date; updatedAt: Date; organizationId: string; guardId: string; status: 
IssuanceStatus; notes: string; storeId: string; issuanceDate: Date; issueNumber: string; 
issuedBy: string; }'.

[7m122[0m         const issuanceItemMap = new Map(issuance.items.map((i: any) => 
[i.itemId, i]));
[7m   [0m [91m                                                 ~~~~~[0m
[96msrc/inventory/returns/returns.service.ts[0m:[93m129[0m:[93m43[0m - 
[91merror[0m[90m TS2339: [0mProperty 'items' does not exist on type '{ id: string; 
createdAt: Date; updatedAt: Date; organizationId: string; guardId: string; status: 
IssuanceStatus; notes: string; storeId: string; issuanceDate: Date; issueNumber: string; 
issuedBy: string; }'.

[7m129[0m         for (const issuedItem of issuance.items) {
[7m   [0m [91m                                          ~~~~~[0m
[96msrc/inventory/returns/returns.service.ts[0m:[93m177[0m:[93m13[0m - 
[91merror[0m[90m TS2561: [0mObject literal may only specify known properties, but 
'guard' does not exist in type 'ReturnRegisterInclude<DefaultArgs>'. Did you mean to 
write 'Guard'?

[7m177[0m             guard: true,
[7m   [0m [91m            ~~~~~[0m

  [96mnode_modules/.prisma/client/index.d.ts[0m:[93m62283[0m:[93m5[0m
    [7m62283[0m     include?: ReturnRegisterInclude<ExtArgs> | null
    [7m     [0m [96m    ~~~~~~~[0m
    The expected type comes from property 'include' which is declared here on type '{ 
select?: ReturnRegisterSelect<DefaultArgs>; omit?: ReturnRegisterOmit<DefaultArgs>; 
include?: ReturnRegisterInclude<DefaultArgs>; ... 5 more ...; distinct?: 
ReturnRegisterScalarFieldEnum | ReturnRegisterScalarFieldEnum[]; }'
[96msrc/inventory/returns/returns.service.ts[0m:[93m207[0m:[93m11[0m - 
[91merror[0m[90m TS2561: [0mObject literal may only specify known properties, but 
'guard' does not exist in type 'ReturnRegisterInclude<DefaultArgs>'. Did you mean to 
write 'Guard'?

[7m207[0m           guard: true,
[7m   [0m [91m          ~~~~~[0m

  [96mnode_modules/.prisma/client/index.d.ts[0m:[93m62179[0m:[93m5[0m
    [7m62179[0m     include?: ReturnRegisterInclude<ExtArgs> | null
    [7m     [0m [96m    ~~~~~~~[0m
    The expected type comes from property 'include' which is declared here on type '{ 
select?: ReturnRegisterSelect<DefaultArgs>; omit?: ReturnRegisterOmit<DefaultArgs>; 
include?: ReturnRegisterInclude<DefaultArgs>; ... 5 more ...; distinct?: 
ReturnRegisterScalarFieldEnum | ReturnRegisterScalarFieldEnum[]; }'
[96msrc/inventory/returns/returns.service.ts[0m:[93m241[0m:[93m11[0m - 
[91merror[0m[90m TS2561: [0mObject literal may only specify known properties, but 
'guard' does not exist in type 'ReturnRegisterInclude<DefaultArgs>'. Did you mean to 
write 'Guard'?

[7m241[0m           guard: true,
[7m   [0m [91m          ~~~~~[0m

  [96mnode_modules/.prisma/client/index.d.ts[0m:[93m62386[0m:[93m5[0m
    [7m62386[0m     include?: ReturnRegisterInclude<ExtArgs> | null
    [7m     [0m [96m    ~~~~~~~[0m
    The expected type comes from property 'include' which is declared here on type '{ 
select?: ReturnRegisterSelect<DefaultArgs>; omit?: ReturnRegisterOmit<DefaultArgs>; 
include?: ReturnRegisterInclude<DefaultArgs>; data: (Without<...> & 
ReturnRegisterUncheckedUpdateInput) | (Without<...> & ReturnRegisterUpdateInput); where: 
ReturnRegisterWhereUniqueInput; }'
[96msrc/inventory/stock-movements/stock-movements.service.ts[0m:[93m51[0m:[93m13[0m 
- [91merror[0m[90m TS2561: [0mObject literal may only specify known properties, but 
'store' does not exist in type 'StockMovementInclude<DefaultArgs>'. Did you mean to write 
'Store'?

[7m51[0m             store: true,
[7m  [0m [91m            ~~~~~[0m

  [96mnode_modules/.prisma/client/index.d.ts[0m:[93m64597[0m:[93m5[0m
    [7m64597[0m     include?: StockMovementInclude<ExtArgs> | null
    [7m     [0m [96m    ~~~~~~~[0m
    The expected type comes from property 'include' which is declared here on type '{ 
select?: StockMovementSelect<DefaultArgs>; omit?: StockMovementOmit<DefaultArgs>; 
include?: StockMovementInclude<DefaultArgs>; ... 5 more ...; distinct?: 
StockMovementScalarFieldEnum | StockMovementScalarFieldEnum[]; }'
[96msrc/inventory/stock-movements/stock-movements.service.ts[0m:[93m97[0m:[93m11[0m 
- [91merror[0m[90m TS2561: [0mObject literal may only specify known properties, but 
'store' does not exist in type 'StockMovementInclude<DefaultArgs>'. Did you mean to write 
'Store'?

[7m97[0m           store: true,
[7m  [0m [91m          ~~~~~[0m

  [96mnode_modules/.prisma/client/index.d.ts[0m:[93m64493[0m:[93m5[0m
    [7m64493[0m     include?: StockMovementInclude<ExtArgs> | null
    [7m     [0m [96m    ~~~~~~~[0m
    The expected type comes from property 'include' which is declared here on type '{ 
select?: StockMovementSelect<DefaultArgs>; omit?: StockMovementOmit<DefaultArgs>; 
include?: StockMovementInclude<DefaultArgs>; ... 5 more ...; distinct?: 
StockMovementScalarFieldEnum | StockMovementScalarFieldEnum[]; }'
[96msrc/inventory/stock-movements/stock-movements.service.ts[0m:[93m130[0m:[93m13[0m
 - [91merror[0m[90m TS2561: [0mObject literal may only specify known properties, but 
'store' does not exist in type 'StockMovementInclude<DefaultArgs>'. Did you mean to write 
'Store'?

[7m130[0m             store: true,
[7m   [0m [91m            ~~~~~[0m

  [96mnode_modules/.prisma/client/index.d.ts[0m:[93m64597[0m:[93m5[0m
    [7m64597[0m     include?: StockMovementInclude<ExtArgs> | null
    [7m     [0m [96m    ~~~~~~~[0m
    The expected type comes from property 'include' which is declared here on type '{ 
select?: StockMovementSelect<DefaultArgs>; omit?: StockMovementOmit<DefaultArgs>; 
include?: StockMovementInclude<DefaultArgs>; ... 5 more ...; distinct?: 
StockMovementScalarFieldEnum | StockMovementScalarFieldEnum[]; }'
[96msrc/inventory/stock-movements/stock-movements.service.ts[0m:[93m203[0m:[93m11[0m
 - [91merror[0m[90m TS2561: [0mObject literal may only specify known properties, but 
'item' does not exist in type 'StockMovementInclude<DefaultArgs>'. Did you mean to write 
'Item'?

[7m203[0m           item: true,
[7m   [0m [91m          ~~~~[0m

  [96mnode_modules/.prisma/client/index.d.ts[0m:[93m64597[0m:[93m5[0m
    [7m64597[0m     include?: StockMovementInclude<ExtArgs> | null
    [7m     [0m [96m    ~~~~~~~[0m
    The expected type comes from property 'include' which is declared here on type '{ 
select?: StockMovementSelect<DefaultArgs>; omit?: StockMovementOmit<DefaultArgs>; 
include?: StockMovementInclude<DefaultArgs>; ... 5 more ...; distinct?: 
StockMovementScalarFieldEnum | StockMovementScalarFieldEnum[]; }'
[96msrc/inventory/stock-transfers/stock-transfers.service.ts[0m:[93m53[0m:[93m11[0m 
- [91merror[0m[90m TS2353: [0mObject literal may only specify known properties, and 
'items' does not exist in type '(Without<StockTransferCreateInput, 
StockTransferUncheckedCreateInput> & StockTransferUncheckedCreateInput) | (Without<...> & 
StockTransferCreateInput)'.

[7m53[0m           items: {
[7m  [0m [91m          ~~~~~[0m

  [96mnode_modules/.prisma/client/index.d.ts[0m:[93m65848[0m:[93m5[0m
    [7m65848[0m     data: XOR<StockTransferCreateInput, 
StockTransferUncheckedCreateInput>
    [7m     [0m [96m    ~~~~[0m
    The expected type comes from property 'data' which is declared here on type '{ 
select?: StockTransferSelect<DefaultArgs>; omit?: StockTransferOmit<DefaultArgs>; 
include?: StockTransferInclude<DefaultArgs>; data: (Without<...> & 
StockTransferUncheckedCreateInput) | (Without<...> & StockTransferCreateInput); }'
[96msrc/inventory/stock-transfers/stock-transfers.service.ts[0m:[93m63[0m:[93m11[0m 
- [91merror[0m[90m TS2353: [0mObject literal may only specify known properties, and 
'fromStore' does not exist in type 'StockTransferInclude<DefaultArgs>'.

[7m63[0m           fromStore: true,
[7m  [0m [91m          ~~~~~~~~~[0m

  [96mnode_modules/.prisma/client/index.d.ts[0m:[93m65844[0m:[93m5[0m
    [7m65844[0m     include?: StockTransferInclude<ExtArgs> | null
    [7m     [0m [96m    ~~~~~~~[0m
    The expected type comes from property 'include' which is declared here on type '{ 
select?: StockTransferSelect<DefaultArgs>; omit?: StockTransferOmit<DefaultArgs>; 
include?: StockTransferInclude<DefaultArgs>; data: (Without<...> & 
StockTransferUncheckedCreateInput) | (Without<...> & StockTransferCreateInput); }'
[96msrc/inventory/stock-transfers/stock-transfers.service.ts[0m:[93m92[0m:[93m13[0m 
- [91merror[0m[90m TS2353: [0mObject literal may only specify known properties, and 
'fromStore' does not exist in type 'StockTransferInclude<DefaultArgs>'.

[7m92[0m             fromStore: true,
[7m  [0m [91m            ~~~~~~~~~[0m

  [96mnode_modules/.prisma/client/index.d.ts[0m:[93m65797[0m:[93m5[0m
    [7m65797[0m     include?: StockTransferInclude<ExtArgs> | null
    [7m     [0m [96m    ~~~~~~~[0m
    The expected type comes from property 'include' which is declared here on type '{ 
select?: StockTransferSelect<DefaultArgs>; omit?: StockTransferOmit<DefaultArgs>; 
include?: StockTransferInclude<DefaultArgs>; ... 5 more ...; distinct?: 
StockTransferScalarFieldEnum | StockTransferScalarFieldEnum[]; }'
[96msrc/inventory/stock-transfers/stock-transfers.service.ts[0m:[93m117[0m:[93m11[0m
 - [91merror[0m[90m TS2353: [0mObject literal may only specify known properties, and 
'fromStore' does not exist in type 'StockTransferInclude<DefaultArgs>'.

[7m117[0m           fromStore: true,
[7m   [0m [91m          ~~~~~~~~~[0m

  [96mnode_modules/.prisma/client/index.d.ts[0m:[93m65693[0m:[93m5[0m
    [7m65693[0m     include?: StockTransferInclude<ExtArgs> | null
    [7m     [0m [96m    ~~~~~~~[0m
    The expected type comes from property 'include' which is declared here on type '{ 
select?: StockTransferSelect<DefaultArgs>; omit?: StockTransferOmit<DefaultArgs>; 
include?: StockTransferInclude<DefaultArgs>; ... 5 more ...; distinct?: 
StockTransferScalarFieldEnum | StockTransferScalarFieldEnum[]; }'
[96msrc/inventory/stock-transfers/stock-transfers.service.ts[0m:[93m170[0m:[93m11[0m
 - [91merror[0m[90m TS2353: [0mObject literal may only specify known properties, and 
'fromStore' does not exist in type 'StockTransferInclude<DefaultArgs>'.

[7m170[0m           fromStore: true,
[7m   [0m [91m          ~~~~~~~~~[0m

  [96mnode_modules/.prisma/client/index.d.ts[0m:[93m65900[0m:[93m5[0m
    [7m65900[0m     include?: StockTransferInclude<ExtArgs> | null
    [7m     [0m [96m    ~~~~~~~[0m
    The expected type comes from property 'include' which is declared here on type '{ 
select?: StockTransferSelect<DefaultArgs>; omit?: StockTransferOmit<DefaultArgs>; 
include?: StockTransferInclude<DefaultArgs>; data: (Without<...> & 
StockTransferUncheckedUpdateInput) | (Without<...> & StockTransferUpdateInput); where: 
StockTransferWhereUniqueInput; }'
[96msrc/inventory/stock-transfers/stock-transfers.service.ts[0m:[93m225[0m:[93m11[0m
 - [91merror[0m[90m TS2353: [0mObject literal may only specify known properties, and 
'fromStore' does not exist in type 'StockTransferInclude<DefaultArgs>'.

[7m225[0m           fromStore: true,
[7m   [0m [91m          ~~~~~~~~~[0m

  [96mnode_modules/.prisma/client/index.d.ts[0m:[93m65900[0m:[93m5[0m
    [7m65900[0m     include?: StockTransferInclude<ExtArgs> | null
    [7m     [0m [96m    ~~~~~~~[0m
    The expected type comes from property 'include' which is declared here on type '{ 
select?: StockTransferSelect<DefaultArgs>; omit?: StockTransferOmit<DefaultArgs>; 
include?: StockTransferInclude<DefaultArgs>; data: (Without<...> & 
StockTransferUncheckedUpdateInput) | (Without<...> & StockTransferUpdateInput); where: 
StockTransferWhereUniqueInput; }'
[96msrc/inventory/stock-transfers/stock-transfers.service.ts[0m:[93m242[0m:[93m13[0m
 - [91merror[0m[90m TS2353: [0mObject literal may only specify known properties, and 
'items' does not exist in type 'StockTransferInclude<DefaultArgs>'.

[7m242[0m             items: { include: { item: true } },
[7m   [0m [91m            ~~~~~[0m

  [96mnode_modules/.prisma/client/index.d.ts[0m:[93m65693[0m:[93m5[0m
    [7m65693[0m     include?: StockTransferInclude<ExtArgs> | null
    [7m     [0m [96m    ~~~~~~~[0m
    The expected type comes from property 'include' which is declared here on type '{ 
select?: StockTransferSelect<DefaultArgs>; omit?: StockTransferOmit<DefaultArgs>; 
include?: StockTransferInclude<DefaultArgs>; ... 5 more ...; distinct?: 
StockTransferScalarFieldEnum | StockTransferScalarFieldEnum[]; }'
[96msrc/inventory/stock-transfers/stock-transfers.service.ts[0m:[93m270[0m:[93m45[0m
 - [91merror[0m[90m TS2339: [0mProperty 'items' does not exist on type '{ id: string; 
createdAt: Date; updatedAt: Date; organizationId: string; status: TransferStatus; notes: 
string; receivedBy: string; receivedDate: Date; fromStoreId: string; toStoreId: string; 
transferNumber: string; transferDate: Date; initiatedBy: string; }'.

[7m270[0m         for (const transferItem of transfer.items) {
[7m   [0m [91m                                            ~~~~~[0m
[96msrc/inventory/stock-transfers/stock-transfers.service.ts[0m:[93m303[0m:[93m13[0m
 - [91merror[0m[90m TS2322: [0mType '{ organizationId: string; storeId: string; 
itemId: any; movementType: "TRANSFER"; quantity: any; referenceType: string; referenceId: 
string; referenceNumber: string; movedBy: string; notes: string; }' is not assignable to 
type '(Without<StockMovementCreateInput, StockMovementUncheckedCreateInput> & 
StockMovementUncheckedCreateInput) | (Without<...> & StockMovementCreateInput)'.
  Type '{ organizationId: string; storeId: string; itemId: any; movementType: "TRANSFER"; 
quantity: any; referenceType: string; referenceId: string; referenceNumber: string; 
movedBy: string; notes: string; }' is not assignable to type 
'Without<StockMovementUncheckedCreateInput, StockMovementCreateInput> & 
StockMovementCreateInput'.
    Type '{ organizationId: string; storeId: string; itemId: any; movementType: 
"TRANSFER"; quantity: any; referenceType: string; referenceId: string; referenceNumber: 
string; movedBy: string; notes: string; }' is not assignable to type 
'Without<StockMovementUncheckedCreateInput, StockMovementCreateInput>'.
      Types of property 'organizationId' are incompatible.
        Type 'string' is not assignable to type 'never'.

[7m303[0m             data: {
[7m   [0m [91m            ~~~~[0m

  [96mnode_modules/.prisma/client/index.d.ts[0m:[93m64648[0m:[93m5[0m
    [7m64648[0m     data: XOR<StockMovementCreateInput, 
StockMovementUncheckedCreateInput>
    [7m     [0m [96m    ~~~~[0m
    The expected type comes from property 'data' which is declared here on type '{ 
select?: StockMovementSelect<DefaultArgs>; omit?: StockMovementOmit<DefaultArgs>; 
include?: StockMovementInclude<DefaultArgs>; data: (Without<...> & 
StockMovementUncheckedCreateInput) | (Without<...> & StockMovementCreateInput); }'
[96msrc/inventory/stock-transfers/stock-transfers.service.ts[0m:[93m324[0m:[93m15[0m
 - [91merror[0m[90m TS2322: [0mType '{ organizationId: string; storeId: string; 
itemId: any; quantityOnHand: any; quantityReserved: number; quantityAvailable: any; }' is 
not assignable to type '(Without<InventoryCreateInput, InventoryUncheckedCreateInput> & 
InventoryUncheckedCreateInput) | (Without<...> & InventoryCreateInput)'.
  Type '{ organizationId: string; storeId: string; itemId: any; quantityOnHand: any; 
quantityReserved: number; quantityAvailable: any; }' is not assignable to type 
'Without<InventoryUncheckedCreateInput, InventoryCreateInput> & InventoryCreateInput'.
    Type '{ organizationId: string; storeId: string; itemId: any; quantityOnHand: any; 
quantityReserved: number; quantityAvailable: any; }' is not assignable to type 
'Without<InventoryUncheckedCreateInput, InventoryCreateInput>'.
      Types of property 'organizationId' are incompatible.
        Type 'string' is not assignable to type 'never'.

[7m324[0m               data: {
[7m   [0m [91m              ~~~~[0m

  [96mnode_modules/.prisma/client/index.d.ts[0m:[93m37444[0m:[93m5[0m
    [7m37444[0m     data: XOR<InventoryCreateInput, InventoryUncheckedCreateInput>
    [7m     [0m [96m    ~~~~[0m
    The expected type comes from property 'data' which is declared here on type '{ 
select?: InventorySelect<DefaultArgs>; omit?: InventoryOmit<DefaultArgs>; include?: 
InventoryInclude<DefaultArgs>; data: (Without<...> & InventoryUncheckedCreateInput) | 
(Without<...> & InventoryCreateInput); }'
[96msrc/inventory/stock-transfers/stock-transfers.service.ts[0m:[93m347[0m:[93m13[0m
 - [91merror[0m[90m TS2322: [0mType '{ organizationId: string; storeId: string; 
itemId: any; movementType: "TRANSFER"; quantity: any; referenceType: string; referenceId: 
string; referenceNumber: string; movedBy: string; notes: string; }' is not assignable to 
type '(Without<StockMovementCreateInput, StockMovementUncheckedCreateInput> & 
StockMovementUncheckedCreateInput) | (Without<...> & StockMovementCreateInput)'.
  Type '{ organizationId: string; storeId: string; itemId: any; movementType: "TRANSFER"; 
quantity: any; referenceType: string; referenceId: string; referenceNumber: string; 
movedBy: string; notes: string; }' is not assignable to type 
'Without<StockMovementUncheckedCreateInput, StockMovementCreateInput> & 
StockMovementCreateInput'.
    Type '{ organizationId: string; storeId: string; itemId: any; movementType: 
"TRANSFER"; quantity: any; referenceType: string; referenceId: string; referenceNumber: 
string; movedBy: string; notes: string; }' is not assignable to type 
'Without<StockMovementUncheckedCreateInput, StockMovementCreateInput>'.
      Types of property 'organizationId' are incompatible.
        Type 'string' is not assignable to type 'never'.

[7m347[0m             data: {
[7m   [0m [91m            ~~~~[0m

  [96mnode_modules/.prisma/client/index.d.ts[0m:[93m64648[0m:[93m5[0m
    [7m64648[0m     data: XOR<StockMovementCreateInput, 
StockMovementUncheckedCreateInput>
    [7m     [0m [96m    ~~~~[0m
    The expected type comes from property 'data' which is declared here on type '{ 
select?: StockMovementSelect<DefaultArgs>; omit?: StockMovementOmit<DefaultArgs>; 
include?: StockMovementInclude<DefaultArgs>; data: (Without<...> & 
StockMovementUncheckedCreateInput) | (Without<...> & StockMovementCreateInput); }'
[96msrc/inventory/stock-transfers/stock-transfers.service.ts[0m:[93m371[0m:[93m13[0m
 - [91merror[0m[90m TS2353: [0mObject literal may only specify known properties, and 
'fromStore' does not exist in type 'StockTransferInclude<DefaultArgs>'.

[7m371[0m             fromStore: true,
[7m   [0m [91m            ~~~~~~~~~[0m

  [96mnode_modules/.prisma/client/index.d.ts[0m:[93m65900[0m:[93m5[0m
    [7m65900[0m     include?: StockTransferInclude<ExtArgs> | null
    [7m     [0m [96m    ~~~~~~~[0m
    The expected type comes from property 'include' which is declared here on type '{ 
select?: StockTransferSelect<DefaultArgs>; omit?: StockTransferOmit<DefaultArgs>; 
include?: StockTransferInclude<DefaultArgs>; data: (Without<...> & 
StockTransferUncheckedUpdateInput) | (Without<...> & StockTransferUpdateInput); where: 
StockTransferWhereUniqueInput; }'
[96msrc/inventory/stock-transfers/stock-transfers.service.ts[0m:[93m407[0m:[93m11[0m
 - [91merror[0m[90m TS2353: [0mObject literal may only specify known properties, and 
'fromStore' does not exist in type 'StockTransferInclude<DefaultArgs>'.

[7m407[0m           fromStore: true,
[7m   [0m [91m          ~~~~~~~~~[0m

  [96mnode_modules/.prisma/client/index.d.ts[0m:[93m65900[0m:[93m5[0m
    [7m65900[0m     include?: StockTransferInclude<ExtArgs> | null
    [7m     [0m [96m    ~~~~~~~[0m
    The expected type comes from property 'include' which is declared here on type '{ 
select?: StockTransferSelect<DefaultArgs>; omit?: StockTransferOmit<DefaultArgs>; 
include?: StockTransferInclude<DefaultArgs>; data: (Without<...> & 
StockTransferUncheckedUpdateInput) | (Without<...> & StockTransferUpdateInput); where: 
StockTransferWhereUniqueInput; }'
[96msrc/inventory/stores/stores.service.ts[0m:[93m41[0m:[93m9[0m - 
[91merror[0m[90m TS2322: [0mType '{ organizationId: string; officeId: string; name: 
string; location: string; address: string; phone: string; email: string; manager: string; 
capacity: number; isActive: true; }' is not assignable to type 
'(Without<StoreCreateInput, StoreUncheckedCreateInput> & StoreUncheckedCreateInput) | 
(Without<...> & StoreCreateInput)'.
  Type '{ organizationId: string; officeId: string; name: string; location: string; 
address: string; phone: string; email: string; manager: string; capacity: number; 
isActive: true; }' is not assignable to type 'Without<StoreUncheckedCreateInput, 
StoreCreateInput> & StoreCreateInput'.
    Type '{ organizationId: string; officeId: string; name: string; location: string; 
address: string; phone: string; email: string; manager: string; capacity: number; 
isActive: true; }' is not assignable to type 'Without<StoreUncheckedCreateInput, 
StoreCreateInput>'.
      Types of property 'organizationId' are incompatible.
        Type 'string' is not assignable to type 'never'.

[7m41[0m         data: {
[7m  [0m [91m        ~~~~[0m

  [96mnode_modules/.prisma/client/index.d.ts[0m:[93m68250[0m:[93m5[0m
    [7m68250[0m     data: XOR<StoreCreateInput, StoreUncheckedCreateInput>
    [7m     [0m [96m    ~~~~[0m
    The expected type comes from property 'data' which is declared here on type '{ 
select?: StoreSelect<DefaultArgs>; omit?: StoreOmit<DefaultArgs>; include?: 
StoreInclude<DefaultArgs>; data: (Without<...> & StoreUncheckedCreateInput) | 
(Without<...> & StoreCreateInput); }'
[96msrc/inventory/stores/stores.service.ts[0m:[93m54[0m:[93m11[0m - 
[91merror[0m[90m TS2561: [0mObject literal may only specify known properties, but 
'office' does not exist in type 'StoreInclude<DefaultArgs>'. Did you mean to write 
'Office'?

[7m54[0m           office: true,
[7m  [0m [91m          ~~~~~~[0m

  [96mnode_modules/.prisma/client/index.d.ts[0m:[93m68246[0m:[93m5[0m
    [7m68246[0m     include?: StoreInclude<ExtArgs> | null
    [7m     [0m [96m    ~~~~~~~[0m
    The expected type comes from property 'include' which is declared here on type '{ 
select?: StoreSelect<DefaultArgs>; omit?: StoreOmit<DefaultArgs>; include?: 
StoreInclude<DefaultArgs>; data: (Without<...> & StoreUncheckedCreateInput) | 
(Without<...> & StoreCreateInput); }'
[96msrc/inventory/stores/stores.service.ts[0m:[93m103[0m:[93m13[0m - 
[91merror[0m[90m TS2561: [0mObject literal may only specify known properties, but 
'office' does not exist in type 'StoreInclude<DefaultArgs>'. Did you mean to write 
'Office'?

[7m103[0m             office: true,
[7m   [0m [91m            ~~~~~~[0m

  [96mnode_modules/.prisma/client/index.d.ts[0m:[93m68199[0m:[93m5[0m
    [7m68199[0m     include?: StoreInclude<ExtArgs> | null
    [7m     [0m [96m    ~~~~~~~[0m
    The expected type comes from property 'include' which is declared here on type '{ 
select?: StoreSelect<DefaultArgs>; omit?: StoreOmit<DefaultArgs>; include?: 
StoreInclude<DefaultArgs>; ... 5 more ...; distinct?: StoreScalarFieldEnum | 
StoreScalarFieldEnum[]; }'
[96msrc/inventory/stores/stores.service.ts[0m:[93m132[0m:[93m11[0m - 
[91merror[0m[90m TS2561: [0mObject literal may only specify known properties, but 
'office' does not exist in type 'StoreInclude<DefaultArgs>'. Did you mean to write 
'Office'?

[7m132[0m           office: true,
[7m   [0m [91m          ~~~~~~[0m

  [96mnode_modules/.prisma/client/index.d.ts[0m:[93m68095[0m:[93m5[0m
    [7m68095[0m     include?: StoreInclude<ExtArgs> | null
    [7m     [0m [96m    ~~~~~~~[0m
    The expected type comes from property 'include' which is declared here on type '{ 
select?: StoreSelect<DefaultArgs>; omit?: StoreOmit<DefaultArgs>; include?: 
StoreInclude<DefaultArgs>; ... 5 more ...; distinct?: StoreScalarFieldEnum | 
StoreScalarFieldEnum[]; }'
[96msrc/inventory/stores/stores.service.ts[0m:[93m195[0m:[93m11[0m - 
[91merror[0m[90m TS2561: [0mObject literal may only specify known properties, but 
'office' does not exist in type 'StoreInclude<DefaultArgs>'. Did you mean to write 
'Office'?

[7m195[0m           office: true,
[7m   [0m [91m          ~~~~~~[0m

  [96mnode_modules/.prisma/client/index.d.ts[0m:[93m68302[0m:[93m5[0m
    [7m68302[0m     include?: StoreInclude<ExtArgs> | null
    [7m     [0m [96m    ~~~~~~~[0m
    The expected type comes from property 'include' which is declared here on type '{ 
select?: StoreSelect<DefaultArgs>; omit?: StoreOmit<DefaultArgs>; include?: 
StoreInclude<DefaultArgs>; data: (Without<...> & StoreUncheckedUpdateInput) | 
(Without<...> & StoreUpdateInput); where: StoreWhereUniqueInput; }'
[96msrc/inventory/stores/stores.service.ts[0m:[93m254[0m:[93m11[0m - 
[91merror[0m[90m TS2561: [0mObject literal may only specify known properties, but 
'office' does not exist in type 'StoreInclude<DefaultArgs>'. Did you mean to write 
'Office'?

[7m254[0m           office: true,
[7m   [0m [91m          ~~~~~~[0m

  [96mnode_modules/.prisma/client/index.d.ts[0m:[93m68302[0m:[93m5[0m
    [7m68302[0m     include?: StoreInclude<ExtArgs> | null
    [7m     [0m [96m    ~~~~~~~[0m
    The expected type comes from property 'include' which is declared here on type '{ 
select?: StoreSelect<DefaultArgs>; omit?: StoreOmit<DefaultArgs>; include?: 
StoreInclude<DefaultArgs>; data: (Without<...> & StoreUncheckedUpdateInput) | 
(Without<...> & StoreUpdateInput); where: StoreWhereUniqueInput; }'
[96msrc/inventory/vendors/vendors.service.ts[0m:[93m21[0m:[93m9[0m - 
[91merror[0m[90m TS2322: [0mType '{ organizationId: string; name: string; 
contactPerson: string; email: string; phone: string; phoneSecondary: string; address: 
string; city: string; country: string; paymentTerms: string; rating: number; isActive: 
true; }' is not assignable to type '(Without<VendorCreateInput, 
VendorUncheckedCreateInput> & VendorUncheckedCreateInput) | (Without<...> & 
VendorCreateInput)'.
  Type '{ organizationId: string; name: string; contactPerson: string; email: string; 
phone: string; phoneSecondary: string; address: string; city: string; country: string; 
paymentTerms: string; rating: number; isActive: true; }' is not assignable to type 
'Without<VendorUncheckedCreateInput, VendorCreateInput> & VendorCreateInput'.
    Type '{ organizationId: string; name: string; contactPerson: string; email: string; 
phone: string; phoneSecondary: string; address: string; city: string; country: string; 
paymentTerms: string; rating: number; isActive: true; }' is not assignable to type 
'Without<VendorUncheckedCreateInput, VendorCreateInput>'.
      Types of property 'organizationId' are incompatible.
        Type 'string' is not assignable to type 'never'.

[7m21[0m         data: {
[7m  [0m [91m        ~~~~[0m

  [96mnode_modules/.prisma/client/index.d.ts[0m:[93m73423[0m:[93m5[0m
    [7m73423[0m     data: XOR<VendorCreateInput, VendorUncheckedCreateInput>
    [7m     [0m [96m    ~~~~[0m
    The expected type comes from property 'data' which is declared here on type '{ 
select?: VendorSelect<DefaultArgs>; omit?: VendorOmit<DefaultArgs>; include?: 
VendorInclude<DefaultArgs>; data: (Without<...> & VendorUncheckedCreateInput) | 
(Without<...> & VendorCreateInput); }'
[96msrc/inventory/vendors/vendors.service.ts[0m:[93m180[0m:[93m20[0m - 
[91merror[0m[90m TS2353: [0mObject literal may only specify known properties, and 
'category' does not exist in type 'ItemInclude<DefaultArgs>'.

[7m180[0m         include: { category: true, group: true },
[7m   [0m [91m                   ~~~~~~~~[0m

  [96mnode_modules/.prisma/client/index.d.ts[0m:[93m43502[0m:[93m5[0m
    [7m43502[0m     include?: ItemInclude<ExtArgs> | null
    [7m     [0m [96m    ~~~~~~~[0m
    The expected type comes from property 'include' which is declared here on type '{ 
select?: ItemSelect<DefaultArgs>; omit?: ItemOmit<DefaultArgs>; include?: 
ItemInclude<DefaultArgs>; ... 5 more ...; distinct?: ItemScalarFieldEnum | 
ItemScalarFieldEnum[]; }'
[96msrc/inventory/vendors/vendors.service.ts[0m:[93m203[0m:[93m20[0m - 
[91merror[0m[90m TS2353: [0mObject literal may only specify known properties, and 
'items' does not exist in type 'PurchaseOrderInclude<DefaultArgs>'.

[7m203[0m         include: { items: true, creator: true },
[7m   [0m [91m                   ~~~~~[0m

  [96mnode_modules/.prisma/client/index.d.ts[0m:[93m54977[0m:[93m5[0m
    [7m54977[0m     include?: PurchaseOrderInclude<ExtArgs> | null
    [7m     [0m [96m    ~~~~~~~[0m
    The expected type comes from property 'include' which is declared here on type '{ 
select?: PurchaseOrderSelect<DefaultArgs>; omit?: PurchaseOrderOmit<DefaultArgs>; 
include?: PurchaseOrderInclude<DefaultArgs>; ... 5 more ...; distinct?: 
PurchaseOrderScalarFieldEnum | PurchaseOrderScalarFieldEnum[]; }'
[96msrc/inventory/vendors/vendors.service.ts[0m:[93m240[0m:[93m11[0m - 
[91merror[0m[90m TS2353: [0mObject literal may only specify known properties, and 
'items' does not exist in type 'GrnInclude<DefaultArgs>'.

[7m240[0m           items: { include: { item: true } },
[7m   [0m [91m          ~~~~~[0m

  [96mnode_modules/.prisma/client/index.d.ts[0m:[93m25836[0m:[93m5[0m
    [7m25836[0m     include?: GrnInclude<ExtArgs> | null
    [7m     [0m [96m    ~~~~~~~[0m
    The expected type comes from property 'include' which is declared here on type '{ 
select?: GrnSelect<DefaultArgs>; omit?: GrnOmit<DefaultArgs>; include?: 
GrnInclude<DefaultArgs>; where?: GrnWhereInput; ... 4 more ...; distinct?: 
GrnScalarFieldEnum | GrnScalarFieldEnum[]; }'
[96msrc/location-type/location-type.service.ts[0m:[93m7[0m:[93m18[0m - 
[91merror[0m[90m TS2724: [0m'"@prisma/client"' has no exported member named 
'locationType'. Did you mean 'location_types'?

[7m7[0m import { Prisma, locationType } from '@prisma/client';
[7m [0m [91m                 ~~~~~~~~~~~~[0m
[96msrc/location-type/location-type.service.ts[0m:[93m24[0m:[93m50[0m - 
[91merror[0m[90m TS2322: [0mType '{ type: string; }' is not assignable to type 
'(Without<location_typesCreateInput, location_typesUncheckedCreateInput> & 
location_typesUncheckedCreateInput) | (Without<...> & location_typesCreateInput)'.
  Type '{ type: string; }' is not assignable to type 
'Without<location_typesUncheckedCreateInput, location_typesCreateInput> & 
location_typesCreateInput'.
    Type '{ type: string; }' is missing the following properties from type 
'location_typesCreateInput': id, updatedAt

[7m24[0m       return this.prisma.location_types.create({ data: { ...dto } });
[7m  [0m [91m                                                 ~~~~[0m

  [96mnode_modules/.prisma/client/index.d.ts[0m:[93m74525[0m:[93m5[0m
    [7m74525[0m     data: XOR<location_typesCreateInput, 
location_typesUncheckedCreateInput>
    [7m     [0m [96m    ~~~~[0m
    The expected type comes from property 'data' which is declared here on type '{ 
select?: location_typesSelect<DefaultArgs>; omit?: location_typesOmit<DefaultArgs>; 
include?: location_typesInclude<DefaultArgs>; data: (Without<...> & 
location_typesUncheckedCreateInput) | (Without<...> & location_typesCreateInput); }'
[96msrc/location/location.service.ts[0m:[93m56[0m:[93m11[0m - [91merror[0m[90m 
TS2353: [0mObject literal may only specify known properties, and 'taxes' does not exist 
in type '(Without<locationsCreateInput, locationsUncheckedCreateInput> & 
locationsUncheckedCreateInput) | (Without<...> & locationsCreateInput)'.

[7m56[0m           taxes: {
[7m  [0m [91m          ~~~~~[0m

  [96mnode_modules/.prisma/client/index.d.ts[0m:[93m75814[0m:[93m5[0m
    [7m75814[0m     data: XOR<locationsCreateInput, locationsUncheckedCreateInput>
    [7m     [0m [96m    ~~~~[0m
    The expected type comes from property 'data' which is declared here on type '{ 
select?: locationsSelect<DefaultArgs>; omit?: locationsOmit<DefaultArgs>; include?: 
locationsInclude<DefaultArgs>; data: (Without<...> & locationsUncheckedCreateInput) | 
(Without<...> & locationsCreateInput); }'
[96msrc/location/location.service.ts[0m:[93m65[0m:[93m25[0m - [91merror[0m[90m 
TS2551: [0mProperty 'requested_guards' does not exist on type 'CreateLocationDto'. Did 
you mean 'requestedGuards'?

[7m65[0m             create: dto.requested_guards.map((guard) => ({
[7m  [0m [91m                        ~~~~~~~~~~~~~~~~[0m

  [96msrc/location/dto/create-location.dto.ts[0m:[93m172[0m:[93m3[0m
    [7m172[0m   requestedGuards: CreateRequestedGuardDto[];
    [7m   [0m [96m  ~~~~~~~~~~~~~~~[0m
    'requestedGuards' is declared here.
[96msrc/location/location.service.ts[0m:[93m87[0m:[93m15[0m - [91merror[0m[90m 
TS2353: [0mObject literal may only specify known properties, and 'finances' does not 
exist in type 'requested_guardsInclude<DefaultArgs>'.

[7m87[0m               finances: true,
[7m  [0m [91m              ~~~~~~~~[0m
[96msrc/location/location.service.ts[0m:[93m102[0m:[93m13[0m - [91merror[0m[90m 
TS2353: [0mObject literal may only specify known properties, and 'finances' does not 
exist in type 'requested_guardsInclude<DefaultArgs>'.

[7m102[0m             finances: true,
[7m   [0m [91m            ~~~~~~~~[0m
[96msrc/location/location.service.ts[0m:[93m116[0m:[93m98[0m - [91merror[0m[90m 
TS2353: [0mObject literal may only specify known properties, and 'finances' does not 
exist in type 'requested_guardsInclude<DefaultArgs>'.

[7m116[0m       ? await this.prisma.locations.findFirst({ where, include: { 
requested_guards: { include: { finances: true } } } })
[7m   [0m [91m                                                                         
                        ~~~~~~~~[0m
[96msrc/location/location.service.ts[0m:[93m117[0m:[93m107[0m - [91merror[0m[90m 
TS2353: [0mObject literal may only specify known properties, and 'finances' does not 
exist in type 'requested_guardsInclude<DefaultArgs>'.

[7m117[0m       : await this.prisma.locations.findUnique({ where: { id }, include: { 
requested_guards: { include: { finances: true } } } });
[7m   [0m [91m                                                                         
                                 ~~~~~~~~[0m
[96msrc/location/location.service.ts[0m:[93m177[0m:[93m13[0m - [91merror[0m[90m 
TS2353: [0mObject literal may only specify known properties, and 'finances' does not 
exist in type 'requested_guardsInclude<DefaultArgs>'.

[7m177[0m             finances: true,
[7m   [0m [91m            ~~~~~~~~[0m
[96msrc/location/location.service.ts[0m:[93m200[0m:[93m13[0m - [91merror[0m[90m 
TS2353: [0mObject literal may only specify known properties, and 'finances' does not 
exist in type 'requested_guardsInclude<DefaultArgs>'.

[7m200[0m             finances: true,
[7m   [0m [91m            ~~~~~~~~[0m
[96msrc/location/location.service.ts[0m:[93m237[0m:[93m13[0m - [91merror[0m[90m 
TS2322: [0mType '{ select: { Shift: true; }; }' is not assignable to type 'boolean'.

[7m237[0m             requestedGuardId: {
[7m   [0m [91m            ~~~~~~~~~~~~~~~~[0m

  [96mnode_modules/@prisma/client/runtime/library.d.ts[0m:[93m1781[0m:[93m169[0m
    [7m1781[0m export declare type GetSelect<Base extends Record<any, any>, R extends 
InternalArgs['result'][string], KR extends keyof R = string extends keyof R ? never : 
keyof R> = {
    [7m    [0m [96m                                                                    
                                                                                          
          ~[0m
    [7m1782[0m     [K in KR | keyof Base]?: K extends KR ? boolean : Base[K];
    [7m    [0m [96m~~~~~~~~~~~~~~~~~~~~~~~~~~~~~~~~~~~~~~~~~~~~~~~~~~~~~~~~~~~~~~[0m
    [7m1783[0m };
    [7m    [0m [96m~[0m
    The expected type comes from property 'requestedGuardId' which is declared here on 
type 'AssignedGuardSelect<DefaultArgs>'
[96msrc/location/location.service.ts[0m:[93m319[0m:[93m23[0m - [91merror[0m[90m 
TS2551: [0mProperty 'requested_guards' does not exist on type 
'Partial<CreateLocationDto>'. Did you mean 'requestedGuards'?

[7m319[0m           create: dto.requested_guards.map((guard) => ({
[7m   [0m [91m                      ~~~~~~~~~~~~~~~~[0m
[96msrc/location/location.service.ts[0m:[93m348[0m:[93m15[0m - [91merror[0m[90m 
TS2353: [0mObject literal may only specify known properties, and 'finances' does not 
exist in type 'requested_guardsInclude<DefaultArgs>'.

[7m348[0m               finances: true,
[7m   [0m [91m              ~~~~~~~~[0m
[96msrc/location/location.service.ts[0m:[93m492[0m:[93m11[0m - [91merror[0m[90m 
TS2561: [0mObject literal may only specify known properties, but 'client' does not exist 
in type 'locationsSelect<DefaultArgs>'. Did you mean to write 'Client'?

[7m492[0m           client: {
[7m   [0m [91m          ~~~~~~[0m

  [96mnode_modules/.prisma/client/index.d.ts[0m:[93m75755[0m:[93m5[0m
    [7m75755[0m     select?: locationsSelect<ExtArgs> | null
    [7m     [0m [96m    ~~~~~~[0m
    The expected type comes from property 'select' which is declared here on type '{ 
select?: locationsSelect<DefaultArgs>; omit?: locationsOmit<DefaultArgs>; include?: 
locationsInclude<DefaultArgs>; ... 5 more ...; distinct?: LocationsScalarFieldEnum | 
LocationsScalarFieldEnum[]; }'
[96msrc/location/location.service.ts[0m:[93m539[0m:[93m33[0m - [91merror[0m[90m 
TS2551: [0mProperty 'client' does not exist on type '{ id: string; createdAt: Date; 
updatedAt: Date; isActive: boolean; organizationId: string; officeId: string; clientId: 
string; address: string; city: string; country: string; locationName: string; ... 6 more 
...; locationTypeId: string; }'. Did you mean 'clientId'?

[7m539[0m           companyName: location.client.companyName,
[7m   [0m [91m                                ~~~~~~[0m
[96msrc/location/location.service.ts[0m:[93m540[0m:[93m36[0m - [91merror[0m[90m 
TS2551: [0mProperty 'client' does not exist on type '{ id: string; createdAt: Date; 
updatedAt: Date; isActive: boolean; organizationId: string; officeId: string; clientId: 
string; address: string; city: string; country: string; locationName: string; ... 6 more 
...; locationTypeId: string; }'. Did you mean 'clientId'?

[7m540[0m           contractNumber: location.client.contractNumber,
[7m   [0m [91m                                   ~~~~~~[0m
[96msrc/location/location.service.ts[0m:[93m541[0m:[93m35[0m - [91merror[0m[90m 
TS2551: [0mProperty 'client' does not exist on type '{ id: string; createdAt: Date; 
updatedAt: Date; isActive: boolean; organizationId: string; officeId: string; clientId: 
string; address: string; city: string; country: string; locationName: string; ... 6 more 
...; locationTypeId: string; }'. Did you mean 'clientId'?

[7m541[0m           contactNumber: location.client.contactNumber,
[7m   [0m [91m                                  ~~~~~~[0m
[96msrc/location/location.service.ts[0m:[93m544[0m:[93m32[0m - [91merror[0m[90m 
TS2339: [0mProperty 'AssignedGuard' does not exist on type '{ id: string; createdAt: 
Date; updatedAt: Date; isActive: boolean; organizationId: string; officeId: string; 
clientId: string; address: string; city: string; country: string; locationName: string; 
... 6 more ...; locationTypeId: string; }'.

[7m544[0m           totalCount: location.AssignedGuard.length,
[7m   [0m [91m                               ~~~~~~~~~~~~~[0m
[96msrc/location/location.service.ts[0m:[93m545[0m:[93m26[0m - [91merror[0m[90m 
TS2339: [0mProperty 'AssignedGuard' does not exist on type '{ id: string; createdAt: 
Date; updatedAt: Date; isActive: boolean; organizationId: string; officeId: string; 
clientId: string; address: string; city: string; country: string; locationName: string; 
... 6 more ...; locationTypeId: string; }'.

[7m545[0m           list: location.AssignedGuard.map((ag) => ({
[7m   [0m [91m                         ~~~~~~~~~~~~~[0m
[96msrc/organization/organization.service.ts[0m:[93m51[0m:[93m15[0m - 
[91merror[0m[90m TS2561: [0mObject literal may only specify known properties, but 
'role' does not exist in type 'UserRoleWhereInput'. Did you mean to write 'Role'?

[7m51[0m               role: {
[7m  [0m [91m              ~~~~[0m

  [96mnode_modules/.prisma/client/index.d.ts[0m:[93m96266[0m:[93m5[0m
    [7m96266[0m     some?: UserRoleWhereInput
    [7m     [0m [96m    ~~~~[0m
    The expected type comes from property 'some' which is declared here on type 
'UserRoleListRelationFilter'
[96msrc/organization/organization.service.ts[0m:[93m137[0m:[93m13[0m - 
[91merror[0m[90m TS2322: [0mType '{ OrganizationFeature: { create: { id: 
`${string}-${string}-${string}-${string}-${string}`; featureId: string; }[]; }; 
organizationName: string; province: string; city: string; phoneNumber1: string; 
phoneNumber2: string; ... 4 more ...; id: string; }' is not assignable to type 
'(Without<OrganizationCreateInput, OrganizationUncheckedCreateInput> & 
OrganizationUncheckedCreateInput) | (Without<...> & OrganizationCreateInput)'.
  Type '{ OrganizationFeature: { create: { id: 
`${string}-${string}-${string}-${string}-${string}`; featureId: string; }[]; }; 
organizationName: string; province: string; city: string; phoneNumber1: string; 
phoneNumber2: string; ... 4 more ...; id: string; }' is not assignable to type 
'Without<OrganizationUncheckedCreateInput, OrganizationCreateInput> & 
OrganizationCreateInput'.
    Type '{ OrganizationFeature: { create: { id: 
`${string}-${string}-${string}-${string}-${string}`; featureId: string; }[]; }; 
organizationName: string; province: string; city: string; phoneNumber1: string; 
phoneNumber2: string; ... 4 more ...; id: string; }' is not assignable to type 
'Without<OrganizationUncheckedCreateInput, OrganizationCreateInput>'.
      Types of property 'userId' are incompatible.
        Type 'string' is not assignable to type 'never'.

[7m137[0m             data: {
[7m   [0m [91m            ~~~~[0m

  [96mnode_modules/.prisma/client/index.d.ts[0m:[93m51026[0m:[93m5[0m
    [7m51026[0m     data: XOR<OrganizationCreateInput, OrganizationUncheckedCreateInput>
    [7m     [0m [96m    ~~~~[0m
Found 237 error(s).

    The expected type comes from property 'data' which is declared here on type '{ 
select?: OrganizationSelect<DefaultArgs>; omit?: OrganizationOmit<DefaultArgs>; include?: 
OrganizationInclude<DefaultArgs>; data: (Without<...> & OrganizationUncheckedCreateInput) 
| (Without<...> & OrganizationCreateInput); }'
[96msrc/organization/organization.service.ts[0m:[93m149[0m:[93m19[0m - 
[91merror[0m[90m TS2561: [0mObject literal may only specify known properties, but 
'feature' does not exist in type 'OrganizationFeatureSelect<DefaultArgs>'. Did you mean 
to write 'Feature'?

[7m149[0m                   feature: {
[7m   [0m [91m                  ~~~~~~~[0m
[96msrc/organization/organization.service.ts[0m:[93m182[0m:[93m47[0m - 
[91merror[0m[90m TS2561: [0mObject literal may only specify known properties, but 
'role' does not exist in type 'UserRoleInclude<DefaultArgs>'. Did you mean to write 
'Role'?

[7m182[0m             include: { UserRole: { include: { role: true } } },
[7m   [0m [91m                                              ~~~~[0m
[96msrc/organization/organization.service.ts[0m:[93m195[0m:[93m33[0m - 
[91merror[0m[90m TS2339: [0mProperty 'UserRole' does not exist on type '{ id: string; 
email: string; createdAt: Date; updatedAt: Date; isActive: boolean; password: string; 
userName: string; profileImage: string; }'.

[7m195[0m                   userWithRoles.UserRole[0]?.role.roleName ||
[7m   [0m [91m                                ~~~~~~~~[0m
[96msrc/organization/organization.service.ts[0m:[93m246[0m:[93m7[0m - 
[91merror[0m[90m TS2322: [0mType '{ organizationId: string; branchCode: number; 
branchName: string; email: string; province: string; city: string; contactNumber: string; 
address: string; }' is not assignable to type '(Without<OfficeCreateInput, 
OfficeUncheckedCreateInput> & OfficeUncheckedCreateInput) | (Without<...> & 
OfficeCreateInput)'.
  Type '{ organizationId: string; branchCode: number; branchName: string; email: string; 
province: string; city: string; contactNumber: string; address: string; }' is not 
assignable to type 'Without<OfficeUncheckedCreateInput, OfficeCreateInput> & 
OfficeCreateInput'.
    Type '{ organizationId: string; branchCode: number; branchName: string; email: 
string; province: string; city: string; contactNumber: string; address: string; }' is not 
assignable to type 'Without<OfficeUncheckedCreateInput, OfficeCreateInput>'.
      Types of property 'organizationId' are incompatible.
        Type 'string' is not assignable to type 'never'.

[7m246[0m       data: { ...dto, organizationId, branchCode },
[7m   [0m [91m      ~~~~[0m

  [96mnode_modules/.prisma/client/index.d.ts[0m:[93m49606[0m:[93m5[0m
    [7m49606[0m     data: XOR<OfficeCreateInput, OfficeUncheckedCreateInput>
    [7m     [0m [96m    ~~~~[0m
    The expected type comes from property 'data' which is declared here on type '{ 
select?: OfficeSelect<DefaultArgs>; omit?: OfficeOmit<DefaultArgs>; include?: 
OfficeInclude<DefaultArgs>; data: (Without<...> & OfficeUncheckedCreateInput) | 
(Without<...> & OfficeCreateInput); }'
[96msrc/organization/organization.service.ts[0m:[93m264[0m:[93m7[0m - 
[91merror[0m[90m TS2322: [0mType '{ organizationId: string; bankName?: string; 
bankCode?: string; accountNumber?: string; accountTitle?: string; IBAN?: string; 
branchCode?: string; branch?: string; }' is not assignable to type 
'(Without<OrganizationBankAccountCreateInput, 
OrganizationBankAccountUncheckedCreateInput> & 
OrganizationBankAccountUncheckedCreateInput) | (Without<...> & 
OrganizationBankAccountCreateInput)'.
  Type '{ organizationId: string; bankName?: string; bankCode?: string; accountNumber?: 
string; accountTitle?: string; IBAN?: string; branchCode?: string; branch?: string; }' is 
not assignable to type 'Without<OrganizationBankAccountUncheckedCreateInput, 
OrganizationBankAccountCreateInput> & OrganizationBankAccountCreateInput'.
    Type '{ organizationId: string; bankName?: string; bankCode?: string; accountNumber?: 
string; accountTitle?: string; IBAN?: string; branchCode?: string; branch?: string; }' is 
not assignable to type 'Without<OrganizationBankAccountUncheckedCreateInput, 
OrganizationBankAccountCreateInput>'.
      Types of property 'organizationId' are incompatible.
        Type 'string' is not assignable to type 'never'.

[7m264[0m       data: { ...dto, organizationId },
[7m   [0m [91m      ~~~~[0m

  [96mnode_modules/.prisma/client/index.d.ts[0m:[93m52664[0m:[93m5[0m
    [7m52664[0m     data: XOR<OrganizationBankAccountCreateInput, 
OrganizationBankAccountUncheckedCreateInput>
    [7m     [0m [96m    ~~~~[0m
    The expected type comes from property 'data' which is declared here on type '{ 
select?: OrganizationBankAccountSelect<DefaultArgs>; omit?: 
OrganizationBankAccountOmit<DefaultArgs>; include?: OrganizationBankAccountInclude<...>; 
data: (Without<...> & OrganizationBankAccountUncheckedCreateInput) | (Without<...> & 
OrganizationBankAccountCreateInput); }'
[96msrc/payroll/payroll.service.ts[0m:[93m296[0m:[93m19[0m - [91merror[0m[90m 
TS2353: [0mObject literal may only specify known properties, and 'finances' does not 
exist in type 'requested_guardsSelect<DefaultArgs>'.

[7m296[0m                   finances: true,
[7m   [0m [91m                  ~~~~~~~~[0m
[96msrc/payroll/payroll.service.ts[0m:[93m532[0m:[93m19[0m - [91merror[0m[90m 
TS2353: [0mObject literal may only specify known properties, and 'finances' does not 
exist in type 'requested_guardsSelect<DefaultArgs>'.

[7m532[0m                   finances: true,
[7m   [0m [91m                  ~~~~~~~~[0m
[96msrc/payroll/payroll.service.ts[0m:[93m938[0m:[93m19[0m - [91merror[0m[90m 
TS2561: [0mObject literal may only specify known properties, but 'guardAllowances' does 
not exist in type 'requested_guardsInclude<DefaultArgs>'. Did you mean to write 
'GuardAllowances'?

[7m938[0m                   guardAllowances: true,
[7m   [0m [91m                  ~~~~~~~~~~~~~~~[0m
[96msrc/payroll/payroll.service.ts[0m:[93m1179[0m:[93m19[0m - [91merror[0m[90m 
TS2353: [0mObject literal may only specify known properties, and 'finances' does not 
exist in type 'requested_guardsSelect<DefaultArgs>'.

[7m1179[0m                   finances: true,
[7m    [0m [91m                  ~~~~~~~~[0m

